 cgamex86

 Timestamp is 5de36fd7 (Sun Dec 01 15:46:31 2019)

 Preferred load address is 30000000

 Start         Length     Name                   Class
 0001:00000000 00032afaH .text$mn                CODE
 0002:00000000 000000f8H .idata$5                DATA
 0002:000000f8 00000004H .CRT$XCA                DATA
 0002:000000fc 00000004H .CRT$XCZ                DATA
 0002:00000100 00000004H .CRT$XIA                DATA
 0002:00000104 00000014H .CRT$XIC                DATA
 0002:00000118 00000004H .CRT$XIZ                DATA
 0002:0000011c 00000004H .CRT$XPA                DATA
 0002:00000120 00000008H .CRT$XPX                DATA
 0002:00000128 00000004H .CRT$XPXA               DATA
 0002:0000012c 00000004H .CRT$XPZ                DATA
 0002:00000130 00000004H .CRT$XTA                DATA
 0002:00000134 00000004H .CRT$XTZ                DATA
 0002:00000140 00011a78H .rdata                  DATA
 0002:00011bc0 0000000cH .rdata$sxdata           DATA
 0002:00011bcc 00000004H .rtc$IAA                DATA
 0002:00011bd0 00000004H .rtc$IZZ                DATA
 0002:00011bd4 00000004H .rtc$TAA                DATA
 0002:00011bd8 00000004H .rtc$TZZ                DATA
 0002:00011be0 00000314H .xdata$x                DATA
 0002:00011f00 00000059H .edata                  DATA
 0002:00011f5c 00000014H .idata$2                DATA
 0002:00011f70 00000014H .idata$3                DATA
 0002:00011f84 000000f8H .idata$4                DATA
 0002:0001207c 00000474H .idata$6                DATA
 0003:00000000 00003fa4H .data                   DATA
 0003:00003fc0 002e2030H .bss                    DATA
 0004:00000000 00000058H .rsrc$01                DATA
 0004:00000060 00000180H .rsrc$02                DATA

  Address         Publics by Value              Rva+Base       Lib:Object

 0000:00000000       ___guard_flags             00000000     <absolute>
 0000:00000000       ___guard_fids_count        00000000     <absolute>
 0000:00000000       ___guard_fids_table        00000000     <absolute>
 0000:00000000       __except_list              00000000     <absolute>
 0000:00000003       ___safe_se_handler_count   00000003     <absolute>
 0000:00000000       ___ImageBase               30000000     <linker-defined>
 0001:00000000       _BG_AddPredictableEventToPlayerstate 30001000 f   bg_misc.obj
 0001:00000030       _BG_CanItemBeGrabbed       30001030 f   bg_misc.obj
 0001:000001c0       _BG_EvaluateTrajectory     300011c0 f   bg_misc.obj
 0001:00000360       _BG_EvaluateTrajectoryDelta 30001360 f   bg_misc.obj
 0001:000004b0       _BG_FindItemForHoldable    300014b0 f   bg_misc.obj
 0001:00000500       _BG_FindItemForPowerup     30001500 f   bg_misc.obj
 0001:00000550       _BG_PlayerStateToEntityState 30001550 f   bg_misc.obj
 0001:00000790       _BG_PlayerTouchesItem      30001790 f   bg_misc.obj
 0001:00000820       _BG_TouchJumpPad           30001820 f   bg_misc.obj
 0001:00000980       _PM_AddEvent               30001980 f   bg_pmove.obj
 0001:000009a0       _PM_AddTouchEnt            300019a0 f   bg_pmove.obj
 0001:00001070       _PM_ClipVelocity           30002070 f   bg_pmove.obj
 0001:00002730       _PM_UpdateViewAngles       30003730 f   bg_pmove.obj
 0001:00003170       _Pmove                     30004170 f   bg_pmove.obj
 0001:00003200       _PmoveSingle               30004200 f   bg_pmove.obj
 0001:00003580       _PM_SlideMove              30004580 f   bg_slidemove.obj
 0001:00003db0       _PM_StepSlideMove          30004db0 f   bg_slidemove.obj
 0001:00004100       _AngleNormalize180         30005100 f   q_math.obj
 0001:00004140       _AngleNormalize360         30005140 f   q_math.obj
 0001:00004140       _AngleMod                  30005140 f   q_math.obj
 0001:00004180       _AngleSubtract             30005180 f   q_math.obj
 0001:000041e0       _AngleVectors              300051e0 f   q_math.obj
 0001:000043a0       _AnglesSubtract            300053a0 f   q_math.obj
 0001:00004410       _AnglesToAxis              30005410 f   q_math.obj
 0001:00004470       _AxisClear                 30005470 f   q_math.obj
 0001:000044c0       _AxisCopy                  300054c0 f   q_math.obj
 0001:00004500       _ByteToDir                 30005500 f   q_math.obj
 0001:00004560       _LerpAngle                 30005560 f   q_math.obj
 0001:000045c0       _MatrixMultiply            300055c0 f   q_math.obj
 0001:00004750       _PerpendicularVector       30005750 f   q_math.obj
 0001:00004820       _ProjectPointOnPlane       30005820 f   q_math.obj
 0001:000048d0       _Q_crandom                 300058d0 f   q_math.obj
 0001:00004910       _Q_rand                    30005910 f   q_math.obj
 0001:00004930       _Q_random                  30005930 f   q_math.obj
 0001:00004960       _RotateAroundDirection     30005960 f   q_math.obj
 0001:00004a20       _RotatePointAroundVector   30005a20 f   q_math.obj
 0001:00004c60       _VectorNormalize           30005c60 f   q_math.obj
 0001:00004d20       _VectorNormalize2          30005d20 f   q_math.obj
 0001:00004dd0       _vectoangles               30005dd0 f   q_math.obj
 0001:00004f50       _COM_Parse                 30005f50 f   q_shared.obj
 0001:00004f70       _COM_ParseExt              30005f70 f   q_shared.obj
 0001:000050d0       _COM_StripExtension        300060d0 f   q_shared.obj
 0001:00005100       _Com_sprintf               30006100 f   q_shared.obj
 0001:00005190       _Info_ValueForKey          30006190 f   q_shared.obj
 0001:000052b0       _Q_CleanStr                300062b0 f   q_shared.obj
 0001:00005300       _Q_PrintStrlen             30006300 f   q_shared.obj
 0001:00005340       _Q_strcat                  30006340 f   q_shared.obj
 0001:00005390       _Q_stricmp                 30006390 f   q_shared.obj
 0001:000053c0       _Q_stricmpn                300063c0 f   q_shared.obj
 0001:00005440       _Q_strncpyz                30006440 f   q_shared.obj
 0001:000054a0       _Q_strrchr                 300064a0 f   q_shared.obj
 0001:00005520       _va                        30006520 f   q_shared.obj
 0001:00005560       _ItemParse_model_rotation  30006560 f   ui_shared.obj
 0001:00005590       _Script_SetColor           30006590 f   ui_shared.obj
 0001:00005640       _ItemParse_model_angle     30006640 f   ui_shared.obj
 0001:00005670       _ItemParse_rect            30006670 f   ui_shared.obj
 0001:00005690       _Script_SetAsset           30006690 f   ui_shared.obj
 0001:000056b0       _ItemParse_decoration      300066b0 f   ui_shared.obj
 0001:000056d0       _Script_SetBackground      300066d0 f   ui_shared.obj
 0001:00005710       _ItemParse_notselectable   30006710 f   ui_shared.obj
 0001:00005750       _ItemParse_wrapped         30006750 f   ui_shared.obj
 0001:00005770       _ItemParse_autowrapped     30006770 f   ui_shared.obj
 0001:00005790       _ItemParse_horizontalscroll 30006790 f   ui_shared.obj
 0001:000057b0       _Script_SetTeamColor       300067b0 f   ui_shared.obj
 0001:00005800       _ItemParse_type            30006800 f   ui_shared.obj
 0001:00005840       _Script_SetItemColor       30006840 f   ui_shared.obj
 0001:00005950       _ItemParse_model_fovy      30006950 f   ui_shared.obj
 0001:00005950       _ItemParse_elementheight   30006950 f   ui_shared.obj
 0001:00005980       _ItemParse_elementtype     30006980 f   ui_shared.obj
 0001:000059c0       _ItemParse_columns         300069c0 f   ui_shared.obj
 0001:00005a80       _ItemParse_border          30006a80 f   ui_shared.obj
 0001:00005a80       _MenuParse_border          30006a80 f   ui_shared.obj
 0001:00005aa0       _ItemParse_visible         30006aa0 f   ui_shared.obj
 0001:00005aa0       _MenuParse_visible         30006aa0 f   ui_shared.obj
 0001:00005ae0       _ItemParse_ownerdraw       30006ae0 f   ui_shared.obj
 0001:00005b10       _MenuParse_fadeCycle       30006b10 f   ui_shared.obj
 0001:00005b10       _ItemParse_align           30006b10 f   ui_shared.obj
 0001:00005b30       _ItemParse_textalign       30006b30 f   ui_shared.obj
 0001:00005b50       _Script_Show               30006b50 f   ui_shared.obj
 0001:00005b90       _ItemParse_textaligny      30006b90 f   ui_shared.obj
 0001:00005bb0       _Script_Hide               30006bb0 f   ui_shared.obj
 0001:00005bf0       _ItemParse_textscale       30006bf0 f   ui_shared.obj
 0001:00005c10       _Script_FadeIn             30006c10 f   ui_shared.obj
 0001:00005c50       _ItemParse_textstyle       30006c50 f   ui_shared.obj
 0001:00005c70       _Script_FadeOut            30006c70 f   ui_shared.obj
 0001:00005cb0       _ItemParse_backcolor       30006cb0 f   ui_shared.obj
 0001:00005d00       _Script_Open               30006d00 f   ui_shared.obj
 0001:00005d30       _ItemParse_forecolor       30006d30 f   ui_shared.obj
 0001:00005d90       _Script_ConditionalOpen    30006d90 f   ui_shared.obj
 0001:00005e20       _ItemParse_bordercolor     30006e20 f   ui_shared.obj
 0001:00005e70       _Script_Close              30006e70 f   ui_shared.obj
 0001:00005ea0       _ItemParse_background      30006ea0 f   ui_shared.obj
 0001:00005ea0       _MenuParse_background      30006ea0 f   ui_shared.obj
 0001:00005ee0       _MenuParse_cinematic       30006ee0 f   ui_shared.obj
 0001:00005ee0       _ItemParse_cinematic       30006ee0 f   ui_shared.obj
 0001:00005f00       _ItemParse_doubleClick     30006f00 f   ui_shared.obj
 0001:00005f40       _Script_Transition         30006f40 f   ui_shared.obj
 0001:00005ff0       _ItemParse_onFocus         30006ff0 f   ui_shared.obj
 0001:00006010       _ItemParse_leaveFocus      30007010 f   ui_shared.obj
 0001:00006030       _ItemParse_mouseEnter      30007030 f   ui_shared.obj
 0001:00006050       _ItemParse_mouseExit       30007050 f   ui_shared.obj
 0001:00006070       _ItemParse_mouseEnterText  30007070 f   ui_shared.obj
 0001:00006090       _Script_Orbit              30007090 f   ui_shared.obj
 0001:00006160       _ItemParse_mouseExitText   30007160 f   ui_shared.obj
 0001:00006180       _ItemParse_action          30007180 f   ui_shared.obj
 0001:000061a0       _Script_SetFocus           300071a0 f   ui_shared.obj
 0001:00006220       _ItemParse_special         30007220 f   ui_shared.obj
 0001:00006220       _ItemParse_feeder          30007220 f   ui_shared.obj
 0001:00006240       _Script_SetPlayerModel     30007240 f   ui_shared.obj
 0001:00006270       _ItemParse_cvarTest        30007270 f   ui_shared.obj
 0001:00006290       _ItemParse_cvar            30007290 f   ui_shared.obj
 0001:000062e0       _Script_SetPlayerHead      300072e0 f   ui_shared.obj
 0001:00006310       _ItemParse_maxChars        30007310 f   ui_shared.obj
 0001:00006360       _Script_SetCvar            30007360 f   ui_shared.obj
 0001:000063b0       _Script_Exec               300073b0 f   ui_shared.obj
 0001:000063f0       _ItemParse_maxPaintChars   300073f0 f   ui_shared.obj
 0001:00006440       _Script_Play               30007440 f   ui_shared.obj
 0001:00006480       _ItemParse_cvarFloat       30007480 f   ui_shared.obj
 0001:00006500       _Script_playLooped         30007500 f   ui_shared.obj
 0001:00006540       _ItemParse_cvarStrList     30007540 f   ui_shared.obj
 0001:00006680       _ItemParse_cvarFloatList   30007680 f   ui_shared.obj
 0001:000067b0       _ItemParse_addColorRange   300077b0 f   ui_shared.obj
 0001:00006860       _MenuParse_ownerdrawFlag   30007860 f   ui_shared.obj
 0001:00006860       _ItemParse_ownerdrawFlag   30007860 f   ui_shared.obj
 0001:00006890       _ItemParse_enableCvar      30007890 f   ui_shared.obj
 0001:000068d0       _ItemParse_disableCvar     300078d0 f   ui_shared.obj
 0001:00006910       _ItemParse_showCvar        30007910 f   ui_shared.obj
 0001:00006950       _ItemParse_hideCvar        30007950 f   ui_shared.obj
 0001:00006990       _MenuParse_font            30007990 f   ui_shared.obj
 0001:000069f0       _MenuParse_name            300079f0 f   ui_shared.obj
 0001:00006a30       _MenuParse_fullscreen      30007a30 f   ui_shared.obj
 0001:00006a50       _MenuParse_rect            30007a50 f   ui_shared.obj
 0001:00006a70       _MenuParse_style           30007a70 f   ui_shared.obj
 0001:00006a70       _ItemParse_style           30007a70 f   ui_shared.obj
 0001:00006a90       _MenuParse_onOpen          30007a90 f   ui_shared.obj
 0001:00006ab0       _MenuParse_onClose         30007ab0 f   ui_shared.obj
 0001:00006ad0       _MenuParse_onESC           30007ad0 f   ui_shared.obj
 0001:00006af0       _ItemParse_bordersize      30007af0 f   ui_shared.obj
 0001:00006af0       _MenuParse_borderSize      30007af0 f   ui_shared.obj
 0001:00006b10       _MenuParse_backcolor       30007b10 f   ui_shared.obj
 0001:00006b60       _MenuParse_forecolor       30007b60 f   ui_shared.obj
 0001:00006bb0       _MenuParse_bordercolor     30007bb0 f   ui_shared.obj
 0001:00006c00       _MenuParse_focuscolor      30007c00 f   ui_shared.obj
 0001:00006c50       _MenuParse_disablecolor    30007c50 f   ui_shared.obj
 0001:00006ca0       _MenuParse_outlinecolor    30007ca0 f   ui_shared.obj
 0001:00006ca0       _ItemParse_outlinecolor    30007ca0 f   ui_shared.obj
 0001:00006cc0       _MenuParse_ownerdraw       30007cc0 f   ui_shared.obj
 0001:00006ce0       _MenuParse_popup           30007ce0 f   ui_shared.obj
 0001:00006d00       _MenuParse_outOfBounds     30007d00 f   ui_shared.obj
 0001:00006d20       _ItemParse_text            30007d20 f   ui_shared.obj
 0001:00006d20       _MenuParse_soundLoop       30007d20 f   ui_shared.obj
 0001:00006d40       _MenuParse_fadeClamp       30007d40 f   ui_shared.obj
 0001:00006d60       _ItemParse_textalignx      30007d60 f   ui_shared.obj
 0001:00006d60       _MenuParse_fadeAmount      30007d60 f   ui_shared.obj
 0001:00006d80       _MenuParse_itemDef         30007d80 f   ui_shared.obj
 0001:00006e10       _ItemParse_name            30007e10 f   ui_shared.obj
 0001:00006e30       _ItemParse_focusSound      30007e30 f   ui_shared.obj
 0001:00006e80       _ItemParse_group           30007e80 f   ui_shared.obj
 0001:00006ea0       _ItemParse_asset_model     30007ea0 f   ui_shared.obj
 0001:00006f00       _ItemParse_asset_shader    30007f00 f   ui_shared.obj
 0001:00006f40       _ItemParse_model_origin    30007f40 f   ui_shared.obj
 0001:00006fa0       _ItemParse_model_fovx      30007fa0 f   ui_shared.obj
 0001:00006fa0       _ItemParse_elementwidth    30007fa0 f   ui_shared.obj
 0001:00006fd0       _Color_Parse               30007fd0 f   ui_shared.obj
 0001:00007050       _Float_Parse               30008050 f   ui_shared.obj
 0001:00007090       _Int_Parse                 30008090 f   ui_shared.obj
 0001:000070d0       _Item_Init                 300080d0 f   ui_shared.obj
 0001:00007100       _Item_InitControls         30008100 f   ui_shared.obj
 0001:00007140       _Item_Parse                30008140 f   ui_shared.obj
 0001:00007260       _Item_RunScript            30008260 f   ui_shared.obj
 0001:00007380       _Item_SetScreenCoords      30008380 f   ui_shared.obj
 0001:000073f0       _Item_UpdatePosition       300083f0 f   ui_shared.obj
 0001:00007440       _Item_ValidateTypeData     30008440 f   ui_shared.obj
 0001:00007520       _KeywordHash_Find          30008520 f   ui_shared.obj
 0001:00007570       _KeywordHash_Key           30008570 f   ui_shared.obj
 0001:000075c0       _Menu_ClearFocus           300085c0 f   ui_shared.obj
 0001:000076a0       _Menu_FadeItemByName       300086a0 f   ui_shared.obj
 0001:00007700       _Menu_FindItemByName       30008700 f   ui_shared.obj
 0001:00007760       _Menu_GetFocused           30008760 f   ui_shared.obj
 0001:000077a0       _Menu_GetMatchingItemByNumber 300087a0 f   ui_shared.obj
 0001:00007820       _Menu_ItemsMatchingGroup   30008820 f   ui_shared.obj
 0001:00007890       _Menu_OrbitItemByName      30008890 f   ui_shared.obj
 0001:00007960       _Menu_ShowItemByName       30008960 f   ui_shared.obj
 0001:000079d0       _Menu_TransitionItemByName 300089d0 f   ui_shared.obj
 0001:00007ae0       _Menus_Activate            30008ae0 f   ui_shared.obj
 0001:00007b50       _Menus_ActivateByName      30008b50 f   ui_shared.obj
 0001:00007be0       _Menus_CloseByName         30008be0 f   ui_shared.obj
 0001:00007c10       _Menus_FindByName          30008c10 f   ui_shared.obj
 0001:00007c60       _Menus_OpenByName          30008c60 f   ui_shared.obj
 0001:00007c70       _PC_Color_Parse            30008c70 f   ui_shared.obj
 0001:00007cc0       _PC_Float_Parse            30008cc0 f   ui_shared.obj
 0001:00007d80       _PC_Int_Parse              30008d80 f   ui_shared.obj
 0001:00007e30       _PC_Rect_Parse             30008e30 f   ui_shared.obj
 0001:00007e90       _PC_Script_Parse           30008e90 f   ui_shared.obj
 0001:00007fe0       _PC_SourceError            30008fe0 f   ui_shared.obj
 0001:00008060       _PC_String_Parse           30009060 f   ui_shared.obj
 0001:000080d0       _Rect_Parse                300090d0 f   ui_shared.obj
 0001:00008130       _String_Alloc              30009130 f   ui_shared.obj
 0001:00008240       _String_Parse              30009240 f   ui_shared.obj
 0001:00008280       _UI_Alloc                  30009280 f   ui_shared.obj
 0001:00008310       _Window_Init               30009310 f   ui_shared.obj
 0001:000083b0       _CG_TargetCommand_f        300093b0 f   cg_consolecmds.obj
 0001:000087a0       _CG_ConsoleCommand         300097a0 f   cg_consolecmds.obj
 0001:000087e0       _CG_InitConsoleCommands    300097e0 f   cg_consolecmds.obj
 0001:00008920       _CG_AddLagometerFrameInfo  30009920 f   cg_draw.obj
 0001:00008950       _CG_AddLagometerSnapshotInfo 30009950 f   cg_draw.obj
 0001:000089b0       _CG_CenterPrint            300099b0 f   cg_draw.obj
 0001:00008af0       _CG_Draw3DModel            30009af0 f   cg_draw.obj
 0001:00008c30       _CG_DrawActive             30009c30 f   cg_draw.obj
 0001:00009610       _CG_DrawFlagModel          3000a610 f   cg_draw.obj
 0001:000098d0       _CG_DrawHead               3000a8d0 f   cg_draw.obj
 0001:0000b3e0       _CG_DrawTeamBackground     3000c3e0 f   cg_draw.obj
 0001:0000c0f0       _CG_AdjustFrom640          3000d0f0 f   cg_drawtools.obj
 0001:0000c150       _CG_ColorForHealth         3000d150 f   cg_drawtools.obj
 0001:0000c180       _CG_DrawBigString          3000d180 f   cg_drawtools.obj
 0001:0000c1e0       _CG_DrawBigStringColor     3000d1e0 f   cg_drawtools.obj
 0001:0000c210       _CG_DrawChar               3000d210 f   cg_drawtools.obj
 0001:0000c320       _CG_DrawPic                3000d320 f   cg_drawtools.obj
 0001:0000c3a0       _CG_DrawSmallString        3000d3a0 f   cg_drawtools.obj
 0001:0000c400       _CG_DrawSmallStringColor   3000d400 f   cg_drawtools.obj
 0001:0000c430       _CG_DrawStringExt          3000d430 f   cg_drawtools.obj
 0001:0000c590       _CG_DrawStrlen             3000d590 f   cg_drawtools.obj
 0001:0000c5d0       _CG_FadeColor              3000d5d0 f   cg_drawtools.obj
 0001:0000c650       _CG_FillRect               3000d650 f   cg_drawtools.obj
 0001:0000c6e0       _CG_GetColorForHealth      3000d6e0 f   cg_drawtools.obj
 0001:0000c7c0       _CG_TileClear              3000d7c0 f   cg_drawtools.obj
 0001:0000c930       _UI_DrawProportionalString 3000d930 f   cg_drawtools.obj
 0001:0000cd20       _UI_ProportionalSizeScale  3000dd20 f   cg_drawtools.obj
 0001:0000cd40       _UI_ProportionalStringWidth 3000dd40 f   cg_drawtools.obj
 0001:0000cd80       _CG_Bleed                  3000dd80 f   cg_effects.obj
 0001:0000ce30       _CG_BubbleTrail            3000de30 f   cg_effects.obj
 0001:0000d160       _CG_GibPlayer              3000e160 f   cg_effects.obj
 0001:0000db00       _CG_LaunchGib              3000eb00 f   cg_effects.obj
 0001:0000dbf0       _CG_MakeExplosion          3000ebf0 f   cg_effects.obj
 0001:0000ddc0       _CG_ScorePlum              3000edc0 f   cg_effects.obj
 0001:0000df20       _CG_SmokePuff              3000ef20 f   cg_effects.obj
 0001:0000e0c0       _CG_SpawnEffect            3000f0c0 f   cg_effects.obj
 0001:0000e2a0       _CG_AddPacketEntities      3000f2a0 f   cg_ents.obj
 0001:0000e400       _CG_AdjustPositionForMover 3000f400 f   cg_ents.obj
 0001:0000e520       _CG_Beam                   3000f520 f   cg_ents.obj
 0001:0000f520       _CG_PositionEntityOnTag    30010520 f   cg_ents.obj
 0001:0000f670       _CG_PositionRotatedEntityOnTag 30010670 f   cg_ents.obj
 0001:0000f7c0       _CG_SetEntitySoundPosition 300107c0 f   cg_ents.obj
 0001:0000f9d0       _CG_CheckEvents            300109d0 f   cg_event.obj
 0001:0000fa60       _CG_EntityEvent            30010a60 f   cg_event.obj
 0001:000112b0       _CG_PainEvent              300122b0 f   cg_event.obj
 0001:00011320       _CG_PlaceString            30012320 f   cg_event.obj
 0001:000114c0       _CG_DrawInformation        300124c0 f   cg_info.obj
 0001:00011970       _CG_LoadingClient          30012970 f   cg_info.obj
 0001:00011b10       _CG_LoadingItem            30012b10 f   cg_info.obj
 0001:00011b60       _CG_LoadingString          30012b60 f   cg_info.obj
 0001:00011c50       _CG_AddFadeRGB             30012c50 f   cg_localents.obj
 0001:00011db0       _CG_AddFragment            30012db0 f   cg_localents.obj
 0001:00011fe0       _CG_AddLocalEntities       30012fe0 f   cg_localents.obj
 0001:000122e0       _CG_AddScorePlum           300132e0 f   cg_localents.obj
 0001:000127c0       _CG_AllocLocalEntity       300137c0 f   cg_localents.obj
 0001:00012820       _CG_BloodTrail             30013820 f   cg_localents.obj
 0001:00012910       _CG_FragmentBounceMark     30013910 f   cg_localents.obj
 0001:00012a30       _CG_FragmentBounceSound    30013a30 f   cg_localents.obj
 0001:00012a90       _CG_FreeLocalEntity        30013a90 f   cg_localents.obj
 0001:00012ad0       _CG_InitLocalEntities      30013ad0 f   cg_localents.obj
 0001:00012b30       _CG_ReflectVelocity        30013b30 f   cg_localents.obj
 0001:00012c80       _CG_Argv                   30013c80 f   cg_main.obj
 0001:00012ca0       _CG_BuildSpectatorString   30013ca0 f   cg_main.obj
 0001:00012d20       _CG_ConfigString           30013d20 f   cg_main.obj
 0001:00012d50       _CG_CrosshairPlayer        30013d50 f   cg_main.obj
 0001:00012d70       _CG_Error                  30013d70 f   cg_main.obj
 0001:00012df0       _CG_Init                   30013df0 f   cg_main.obj
 0001:00013030       _CG_LastAttacker           30014030 f   cg_main.obj
 0001:00013050       _CG_Printf                 30014050 f   cg_main.obj
 0001:00013100       _CG_RegisterCvars          30014100 f   cg_main.obj
 0001:00014140       _CG_StartMusic             30015140 f   cg_main.obj
 0001:000141c0       _CG_UpdateCvars            300151c0 f   cg_main.obj
 0001:00014250       _Com_Error                 30015250 f   cg_main.obj
 0001:000142a0       _Com_Printf                300152a0 f   cg_main.obj
 0001:000142f0       _vmMain                    300152f0 f   cg_main.obj
 0001:00014380       _CG_AddMarks               30015380 f   cg_marks.obj
 0001:00014520       _CG_AddParticleToScene     30015520 f   cg_marks.obj
 0001:00016300       _CG_AddParticles           30017300 f   cg_marks.obj
 0001:000166a0       _CG_AllocMark              300176a0 f   cg_marks.obj
 0001:00016710       _CG_ClearParticles         30017710 f   cg_marks.obj
 0001:00016820       _CG_FreeMarkPoly           30017820 f   cg_marks.obj
 0001:00016860       _CG_ImpactMark             30017860 f   cg_marks.obj
 0001:00016ca0       _CG_InitMarkPolys          30017ca0 f   cg_marks.obj
 0001:00016d00       _CG_ParticleExplosion      30017d00 f   cg_marks.obj
 0001:00016f10       _CG_AddRefEntityWithPowerups 30017f10 f   cg_players.obj
 0001:00017160       _CG_CustomSound            30018160 f   cg_players.obj
 0001:00017850       _CG_LoadDeferredPlayers    30018850 f   cg_players.obj
 0001:000178b0       _CG_NewClientInfo          300188b0 f   cg_players.obj
 0001:00018350       _CG_Player                 30019350 f   cg_players.obj
 0001:00019b00       _CG_ResetPlayerEntity      3001ab00 f   cg_players.obj
 0001:0001a400       _CG_CheckAmmo              3001b400 f   cg_playerstate.obj
 0001:0001a4a0       _CG_CheckLocalSounds       3001b4a0 f   cg_playerstate.obj
 0001:0001a840       _CG_CheckPlayerstateEvents 3001b840 f   cg_playerstate.obj
 0001:0001a910       _CG_DamageFeedback         3001b910 f   cg_playerstate.obj
 0001:0001ac80       _CG_Respawn                3001bc80 f   cg_playerstate.obj
 0001:0001acb0       _CG_TransitionPlayerState  3001bcb0 f   cg_playerstate.obj
 0001:0001ade0       _CG_BuildSolidList         3001bde0 f   cg_predict.obj
 0001:0001b240       _CG_PointContents          3001c240 f   cg_predict.obj
 0001:0001b2c0       _CG_PredictPlayerState     3001c2c0 f   cg_predict.obj
 0001:0001bae0       _CG_Trace                  3001cae0 f   cg_predict.obj
 0001:0001c050       _CG_DrawOldScoreboard      3001d050 f   cg_scoreboard.obj
 0001:0001c4e0       _CG_DrawOldTourneyScoreboard 3001d4e0 f   cg_scoreboard.obj
 0001:0001cbc0       _CG_ExecuteNewServerCommands 3001dbc0 f   cg_servercmds.obj
 0001:0001ce60       _CG_ParseServerinfo        3001de60 f   cg_servercmds.obj
 0001:0001d0b0       _CG_PlayBufferedVoiceChats 3001e0b0 f   cg_servercmds.obj
 0001:0001d5b0       _CG_SetConfigValues        3001e5b0 f   cg_servercmds.obj
 0001:0001d630       _CG_ShaderStateChanged     3001e630 f   cg_servercmds.obj
 0001:0001d750       _CG_ProcessSnapshots       3001e750 f   cg_snapshot.obj
 0001:0001d980       _CG_SetInitialSnapshot     3001e980 f   cg_snapshot.obj
 0001:0001dd30       _PASSFLOAT                 3001ed30 f   cg_syscalls.obj
 0001:0001dd50       _dllEntry                  3001ed50 f   cg_syscalls.obj
 0001:0001dd60       _trap_AddCommand           3001ed60 f   cg_syscalls.obj
 0001:0001dd80       _trap_Argc                 3001ed80 f   cg_syscalls.obj
 0001:0001dd90       _trap_Args                 3001ed90 f   cg_syscalls.obj
 0001:0001ddb0       _trap_Argv                 3001edb0 f   cg_syscalls.obj
 0001:0001ddd0       _trap_CM_BoxTrace          3001edd0 f   cg_syscalls.obj
 0001:0001de00       _trap_CM_InlineModel       3001ee00 f   cg_syscalls.obj
 0001:0001de20       _trap_CM_LoadMap           3001ee20 f   cg_syscalls.obj
 0001:0001de40       _trap_CM_MarkFragments     3001ee40 f   cg_syscalls.obj
 0001:0001de70       _trap_CM_NumInlineModels   3001ee70 f   cg_syscalls.obj
 0001:0001de80       _trap_CM_PointContents     3001ee80 f   cg_syscalls.obj
 0001:0001dea0       _trap_CM_TempBoxModel      3001eea0 f   cg_syscalls.obj
 0001:0001dec0       _trap_CM_TransformedBoxTrace 3001eec0 f   cg_syscalls.obj
 0001:0001def0       _trap_CM_TransformedPointContents 3001eef0 f   cg_syscalls.obj
 0001:0001df10       _trap_Cvar_Register        3001ef10 f   cg_syscalls.obj
 0001:0001df30       _trap_Cvar_Set             3001ef30 f   cg_syscalls.obj
 0001:0001df50       _trap_Cvar_Update          3001ef50 f   cg_syscalls.obj
 0001:0001df70       _trap_Cvar_VariableStringBuffer 3001ef70 f   cg_syscalls.obj
 0001:0001df90       _trap_Error                3001ef90 f   cg_syscalls.obj
 0001:0001dfb0       _trap_FS_FCloseFile        3001efb0 f   cg_syscalls.obj
 0001:0001dfd0       _trap_FS_FOpenFile         3001efd0 f   cg_syscalls.obj
 0001:0001dff0       _trap_FS_Read              3001eff0 f   cg_syscalls.obj
 0001:0001e010       _trap_GetCurrentCmdNumber  3001f010 f   cg_syscalls.obj
 0001:0001e020       _trap_GetCurrentSnapshotNumber 3001f020 f   cg_syscalls.obj
 0001:0001e040       _trap_GetGameState         3001f040 f   cg_syscalls.obj
 0001:0001e060       _trap_GetGlconfig          3001f060 f   cg_syscalls.obj
 0001:0001e080       _trap_GetServerCommand     3001f080 f   cg_syscalls.obj
 0001:0001e0a0       _trap_GetSnapshot          3001f0a0 f   cg_syscalls.obj
 0001:0001e0c0       _trap_GetUserCmd           3001f0c0 f   cg_syscalls.obj
 0001:0001e0e0       _trap_MemoryRemaining      3001f0e0 f   cg_syscalls.obj
 0001:0001e0f0       _trap_Milliseconds         3001f0f0 f   cg_syscalls.obj
 0001:0001e100       _trap_PC_ReadToken         3001f100 f   cg_syscalls.obj
 0001:0001e120       _trap_PC_SourceFileAndLine 3001f120 f   cg_syscalls.obj
 0001:0001e140       _trap_Print                3001f140 f   cg_syscalls.obj
 0001:0001e160       _trap_R_AddLightToScene    3001f160 f   cg_syscalls.obj
 0001:0001e1d0       _trap_R_AddPolyToScene     3001f1d0 f   cg_syscalls.obj
 0001:0001e1f0       _trap_R_AddRefEntityToScene 3001f1f0 f   cg_syscalls.obj
 0001:0001e210       _trap_R_ClearScene         3001f210 f   cg_syscalls.obj
 0001:0001e220       _trap_R_DrawStretchPic     3001f220 f   cg_syscalls.obj
 0001:0001e2e0       _trap_R_LerpTag            3001f2e0 f   cg_syscalls.obj
 0001:0001e320       _trap_R_LoadWorldMap       3001f320 f   cg_syscalls.obj
 0001:0001e340       _trap_R_ModelBounds        3001f340 f   cg_syscalls.obj
 0001:0001e360       _trap_R_RegisterModel      3001f360 f   cg_syscalls.obj
 0001:0001e380       _trap_R_RegisterShader     3001f380 f   cg_syscalls.obj
 0001:0001e3a0       _trap_R_RegisterShaderNoMip 3001f3a0 f   cg_syscalls.obj
 0001:0001e3c0       _trap_R_RegisterSkin       3001f3c0 f   cg_syscalls.obj
 0001:0001e3e0       _trap_R_RemapShader        3001f3e0 f   cg_syscalls.obj
 0001:0001e400       _trap_R_RenderScene        3001f400 f   cg_syscalls.obj
 0001:0001e420       _trap_R_SetColor           3001f420 f   cg_syscalls.obj
 0001:0001e440       _trap_S_AddLoopingSound    3001f440 f   cg_syscalls.obj
 0001:0001e460       _trap_S_AddRealLoopingSound 3001f460 f   cg_syscalls.obj
 0001:0001e480       _trap_S_ClearLoopingSounds 3001f480 f   cg_syscalls.obj
 0001:0001e4a0       _trap_S_RegisterSound      3001f4a0 f   cg_syscalls.obj
 0001:0001e4c0       _trap_S_Respatialize       3001f4c0 f   cg_syscalls.obj
 0001:0001e4e0       _trap_S_StartBackgroundTrack 3001f4e0 f   cg_syscalls.obj
 0001:0001e500       _trap_S_StartLocalSound    3001f500 f   cg_syscalls.obj
 0001:0001e520       _trap_S_StartSound         3001f520 f   cg_syscalls.obj
 0001:0001e540       _trap_S_StopLoopingSound   3001f540 f   cg_syscalls.obj
 0001:0001e560       _trap_S_UpdateEntityPosition 3001f560 f   cg_syscalls.obj
 0001:0001e580       _trap_SendClientCommand    3001f580 f   cg_syscalls.obj
 0001:0001e5a0       _trap_SendConsoleCommand   3001f5a0 f   cg_syscalls.obj
 0001:0001e5c0       _trap_SetUserCmdValue      3001f5c0 f   cg_syscalls.obj
 0001:0001e5f0       _trap_SnapVector           3001f5f0 f   cg_syscalls.obj
 0001:0001e610       _trap_UpdateScreen         3001f610 f   cg_syscalls.obj
 0001:0001e620       _CG_AddBufferedSound       3001f620 f   cg_view.obj
 0001:0001ef10       _CG_DrawActiveFrame        3001ff10 f   cg_view.obj
 0001:0001fa00       _CG_TestGun_f              30020a00 f   cg_view.obj
 0001:0001fa20       _CG_TestModelNextFrame_f   30020a20 f   cg_view.obj
 0001:0001fa40       _CG_TestModelNextSkin_f    30020a40 f   cg_view.obj
 0001:0001fa60       _CG_TestModelPrevFrame_f   30020a60 f   cg_view.obj
 0001:0001fa90       _CG_TestModelPrevSkin_f    30020a90 f   cg_view.obj
 0001:0001fac0       _CG_TestModel_f            30020ac0 f   cg_view.obj
 0001:0001fc20       _CG_ZoomDown_f             30020c20 f   cg_view.obj
 0001:0001fc40       _CG_ZoomUp_f               30020c40 f   cg_view.obj
 0001:0001fc60       _CG_AddPlayerWeapon        30020c60 f   cg_weapons.obj
 0001:000200b0       _CG_AddViewWeapon          300210b0 f   cg_weapons.obj
 0001:000203e0       _CG_Bullet                 300213e0 f   cg_weapons.obj
 0001:000208f0       _CG_DrawWeaponSelect       300218f0 f   cg_weapons.obj
 0001:00020ae0       _CG_FireWeapon             30021ae0 f   cg_weapons.obj
 0001:00020bb0       _CG_GrappleTrail           30021bb0 f   cg_weapons.obj
 0001:000215e0       _CG_MissileHitPlayer       300225e0 f   cg_weapons.obj
 0001:00021620       _CG_MissileHitWall         30022620 f   cg_weapons.obj
 0001:00021a40       _CG_NextWeapon_f           30022a40 f   cg_weapons.obj
 0001:00021ab0       _CG_OutOfAmmoChange        30022ab0 f   cg_weapons.obj
 0001:00021f30       _CG_PrevWeapon_f           30022f30 f   cg_weapons.obj
 0001:00021fb0       _CG_RailTrail              30022fb0 f   cg_weapons.obj
 0001:00022530       _CG_RegisterItemVisuals    30023530 f   cg_weapons.obj
 0001:000225f0       _CG_RegisterWeapon         300235f0 f   cg_weapons.obj
 0001:00023310       _CG_ShotgunFire            30024310 f   cg_weapons.obj
 0001:00023760       _CG_Tracer                 30024760 f   cg_weapons.obj
 0001:00023bb0       _CG_Weapon_f               30024bb0 f   cg_weapons.obj
 0001:00023c0c       @__security_check_cookie@4 30024c0c f   LIBCMT:secchk.obj
 0001:00023c20       __libm_sse2_cos_precise    30024c20 f   LIBCMT:cos_sse2_precise.obj
 0001:00023de0       __libm_sse2_sin_precise    30024de0 f   LIBCMT:sin_sse2_precise.obj
 0001:00023fa8       __fpmath                   30024fa8 f   LIBCMT:fpinit.obj
 0001:00023fbf       __cfltcvt_init             30024fbf f   LIBCMT:fpinit.obj
 0001:00024020       __libm_sse2_sqrt_precise   30025020 f   LIBCMT:sqrt_sse2_precise.obj
 0001:00024120       _memset                    30025120 f   LIBCMT:memset.obj
 0001:000241b0       _atan2                     300251b0 f   LIBCMT:87ctriga.obj
 0001:000241ba       __CIatan2                  300251ba f   LIBCMT:87ctriga.obj
 0001:000241c4       ___raise_securityfailure   300251c4 f   LIBCMT:gs_report.obj
 0001:00024201       ___report_gsfailure        30025201 f   LIBCMT:gs_report.obj
 0001:000242fc       ___report_rangecheckfailure 300252fc f   LIBCMT:gs_report.obj
 0001:00024308       ___report_securityfailure  30025308 f   LIBCMT:gs_report.obj
 0001:000243d8       ??0_LocaleUpdate@@QAE@PAUlocaleinfo_struct@@@Z 300253d8 f i LIBCMT:atof.obj
 0001:00024460       __atof_l                   30025460 f   LIBCMT:atof.obj
 0001:000244fe       _atof                      300254fe f   LIBCMT:atof.obj
 0001:0002450f       __vsprintf_l               3002550f f   LIBCMT:vsprintf.obj
 0001:00024593       _vsprintf                  30025593 f   LIBCMT:vsprintf.obj
 0001:000245b0       _strchr                    300255b0 f   LIBCMT:strchr.obj
 0001:0002461e       ___from_strstr_to_strchr   3002561e     LIBCMT:strchr.obj
 0001:000246e0       _strncpy                   300256e0 f   LIBCMT:strncpy.obj
 0001:00024804       __tolower_l                30025804 f   LIBCMT:tolower.obj
 0001:00024947       _tolower                   30025947 f   LIBCMT:tolower.obj
 0001:00024980       __alloca_probe             30025980 f   LIBCMT:chkstk.obj
 0001:00024980       __chkstk                   30025980 f   LIBCMT:chkstk.obj
 0001:000249b0       _memmove                   300259b0 f   LIBCMT:memmove.obj
 0001:00024ff4       _atoi                      30025ff4 f   LIBCMT:atox.obj
 0001:00024ffd       _atol                      30025ffd f   LIBCMT:atox.obj
 0001:00025011       _rand                      30026011 f   LIBCMT:rand.obj
 0001:00025040       _memcpy                    30026040 f   LIBCMT:memcpy.obj
 0001:00025690       _floor                     30026690 f   LIBCMT:floor_pentium4.obj
 0001:000256d0       __floor_pentium4           300266d0 f   LIBCMT:floor_pentium4.obj
 0001:000257c0       __libm_sse2_acos_precise   300267c0 f   LIBCMT:acos_sse2_precise.obj
 0001:00025ce0       _strstr                    30026ce0 f   LIBCMT:strstr.obj
 0001:00025f50       __libm_sse2_tan_precise    30026f50 f   LIBCMT:tan_sse2_precise.obj
 0001:000261c0       __CRT_INIT@12              300271c0 f   LIBCMT:dllcrt0.obj
 0001:00026332       __DllMainCRTStartup@12     30027332 f   LIBCMT:dllcrt0.obj
 0001:00026463       ___DllXcptFilter           30027463 f   LIBCMT:dllcrt0.obj
 0001:00026490       _cos                       30027490 f   LIBCMT:cos.obj
 0001:000264d0       __CIcos                    300274d0 f   LIBCMT:cos.obj
 0001:0002650b       __CIcos_default            3002750b f   LIBCMT:cos.obj
 0001:0002651f       __cos_default              3002751f     LIBCMT:cos.obj
 0001:000265c0       _sin                       300275c0 f   LIBCMT:sin.obj
 0001:00026600       __CIsin                    30027600 f   LIBCMT:sin.obj
 0001:0002663b       __CIsin_default            3002763b f   LIBCMT:sin.obj
 0001:0002664f       __sin_default              3002764f     LIBCMT:sin.obj
 0001:000266e9       __cfltcvt                  300276e9 f   LIBCMT:cvt.obj
 0001:0002670a       __cfltcvt_l                3002770a f   LIBCMT:cvt.obj
 0001:00026790       __cftoa_l                  30027790 f   LIBCMT:cvt.obj
 0001:00026aec       __cftoe                    30027aec f   LIBCMT:cvt.obj
 0001:00026c5b       __cftoe_l                  30027c5b f   LIBCMT:cvt.obj
 0001:00026e15       __cftof_l                  30027e15 f   LIBCMT:cvt.obj
 0001:00026ed6       __cftog_l                  30027ed6 f   LIBCMT:cvt.obj
 0001:00026fd5       __cropzeros                30027fd5 f   LIBCMT:cvt.obj
 0001:00026fe6       __cropzeros_l              30027fe6 f   LIBCMT:cvt.obj
 0001:00027066       __fassign                  30028066 f   LIBCMT:cvt.obj
 0001:0002707e       __fassign_l                3002807e f   LIBCMT:cvt.obj
 0001:000270c0       __forcdecpt                300280c0 f   LIBCMT:cvt.obj
 0001:000270d1       __forcdecpt_l              300280d1 f   LIBCMT:cvt.obj
 0001:00027145       __positive                 30028145 f   LIBCMT:cvt.obj
 0001:00027187       __setdefaultprecision      30028187 f   LIBCMT:fp8.obj
 0001:000271ae       __initp_misc_cfltcvt_tab   300281ae f   LIBCMT:cmiscdat.obj
 0001:000271cd       ___libm_error_support      300281cd f   LIBCMT:libm_error.obj
 0001:000274c0       __CIsqrt                   300284c0 f   LIBCMT:sqrt.obj
 0001:000274d4       _sqrt                      300284d4     LIBCMT:sqrt.obj
 0001:0002757a       __VEC_memset               3002857a f   LIBCMT:p4_memset.obj
 0001:00027642       ___isa_available_init      30028642 f   LIBCMT:cpu_disp.obj
 0001:000277dc       __fFATN2                   300287dc     LIBCMT:87triga.obj
 0001:0002782c       __rtpiby2                  3002882c     LIBCMT:87triga.obj
 0001:00027870       __cintrindisp2             30028870 f   LIBCMT:87cdisp.obj
 0001:000278ae       __cintrindisp1             300288ae f   LIBCMT:87cdisp.obj
 0001:000278eb       __ctrandisp2               300288eb f   LIBCMT:87cdisp.obj
 0001:00027a7a       __ctrandisp1               30028a7a f   LIBCMT:87cdisp.obj
 0001:00027aad       __fload                    30028aad f   LIBCMT:87cdisp.obj
 0001:00027ae9       __crt_debugger_hook        30028ae9 f   LIBCMT:dbghook.obj
 0001:00027af1       ___crtFlsAlloc             30028af1 f   LIBCMT:winapisupp.obj
 0001:00027b0f       ___crtFlsFree              30028b0f f   LIBCMT:winapisupp.obj
 0001:00027b2e       ___crtFlsGetValue          30028b2e f   LIBCMT:winapisupp.obj
 0001:00027b4d       ___crtFlsSetValue          30028b4d f   LIBCMT:winapisupp.obj
 0001:00027b6f       ___crtInitializeCriticalSectionEx 30028b6f f   LIBCMT:winapisupp.obj
 0001:00027b9d       ___crtIsPackagedApp        30028b9d f   LIBCMT:winapisupp.obj
 0001:00027bdd       ___crtLoadWinApiPointers   30028bdd f   LIBCMT:winapisupp.obj
 0001:00027e68       ___crtSleep                30028e68 f   LIBCMT:winapisupp.obj
 0001:00027e76       ___crtTerminateProcess     30028e76 f   LIBCMT:winapisupp.obj
 0001:00027e8b       ___crtUnhandledException   30028e8b f   LIBCMT:winapisupp.obj
 0001:00027ea1       __call_reportfault         30028ea1 f   LIBCMT:invarg.obj
 0001:00027fc6       __initp_misc_invarg        30028fc6 f   LIBCMT:invarg.obj
 0001:00027fd3       __invalid_parameter        30028fd3 f   LIBCMT:invarg.obj
 0001:00027ffe       __invalid_parameter_noinfo 30028ffe f   LIBCMT:invarg.obj
 0001:0002800e       __invoke_watson            3002900e f   LIBCMT:invarg.obj
 0001:00028039       ___doserrno                30029039 f   LIBCMT:dosmap.obj
 0001:0002804c       __dosmaperr                3002904c f   LIBCMT:dosmap.obj
 0001:0002806d       __errno                    3002906d f   LIBCMT:dosmap.obj
 0001:00028080       __get_errno_from_oserr     30029080 f   LIBCMT:dosmap.obj
 0001:000280c1       __fltin2                   300290c1 f   LIBCMT:cfin.obj
 0001:00028168       ___strgtold12_l            30029168 f   LIBCMT:strgtold.obj
 0001:00028910       ___addlocaleref            30029910 f   LIBCMT:localref.obj
 0001:000289a5       ___freetlocinfo            300299a5 f   LIBCMT:localref.obj
 0001:00028aff       ___removelocaleref         30029aff f   LIBCMT:localref.obj
 0001:00028b9f       ___updatetlocinfo          30029b9f f   LIBCMT:localref.obj
 0001:00028c1f       __updatetlocinfoEx_nolock  30029c1f f   LIBCMT:localref.obj
 0001:00028c6a       ___initmbctable            30029c6a f   LIBCMT:mbctype.obj
 0001:00028f21       ___updatetmbcinfo          30029f21 f   LIBCMT:mbctype.obj
 0001:00028fc7       __setmbcp                  30029fc7 f   LIBCMT:mbctype.obj
 0001:0002916f       __setmbcp_nolock           3002a16f f   LIBCMT:mbctype.obj
 0001:0002935a       __isctype_l                3002a35a f   LIBCMT:isctype.obj
 0001:0002940b       __freefls@4                3002a40b f   LIBCMT:tidtable.obj
 0001:00029540       __freeptd                  3002a540 f   LIBCMT:tidtable.obj
 0001:00029576       __getptd                   3002a576 f   LIBCMT:tidtable.obj
 0001:0002958e       __getptd_noexit            3002a58e f   LIBCMT:tidtable.obj
 0001:000295fd       __initptd                  3002a5fd f   LIBCMT:tidtable.obj
 0001:000296b0       __mtinit                   3002a6b0 f   LIBCMT:tidtable.obj
 0001:00029726       __mtterm                   3002a726 f   LIBCMT:tidtable.obj
 0001:00029743       __flsbuf                   3002a743 f   LIBCMT:_flsbuf.obj
 0001:00029892       __output_l                 3002a892 f   LIBCMT:output.obj
 0001:0002a4fe       __isleadbyte_l             3002b4fe f i LIBCMT:_wctype.obj
 0001:0002a538       _isleadbyte                3002b538 f i LIBCMT:_wctype.obj
 0001:0002a74d       ___crtLCMapStringA         3002b74d f   LIBCMT:a_map.obj
 0001:0002a793       __freea                    3002b793 f i LIBCMT:a_map.obj
 0001:0002a7b1       __locterm                  3002b7b1 f   LIBCMT:wsetloca.obj
 0001:0002aa29       _strtol                    3002ba29 f   LIBCMT:strtol.obj
 0001:0002aa53       __sse2_mathfcns_init       3002ba53 f   LIBCMT:mathfcns.obj
 0001:0002aa62       __floor_default            3002ba62 f   LIBCMT:floor.obj
 0001:0002ab40       _acos                      3002bb40 f   LIBCMT:acos.obj
 0001:0002ab80       __CIacos                   3002bb80 f   LIBCMT:acos.obj
 0001:0002abbb       __CIacos_default           3002bbbb f   LIBCMT:acos.obj
 0001:0002abcf       __acos_default             3002bbcf     LIBCMT:acos.obj
 0001:0002ac90       _tan                       3002bc90 f   LIBCMT:tan.obj
 0001:0002acd0       __CItan                    3002bcd0 f   LIBCMT:tan.obj
 0001:0002ad0b       __CItan_default            3002bd0b f   LIBCMT:tan.obj
 0001:0002ad1f       __tan_default              3002bd1f     LIBCMT:tan.obj
 0001:0002adbd       __XcptFilter               3002bdbd f   LIBCMT:winxfltr.obj
 0001:0002af18       ___CppXcptFilter           3002bf18 f   LIBCMT:winxfltr.obj
 0001:0002af36       ___crtCorExitProcess       3002bf36 f   LIBCMT:crt0dat.obj
 0001:0002af6a       ___crtExitProcess          3002bf6a f   LIBCMT:crt0dat.obj
 0001:0002af80       ___freeCrtMemory           3002bf80 f   LIBCMT:crt0dat.obj
 0001:0002b08d       __amsg_exit                3002c08d f   LIBCMT:crt0dat.obj
 0001:0002b0a9       __cexit                    3002c0a9 f   LIBCMT:crt0dat.obj
 0001:0002b0b8       __cinit                    3002c0b8 f   LIBCMT:crt0dat.obj
 0001:0002b13c       __exit                     3002c13c f   LIBCMT:crt0dat.obj
 0001:0002b150       __init_pointers            3002c150 f   LIBCMT:crt0dat.obj
 0001:0002b1be       __initterm_e               3002c1be f   LIBCMT:crt0dat.obj
 0001:0002b1e0       __lockexit                 3002c1e0 f   LIBCMT:crt0dat.obj
 0001:0002b1e9       __unlockexit               3002c1e9 f   LIBCMT:crt0dat.obj
 0001:0002b321       __heap_init                3002c321 f   LIBCMT:heapinit.obj
 0001:0002b336       __heap_term                3002c336 f   LIBCMT:heapinit.obj
 0001:0002b33e       __ioinit                   3002c33e f   LIBCMT:ioinit.obj
 0001:0002b5f2       __ioterm                   3002c5f2 f   LIBCMT:ioinit.obj
 0001:0002b644       __setargv                  3002c644 f   LIBCMT:stdargv.obj
 0001:0002b873       __setenvp                  3002c873 f   LIBCMT:stdenvp.obj
 0001:0002b954       _free                      3002c954 f   LIBCMT:free.obj
 0001:0002b98c       ___security_init_cookie    3002c98c f   LIBCMT:gs_support.obj
 0001:0002ba28       _DllMain@12                3002ca28 f   LIBCMT:dllmain.obj
 0001:0002ba2e       ___crtGetEnvironmentStringsA 3002ca2e f   LIBCMT:a_env.obj
 0001:0002babb       __calloc_crt               3002cabb f   LIBCMT:crtheap.obj
 0001:0002bb03       __malloc_crt               3002cb03 f   LIBCMT:crtheap.obj
 0001:0002bb4a       __realloc_crt              3002cb4a f   LIBCMT:crtheap.obj
 0001:0002bb94       __RTC_Initialize           3002cb94 f   LIBCMT:initsect.obj
 0001:0002bbb4       __RTC_Terminate            3002cbb4 f   LIBCMT:initsect.obj
 0001:0002bbe0       __SEH_prolog4              3002cbe0 f   LIBCMT:sehprolg4.obj
 0001:0002bc25       __SEH_epilog4              3002cc25 f   LIBCMT:sehprolg4.obj
 0001:0002bc40       __except_handler4          3002cc40 f   LIBCMT:chandler4.obj
 0001:0002bde0       __CIcos_pentium4           3002cde0 f   LIBCMT:cos_pentium4.obj
 0001:0002bdf8       __cos_pentium4             3002cdf8     LIBCMT:cos_pentium4.obj
 0001:0002bf90       __trandisp1                3002cf90 f   LIBCMT:87disp.obj
 0001:0002bff7       __trandisp2                3002cff7 f   LIBCMT:87disp.obj
 0001:0002c083       __rttospopde               3002d083     LIBCMT:87disp.obj
 0001:0002c088       __rttospop                 3002d088     LIBCMT:87disp.obj
 0001:0002c08a       __rtnospop                 3002d08a     LIBCMT:87disp.obj
 0001:0002c08c       __rttosnpop                3002d08c     LIBCMT:87disp.obj
 0001:0002c08d       __rtnospopde               3002d08d     LIBCMT:87disp.obj
 0001:0002c094       __rtzeropop                3002d094     LIBCMT:87disp.obj
 0001:0002c096       __rtzeronpop               3002d096     LIBCMT:87disp.obj
 0001:0002c09b       __rtonepop                 3002d09b     LIBCMT:87disp.obj
 0001:0002c09d       __rtonenpop                3002d09d     LIBCMT:87disp.obj
 0001:0002c0a2       __tosnan1                  3002d0a2     LIBCMT:87disp.obj
 0001:0002c0cd       __nosnan2                  3002d0cd     LIBCMT:87disp.obj
 0001:0002c0cf       __tosnan2                  3002d0cf     LIBCMT:87disp.obj
 0001:0002c0f7       __nan2                     3002d0f7     LIBCMT:87disp.obj
 0001:0002c136       __rtindfpop                3002d136     LIBCMT:87disp.obj
 0001:0002c138       __rtindfnpop               3002d138     LIBCMT:87disp.obj
 0001:0002c149       __rttosnpopde              3002d149     LIBCMT:87disp.obj
 0001:0002c153       __rtchsifneg               3002d153     LIBCMT:87disp.obj
 0001:0002c160       __twoToTOS                 3002d160 f   LIBCMT:common.obj
 0001:0002c175       __load_CW                  3002d175 f   LIBCMT:common.obj
 0001:0002c18c       __convertTOStoQNaN         3002d18c f   LIBCMT:common.obj
 0001:0002c1a5       __fload_withFB             3002d1a5 f   LIBCMT:common.obj
 0001:0002c1e8       __checkTOS_withFB          3002d1e8 f   LIBCMT:common.obj
 0001:0002c1fe       __fast_exit                3002d1fe f   LIBCMT:common.obj
 0001:0002c20b       __math_exit                3002d20b f   LIBCMT:common.obj
 0001:0002c235       __check_overflow_exit      3002d235 f   LIBCMT:common.obj
 0001:0002c249       __check_range_exit         3002d249 f   LIBCMT:common.obj
 0001:0002c2f0       __startTwoArgErrorHandling 3002d2f0 f   LIBCMT:genexcep.obj
 0001:0002c307       __startOneArgErrorHandling 3002d307 f   LIBCMT:genexcep.obj
 0001:0002c350       __CIsin_pentium4           3002d350 f   LIBCMT:sin_pentium4.obj
 0001:0002c368       __sin_pentium4             3002d368     LIBCMT:sin_pentium4.obj
 0001:0002c518       __isdigit_l                3002d518 f i LIBCMT:_ctype.obj
 0001:0002c56a       _isdigit                   3002d56a f i LIBCMT:_ctype.obj
 0001:0002c595       _strcpy_s                  3002d595 f   LIBCMT:strcpy_s.obj
 0001:0002c5f0       _strlen                    3002d5f0 f   LIBCMT:strlen.obj
 0001:0002c680       _strrchr                   3002d680 f   LIBCMT:strrchr.obj
 0001:0002c7b7       __fptostr                  3002d7b7 f   LIBCMT:_fptostr.obj
 0001:0002c867       ___crt_atoflt_l            3002d867 f   LIBCMT:atodbl.obj
 0001:0002c90b       __atodbl_l                 3002d90b f   LIBCMT:atodbl.obj
 0001:0002c999       __atoflt_l                 3002d999 f   LIBCMT:atodbl.obj
 0001:0002c9b1       ___dtold                   3002d9b1 f   LIBCMT:cfout.obj
 0001:0002ca79       __fltout2                  3002da79 f   LIBCMT:cfout.obj
 0001:0002cb10       __alldvrm                  3002db10 f   LIBCMT:lldvrm.obj
 0001:0002cbf0       __aullshr                  3002dbf0 f   LIBCMT:ullshr.obj
 0001:0002cc0f       __controlfp_s              3002dc0f f   LIBCMT:contrlfp.obj
 0001:0002cc6c       __fptrap                   3002dc6c f   LIBCMT:crt0fp.obj
 0001:0002cc75       __matherr                  3002dc75 f   LIBCMT:matherr.obj
 0001:0002cc78       __87except                 3002dc78 f   LIBCMT:87except.obj
 0001:0002cd81       __ld12tod                  3002dd81 f   LIBCMT:intrncvt.obj
 0001:0002d2f3       __ld12tof                  3002e2f3 f   LIBCMT:intrncvt.obj
 0001:0002d865       ___mtold12                 3002e865 f   LIBCMT:mantold.obj
 0001:0002da45       __lock                     3002ea45 f   LIBCMT:mlock.obj
 0001:0002da79       __mtdeletelocks            3002ea79 f   LIBCMT:mlock.obj
 0001:0002dacd       __mtinitlocknum            3002eacd f   LIBCMT:mlock.obj
 0001:0002db76       __mtinitlocks              3002eb76 f   LIBCMT:mlock.obj
 0001:0002dbaf       __unlock                   3002ebaf f   LIBCMT:mlock.obj
 0001:0002dbc4       ___free_lconv_mon          3002ebc4 f   LIBCMT:initmon.obj
 0001:0002dcc0       ___free_lconv_num          3002ecc0 f   LIBCMT:initnum.obj
 0001:0002dd27       ___free_lc_time            3002ed27 f   LIBCMT:inittime.obj
 0001:0002e19f       ___crtGetStringTypeA       3002f19f f   LIBCMT:a_str.obj
 0001:0002e1df       ___initstdio               3002f1df f   LIBCMT:_file.obj
 0001:0002e252       ___endstdio                3002f252 f   LIBCMT:_file.obj
 0001:0002e279       ___iob_func                3002f279 f   LIBCMT:_file.obj
 0001:0002e27f       __lock_file                3002f27f f   LIBCMT:_file.obj
 0001:0002e2be       __lock_file2               3002f2be f   LIBCMT:_file.obj
 0001:0002e2ee       __unlock_file              3002f2ee f   LIBCMT:_file.obj
 0001:0002e328       __unlock_file2             3002f328 f   LIBCMT:_file.obj
 0001:0002e355       __fileno                   3002f355 f   LIBCMT:fileno.obj
 0001:0002e379       __isatty                   3002f379 f   LIBCMT:isatty.obj
 0001:0002e3cd       __write                    3002f3cd f   LIBCMT:write.obj
 0001:0002e4bc       __write_nolock             3002f4bc f   LIBCMT:write.obj
 0001:0002ed21       __lseeki64                 3002fd21 f   LIBCMT:lseeki64.obj
 0001:0002ee1d       __lseeki64_nolock          3002fe1d f   LIBCMT:lseeki64.obj
 0001:0002ee90       __getbuf                   3002fe90 f   LIBCMT:_getbuf.obj
 0001:0002eed6       __get_printf_count_output  3002fed6 f   LIBCMT:printf.obj
 0001:0002eeeb       __wctomb_s_l               3002feeb f   LIBCMT:wctomb.obj
 0001:0002f00f       _wctomb_s                  3003000f f   LIBCMT:wctomb.obj
 0001:0002f030       __aulldvrm                 30030030 f   LIBCMT:ulldvrm.obj
 0001:0002f0c5       _malloc                    300300c5 f   LIBCMT:malloc.obj
 0001:0002f157       _GetTableIndexFromLocaleName 30030157 f   LIBCMT:winapinls.obj
 0001:0002f1a5       ___crtDownlevelLocaleNameToLCID 300301a5 f   LIBCMT:winapinls.obj
 0001:0002f1cf       ___crtLCMapStringEx        300301cf f   LIBCMT:winapinls.obj
 0001:0002f21b       ___wcsnicmp_ascii          3003021b f   LIBCMT:winapinls.obj
 0001:0002f290       __alloca_probe_16          30030290 f   LIBCMT:alloca16.obj
 0001:0002f2a6       __alloca_probe_8           300302a6     LIBCMT:alloca16.obj
 0001:0002f2bc       _wcscat_s                  300302bc f   LIBCMT:wcscat_s.obj
 0001:0002f328       _wcscpy_s                  30030328 f   LIBCMT:wcscpy_s.obj
 0001:0002f384       _wcslen                    30030384 f   LIBCMT:wcslen.obj
 0001:0002f39d       _wcsncpy_s                 3003039d f   LIBCMT:wcsncpy_s.obj
 0001:0002f460       __allmul                   30030460 f   LIBCMT:llmul.obj
 0001:0002f494       __frnd                     30030494 f   LIBCMT:frnd.obj
 0001:0002f4a8       __errcode                  300304a8 f   LIBCMT:fpexcept.obj
 0001:0002f4da       __except1                  300304da f   LIBCMT:fpexcept.obj
 0001:0002f5a2       __handle_exc               300305a2 f   LIBCMT:fpexcept.obj
 0001:0002f780       __handle_qnan1             30030780 f   LIBCMT:fpexcept.obj
 0001:0002f7d0       __raise_exc                300307d0 f   LIBCMT:fpexcept.obj
 0001:0002f7f1       __raise_exc_ex             300307f1 f   LIBCMT:fpexcept.obj
 0001:0002fad6       __set_errno_from_matherr   30030ad6 f   LIBCMT:fpexcept.obj
 0001:0002fb03       __umatherr                 30030b03 f   LIBCMT:fpexcept.obj
 0001:0002fba3       __decomp                   30030ba3 f   LIBCMT:util.obj
 0001:0002fc75       __set_exp                  30030c75 f   LIBCMT:util.obj
 0001:0002fca4       __sptype                   30030ca4 f   LIBCMT:util.obj
 0001:0002fcff       ___set_fpsr_sse2           30030cff f   LIBCMT:fpctrl.obj
 0001:0002fd75       __clrfp                    30030d75 f   LIBCMT:fpctrl.obj
 0001:0002fd86       __ctrlfp                   30030d86 f   LIBCMT:fpctrl.obj
 0001:0002fdb1       __set_statfp               30030db1 f   LIBCMT:fpctrl.obj
 0001:0002fe09       __statfp                   30030e09 f   LIBCMT:fpctrl.obj
 0001:0002fe20       __CIacos_pentium4          30030e20 f   LIBCMT:acos_pentium4.obj
 0001:0002fe38       __acos_pentium4            30030e38     LIBCMT:acos_pentium4.obj
 0001:00030380       __CItan_pentium4           30031380 f   LIBCMT:tan_pentium4.obj
 0001:00030398       __tan_pentium4             30031398     LIBCMT:tan_pentium4.obj
 0001:000305e0       __FF_MSGBANNER             300315e0 f   LIBCMT:crt0msg.obj
 0001:00030619       __GET_RTERRMSG             30031619 f   LIBCMT:crt0msg.obj
 0001:0003063d       __NMSG_WRITE               3003163d f   LIBCMT:crt0msg.obj
 0001:00030800       __FindPESection            30031800 f   LIBCMT:pesect.obj
 0001:00030850       __IsNonwritableInCurrentImage 30031850 f   LIBCMT:pesect.obj
 0001:00030910       __ValidateImageBase        30031910 f   LIBCMT:pesect.obj
 0001:00030941       ___onexitinit              30031941 f   LIBCMT:onexit.obj
 0001:00030970       __onexit                   30031970 f   LIBCMT:onexit.obj
 0001:00030a6c       _atexit                    30031a6c f   LIBCMT:onexit.obj
 0001:00030a81       ?terminate@@YAXXZ          30031a81 f   LIBCMT:hooks.obj
 0001:00030ab5       __initp_eh_hooks           30031ab5 f   LIBCMT:hooks.obj
 0001:00030ac6       __callnewh                 30031ac6 f   LIBCMT:handler.obj
 0001:00030aec       __initp_heap_handler       30031aec f   LIBCMT:handler.obj
 0001:00030af9       __initp_misc_purevirt      30031af9 f   LIBCMT:inithelp.obj
 0001:00030b06       ___get_sigabrt             30031b06 f   LIBCMT:winsig.obj
 0001:00030b13       __initp_misc_winsig        30031b13 f   LIBCMT:winsig.obj
 0001:00030b2f       _raise                     30031b2f f   LIBCMT:winsig.obj
 0001:00030d24       __initp_misc_rand_s        30031d24 f   LIBCMT:rand_s.obj
 0001:00030d40       __local_unwind4            30031d40 f   LIBCMT:exsup4.obj
 0001:00030e16       __seh_longjmp_unwind4@4    30031e16 f   LIBCMT:exsup4.obj
 0001:00030e32       @_EH4_CallFilterFunc@8     30031e32 f   LIBCMT:exsup4.obj
 0001:00030e49       @_EH4_TransferToHandler@8  30031e49 f   LIBCMT:exsup4.obj
 0001:00030e62       @_EH4_GlobalUnwind2@8      30031e62 f   LIBCMT:exsup4.obj
 0001:00030e7b       @_EH4_LocalUnwind@16       30031e7b f   LIBCMT:exsup4.obj
 0001:00030eec       __ismbblead                30031eec f   LIBCMT:ismbbyte.obj
 0001:00030f02       _realloc                   30031f02 f   LIBCMT:realloc.obj
 0001:00030fad       __calloc_impl              30031fad f   LIBCMT:calloc_impl.obj
 0001:00031027       _$I10_OUTPUT               30032027 f   LIBCMT:x10fout.obj
 0001:00031aa4       __control87                30032aa4 f i LIBCMT:ieee87.obj
 0001:00031e3d       __fcloseall                30032e3d f   LIBCMT:closeall.obj
 0001:00031eda       __fflush_nolock            30032eda f   LIBCMT:fflush.obj
 0001:00031f20       __flush                    30032f20 f   LIBCMT:fflush.obj
 0001:00031f84       __flushall                 30032f84 f   LIBCMT:fflush.obj
 0001:00032071       ___lock_fhandle            30033071 f   LIBCMT:osfinfo.obj
 0001:000320ff       __free_osfhnd              300330ff f   LIBCMT:osfinfo.obj
 0001:00032185       __get_osfhandle            30033185 f   LIBCMT:osfinfo.obj
 0001:000321ec       __unlock_fhandle           300331ec f   LIBCMT:osfinfo.obj
 0001:00032212       __mbtowc_l                 30033212 f   LIBCMT:mbtowc.obj
 0001:00032307       _mbtowc                    30033307 f   LIBCMT:mbtowc.obj
 0001:0003231f       __putwch_nolock            3003331f f   LIBCMT:putwch.obj
 0001:00032370       __set_error_mode           30033370 f   LIBCMT:errmode.obj
 0001:000323b0       ___crtMessageBoxW          300333b0 f   LIBCMT:crtmboxw.obj
 0001:00032596       __msize                    30033596 f   LIBCMT:msize.obj
 0001:000325c7       _abort                     300335c7 f   LIBCMT:abort.obj
 0001:00032610       __global_unwind2           30033610 f   LIBCMT:exsup.obj
 0001:00032675       __local_unwind2            30033675 f   LIBCMT:exsup.obj
 0001:000326f9       __abnormal_termination     300336f9 f   LIBCMT:exsup.obj
 0001:0003271c       __NLG_Notify1              3003371c f   LIBCMT:exsup.obj
 0001:00032725       __NLG_Notify               30033725 f   LIBCMT:exsup.obj
 0001:0003273c       __NLG_Dispatch2            3003373c     LIBCMT:exsup.obj
 0001:0003273c       __NLG_Dispatch             3003373c     LIBCMT:exsup.obj
 0001:00032744       __NLG_Call                 30033744 f   LIBCMT:exsup.obj
 0001:00032746       __NLG_Return2              30033746     LIBCMT:exsup.obj
 0001:00032747       __fclose_nolock            30033747 f   LIBCMT:fclose.obj
 0001:000327b3       _fclose                    300337b3 f   LIBCMT:fclose.obj
 0001:0003282a       __commit                   3003382a f   LIBCMT:commit.obj
 0001:00032913       ___termconout              30033913 f   LIBCMT:initcon.obj
 0001:0003292a       ___initconout              3003392a f   LIBCMT:initcon.obj
 0001:00032949       __close                    30033949 f   LIBCMT:close.obj
 0001:00032a24       __close_nolock             30033a24 f   LIBCMT:close.obj
 0001:00032abe       __freebuf                  30033abe f   LIBCMT:_freebuf.obj
 0001:00032aee       _IsProcessorFeaturePresent@4 30033aee f   kernel32:KERNEL32.dll
 0001:00032af4       _RtlUnwind@16              30033af4 f   kernel32:KERNEL32.dll
 0002:00000000       __imp__IsDebuggerPresent@0 30034000     kernel32:KERNEL32.dll
 0002:00000004       __imp__IsProcessorFeaturePresent@4 30034004     kernel32:KERNEL32.dll
 0002:00000008       __imp__GetCommandLineA@0   30034008     kernel32:KERNEL32.dll
 0002:0000000c       __imp__GetCurrentThreadId@0 3003400c     kernel32:KERNEL32.dll
 0002:00000010       __imp__EncodePointer@4     30034010     kernel32:KERNEL32.dll
 0002:00000014       __imp__DecodePointer@4     30034014     kernel32:KERNEL32.dll
 0002:00000018       __imp__UnhandledExceptionFilter@4 30034018     kernel32:KERNEL32.dll
 0002:0000001c       __imp__SetUnhandledExceptionFilter@4 3003401c     kernel32:KERNEL32.dll
 0002:00000020       __imp__SetLastError@4      30034020     kernel32:KERNEL32.dll
 0002:00000024       __imp__InitializeCriticalSectionAndSpinCount@8 30034024     kernel32:KERNEL32.dll
 0002:00000028       __imp__Sleep@4             30034028     kernel32:KERNEL32.dll
 0002:0000002c       __imp__GetCurrentProcess@0 3003402c     kernel32:KERNEL32.dll
 0002:00000030       __imp__TerminateProcess@8  30034030     kernel32:KERNEL32.dll
 0002:00000034       __imp__TlsAlloc@0          30034034     kernel32:KERNEL32.dll
 0002:00000038       __imp__TlsGetValue@4       30034038     kernel32:KERNEL32.dll
 0002:0000003c       __imp__TlsSetValue@8       3003403c     kernel32:KERNEL32.dll
 0002:00000040       __imp__TlsFree@4           30034040     kernel32:KERNEL32.dll
 0002:00000044       __imp__GetStartupInfoW@4   30034044     kernel32:KERNEL32.dll
 0002:00000048       __imp__GetModuleHandleW@4  30034048     kernel32:KERNEL32.dll
 0002:0000004c       __imp__GetProcAddress@8    3003404c     kernel32:KERNEL32.dll
 0002:00000050       __imp__IsValidCodePage@4   30034050     kernel32:KERNEL32.dll
 0002:00000054       __imp__GetACP@0            30034054     kernel32:KERNEL32.dll
 0002:00000058       __imp__GetOEMCP@0          30034058     kernel32:KERNEL32.dll
 0002:0000005c       __imp__GetCPInfo@8         3003405c     kernel32:KERNEL32.dll
 0002:00000060       __imp__GetLastError@0      30034060     kernel32:KERNEL32.dll
 0002:00000064       __imp__MultiByteToWideChar@24 30034064     kernel32:KERNEL32.dll
 0002:00000068       __imp__WideCharToMultiByte@32 30034068     kernel32:KERNEL32.dll
 0002:0000006c       __imp__ExitProcess@4       3003406c     kernel32:KERNEL32.dll
 0002:00000070       __imp__GetModuleHandleExW@12 30034070     kernel32:KERNEL32.dll
 0002:00000074       __imp__GetProcessHeap@0    30034074     kernel32:KERNEL32.dll
 0002:00000078       __imp__GetStdHandle@4      30034078     kernel32:KERNEL32.dll
 0002:0000007c       __imp__GetFileType@4       3003407c     kernel32:KERNEL32.dll
 0002:00000080       __imp__DeleteCriticalSection@4 30034080     kernel32:KERNEL32.dll
 0002:00000084       __imp__GetModuleFileNameA@12 30034084     kernel32:KERNEL32.dll
 0002:00000088       __imp__HeapFree@12         30034088     kernel32:KERNEL32.dll
 0002:0000008c       __imp__QueryPerformanceCounter@4 3003408c     kernel32:KERNEL32.dll
 0002:00000090       __imp__GetCurrentProcessId@0 30034090     kernel32:KERNEL32.dll
 0002:00000094       __imp__GetSystemTimeAsFileTime@4 30034094     kernel32:KERNEL32.dll
 0002:00000098       __imp__GetEnvironmentStringsW@0 30034098     kernel32:KERNEL32.dll
 0002:0000009c       __imp__FreeEnvironmentStringsW@4 3003409c     kernel32:KERNEL32.dll
 0002:000000a0       __imp__EnterCriticalSection@4 300340a0     kernel32:KERNEL32.dll
 0002:000000a4       __imp__LeaveCriticalSection@4 300340a4     kernel32:KERNEL32.dll
 0002:000000a8       __imp__GetStringTypeW@16   300340a8     kernel32:KERNEL32.dll
 0002:000000ac       __imp__WriteFile@20        300340ac     kernel32:KERNEL32.dll
 0002:000000b0       __imp__GetConsoleCP@0      300340b0     kernel32:KERNEL32.dll
 0002:000000b4       __imp__GetConsoleMode@8    300340b4     kernel32:KERNEL32.dll
 0002:000000b8       __imp__SetFilePointerEx@20 300340b8     kernel32:KERNEL32.dll
 0002:000000bc       __imp__HeapAlloc@12        300340bc     kernel32:KERNEL32.dll
 0002:000000c0       __imp__LCMapStringW@24     300340c0     kernel32:KERNEL32.dll
 0002:000000c4       __imp__RaiseException@16   300340c4     kernel32:KERNEL32.dll
 0002:000000c8       __imp__GetModuleFileNameW@12 300340c8     kernel32:KERNEL32.dll
 0002:000000cc       __imp__LoadLibraryExW@12   300340cc     kernel32:KERNEL32.dll
 0002:000000d0       __imp__RtlUnwind@16        300340d0     kernel32:KERNEL32.dll
 0002:000000d4       __imp__HeapReAlloc@16      300340d4     kernel32:KERNEL32.dll
 0002:000000d8       __imp__SetStdHandle@8      300340d8     kernel32:KERNEL32.dll
 0002:000000dc       __imp__WriteConsoleW@20    300340dc     kernel32:KERNEL32.dll
 0002:000000e0       __imp__OutputDebugStringW@4 300340e0     kernel32:KERNEL32.dll
 0002:000000e4       __imp__HeapSize@12         300340e4     kernel32:KERNEL32.dll
 0002:000000e8       __imp__FlushFileBuffers@4  300340e8     kernel32:KERNEL32.dll
 0002:000000ec       __imp__CreateFileW@28      300340ec     kernel32:KERNEL32.dll
 0002:000000f0       __imp__CloseHandle@4       300340f0     kernel32:KERNEL32.dll
 0002:000000f4       \177KERNEL32_NULL_THUNK_DATA 300340f4     kernel32:KERNEL32.dll
 0002:000000f8       ___xc_a                    300340f8     LIBCMT:crt0init.obj
 0002:000000fc       ___xc_z                    300340fc     LIBCMT:crt0init.obj
 0002:00000100       ___xi_a                    30034100     LIBCMT:crt0init.obj
 0002:00000118       ___xi_z                    30034118     LIBCMT:crt0init.obj
 0002:0000011c       ___xp_a                    3003411c     LIBCMT:crt0init.obj
 0002:0000012c       ___xp_z                    3003412c     LIBCMT:crt0init.obj
 0002:00000130       ___xt_a                    30034130     LIBCMT:crt0init.obj
 0002:00000134       ___xt_z                    30034134     LIBCMT:crt0init.obj
 0002:00000140       ??_C@_00CNPNBAHC@?$AA@     30034140     bg_misc.obj
 0002:00000144       ??_C@_0BB@DDGIAABK@item_armor_shard?$AA@ 30034144     bg_misc.obj
 0002:00000158       ??_C@_0BI@DECNCEGL@sound?1misc?1ar1_pkup?4wav?$AA@ 30034158     bg_misc.obj
 0002:00000170       ??_C@_0CA@NOFOCCIK@models?1powerups?1armor?1shard?4md3?$AA@ 30034170     bg_misc.obj
 0002:00000190       ??_C@_0CH@NEKDLKN@models?1powerups?1armor?1shard_sphe@ 30034190     bg_misc.obj
 0002:000001b8       ??_C@_0BC@LPFHDODA@icons?1iconr_shard?$AA@ 300341b8     bg_misc.obj
 0002:000001cc       ??_C@_0M@PJIPIDNH@Armor?5Shard?$AA@ 300341cc     bg_misc.obj
 0002:000001d8       ??_C@_0BC@FPPLPJIL@item_armor_combat?$AA@ 300341d8     bg_misc.obj
 0002:000001ec       ??_C@_0BI@KNMPECGK@sound?1misc?1ar2_pkup?4wav?$AA@ 300341ec     bg_misc.obj
 0002:00000204       ??_C@_0CE@PHKMKHKB@models?1powerups?1armor?1armor_yel?4@ 30034204     bg_misc.obj
 0002:00000228       ??_C@_0BD@BKPFMPMP@icons?1iconr_yellow?$AA@ 30034228     bg_misc.obj
 0002:0000023c       ??_C@_05JOOFIMIN@Armor?$AA@ 3003423c     bg_misc.obj
 0002:00000244       ??_C@_0BA@EKKMHIH@item_armor_body?$AA@ 30034244     bg_misc.obj
 0002:00000254       ??_C@_0CE@EGJFDJJK@models?1powerups?1armor?1armor_red?4@ 30034254     bg_misc.obj
 0002:00000278       ??_C@_0BA@CEJNPBJG@icons?1iconr_red?$AA@ 30034278     bg_misc.obj
 0002:00000288       ??_C@_0M@ICCAHGAD@Heavy?5Armor?$AA@ 30034288     bg_misc.obj
 0002:00000294       ??_C@_0BC@DOHAFEBI@item_health_small?$AA@ 30034294     bg_misc.obj
 0002:000002a8       ??_C@_0BJ@BIFHONLM@sound?1items?1s_health?4wav?$AA@ 300342a8     bg_misc.obj
 0002:000002c4       ??_C@_0CH@JKNLMIJB@models?1powerups?1health?1small_cro@ 300342c4     bg_misc.obj
 0002:000002ec       ??_C@_0CI@MPAPPIIE@models?1powerups?1health?1small_sph@ 300342ec     bg_misc.obj
 0002:00000314       ??_C@_0BC@IMNPBGFF@icons?1iconh_green?$AA@ 30034314     bg_misc.obj
 0002:00000328       ??_C@_08IAIFJOAI@5?5Health?$AA@ 30034328     bg_misc.obj
 0002:00000334       ??_C@_0M@KCNAKNNL@item_health?$AA@ 30034334     bg_misc.obj
 0002:00000340       ??_C@_0BJ@OLHMCLBI@sound?1items?1n_health?4wav?$AA@ 30034340     bg_misc.obj
 0002:0000035c       ??_C@_0CI@NAEMLIB@models?1powerups?1health?1medium_cr@ 3003435c     bg_misc.obj
 0002:00000384       ??_C@_0CJ@NCCPDHOD@models?1powerups?1health?1medium_sp@ 30034384     bg_misc.obj
 0002:000003b0       ??_C@_0BD@CDBLAHCA@icons?1iconh_yellow?$AA@ 300343b0     bg_misc.obj
 0002:000003c4       ??_C@_09OJAALANF@25?5Health?$AA@ 300343c4     bg_misc.obj
 0002:000003d0       ??_C@_0BC@JGDLKFIO@item_health_large?$AA@ 300343d0     bg_misc.obj
 0002:000003e4       ??_C@_0BJ@ILCAJOFD@sound?1items?1l_health?4wav?$AA@ 300343e4     bg_misc.obj
 0002:00000400       ??_C@_0CH@NHFAKEFE@models?1powerups?1health?1large_cro@ 30034400     bg_misc.obj
 0002:00000428       ??_C@_0CI@CEEMEFNH@models?1powerups?1health?1large_sph@ 30034428     bg_misc.obj
 0002:00000450       ??_C@_0BA@IGNANAGL@icons?1iconh_red?$AA@ 30034450     bg_misc.obj
 0002:00000460       ??_C@_09EBELOOOD@50?5Health?$AA@ 30034460     bg_misc.obj
 0002:0000046c       ??_C@_0BB@PBGAONGH@item_health_mega?$AA@ 3003446c     bg_misc.obj
 0002:00000480       ??_C@_0BJ@FGLGEHNG@sound?1items?1m_health?4wav?$AA@ 30034480     bg_misc.obj
 0002:0000049c       ??_C@_0CG@PDJMMGME@models?1powerups?1health?1mega_cros@ 3003449c     bg_misc.obj
 0002:000004c4       ??_C@_0CH@NEGHBKPB@models?1powerups?1health?1mega_sphe@ 300344c4     bg_misc.obj
 0002:000004ec       ??_C@_0BB@EGPGIMOM@icons?1iconh_mega?$AA@ 300344ec     bg_misc.obj
 0002:00000500       ??_C@_0M@IOJDMPNO@Mega?5Health?$AA@ 30034500     bg_misc.obj
 0002:0000050c       ??_C@_0BA@CLDPODJE@weapon_gauntlet?$AA@ 3003450c     bg_misc.obj
 0002:0000051c       ??_C@_0BG@BBKFHONL@sound?1misc?1w_pkup?4wav?$AA@ 3003451c     bg_misc.obj
 0002:00000534       ??_C@_0CG@PFPPJBAC@models?1weapons2?1gauntlet?1gauntle@ 30034534     bg_misc.obj
 0002:0000055c       ??_C@_0BF@PMEPIOCM@icons?1iconw_gauntlet?$AA@ 3003455c     bg_misc.obj
 0002:00000574       ??_C@_08ELAHAPJB@Gauntlet?$AA@ 30034574     bg_misc.obj
 0002:00000580       ??_C@_0P@ILAKNOAG@weapon_shotgun?$AA@ 30034580     bg_misc.obj
 0002:00000590       ??_C@_0CE@CJGCHKCN@models?1weapons2?1shotgun?1shotgun?4@ 30034590     bg_misc.obj
 0002:000005b4       ??_C@_0BE@PGLFIIOH@icons?1iconw_shotgun?$AA@ 300345b4     bg_misc.obj
 0002:000005c8       ??_C@_07DGIAOJJ@Shotgun?$AA@ 300345c8     bg_misc.obj
 0002:000005d0       ??_C@_0BC@HHBNPFPN@weapon_machinegun?$AA@ 300345d0     bg_misc.obj
 0002:000005e4       ??_C@_0CK@BBPFNIFO@models?1weapons2?1machinegun?1machi@ 300345e4     bg_misc.obj
 0002:00000610       ??_C@_0BH@GIACBLNI@icons?1iconw_machinegun?$AA@ 30034610     bg_misc.obj
 0002:00000628       ??_C@_0L@KDNGMPND@Machinegun?$AA@ 30034628     bg_misc.obj
 0002:00000634       ??_C@_0BH@DGCCJPLM@weapon_grenadelauncher?$AA@ 30034634     bg_misc.obj
 0002:0000064c       ??_C@_0CG@INCGOMDL@models?1weapons2?1grenadel?1grenade@ 3003464c     bg_misc.obj
 0002:00000674       ??_C@_0BE@JNFKJHKD@icons?1iconw_grenade?$AA@ 30034674     bg_misc.obj
 0002:00000688       ??_C@_0BB@GIEOMMBO@Grenade?5Launcher?$AA@ 30034688     bg_misc.obj
 0002:000006a0       ??_C@_0EG@LFEMOCGK@sound?1weapons?1grenade?1hgrenb1a?4w@ 300346a0     bg_misc.obj
 0002:000006e8       ??_C@_0BG@HJKONAJE@weapon_rocketlauncher?$AA@ 300346e8     bg_misc.obj
 0002:00000700       ??_C@_0CE@GGGFLKKE@models?1weapons2?1rocketl?1rocketl?4@ 30034700     bg_misc.obj
 0002:00000724       ??_C@_0BD@MKMDIEGB@icons?1iconw_rocket?$AA@ 30034724     bg_misc.obj
 0002:00000738       ??_C@_0BA@DJIGCIDL@Rocket?5Launcher?$AA@ 30034738     bg_misc.obj
 0002:00000748       ??_C@_0BB@OCCEAFCD@weapon_lightning?$AA@ 30034748     bg_misc.obj
 0002:0000075c       ??_C@_0CI@MNAFJDPO@models?1weapons2?1lightning?1lightn@ 3003475c     bg_misc.obj
 0002:00000784       ??_C@_0BG@CHEJEOPA@icons?1iconw_lightning?$AA@ 30034784     bg_misc.obj
 0002:0000079c       ??_C@_0O@HOCKKNKE@Lightning?5Gun?$AA@ 3003479c     bg_misc.obj
 0002:000007ac       ??_C@_0P@FEPBKEBF@weapon_railgun?$AA@ 300347ac     bg_misc.obj
 0002:000007bc       ??_C@_0CE@JHJFFEBE@models?1weapons2?1railgun?1railgun?4@ 300347bc     bg_misc.obj
 0002:000007e0       ??_C@_0BE@CJEOPCPE@icons?1iconw_railgun?$AA@ 300347e0     bg_misc.obj
 0002:000007f4       ??_C@_07NMJDHEIK@Railgun?$AA@ 300347f4     bg_misc.obj
 0002:000007fc       ??_C@_0BB@LBHAKENA@weapon_plasmagun?$AA@ 300347fc     bg_misc.obj
 0002:00000810       ??_C@_0CC@EHGHEDND@models?1weapons2?1plasma?1plasma?4md@ 30034810     bg_misc.obj
 0002:00000834       ??_C@_0BD@NADHMFK@icons?1iconw_plasma?$AA@ 30034834     bg_misc.obj
 0002:00000848       ??_C@_0L@JFFCGJF@Plasma?5Gun?$AA@ 30034848     bg_misc.obj
 0002:00000854       ??_C@_0L@JBGNLNGG@weapon_bfg?$AA@ 30034854     bg_misc.obj
 0002:00000860       ??_C@_0BM@HHDGGOHP@models?1weapons2?1bfg?1bfg?4md3?$AA@ 30034860     bg_misc.obj
 0002:0000087c       ??_C@_0BA@NCCNKCA@icons?1iconw_bfg?$AA@ 3003487c     bg_misc.obj
 0002:0000088c       ??_C@_06PNKEMFGD@BFG10K?$AA@ 3003488c     bg_misc.obj
 0002:00000894       ??_C@_0BF@MEMGGPGH@weapon_grapplinghook?$AA@ 30034894     bg_misc.obj
 0002:000008ac       ??_C@_0CE@LFAGANA@models?1weapons2?1grapple?1grapple?4@ 300348ac     bg_misc.obj
 0002:000008d0       ??_C@_0BE@DPKNJNBE@icons?1iconw_grapple?$AA@ 300348d0     bg_misc.obj
 0002:000008e4       ??_C@_0P@CFJPDDC@Grappling?5Hook?$AA@ 300348e4     bg_misc.obj
 0002:000008f4       ??_C@_0M@NLICANGB@ammo_shells?$AA@ 300348f4     bg_misc.obj
 0002:00000900       ??_C@_0BH@DPAADLFH@sound?1misc?1am_pkup?4wav?$AA@ 30034900     bg_misc.obj
 0002:00000918       ??_C@_0CD@MBAGJHDE@models?1powerups?1ammo?1shotgunam?4m@ 30034918     bg_misc.obj
 0002:0000093c       ??_C@_0BE@NMAFHJEI@icons?1icona_shotgun?$AA@ 3003493c     bg_misc.obj
 0002:00000950       ??_C@_06PBPEPGGL@Shells?$AA@ 30034950     bg_misc.obj
 0002:00000958       ??_C@_0N@NHCMDNIK@ammo_bullets?$AA@ 30034958     bg_misc.obj
 0002:00000968       ??_C@_0CG@OLENEOKN@models?1powerups?1ammo?1machineguna@ 30034968     bg_misc.obj
 0002:00000990       ??_C@_0BH@HMOAGCNP@icons?1icona_machinegun?$AA@ 30034990     bg_misc.obj
 0002:000009a8       ??_C@_07DHNDKCGP@Bullets?$AA@ 300349a8     bg_misc.obj
 0002:000009b0       ??_C@_0O@CMJIOKCF@ammo_grenades?$AA@ 300349b0     bg_misc.obj
 0002:000009c0       ??_C@_0CD@HNOBKKLC@models?1powerups?1ammo?1grenadeam?4m@ 300349c0     bg_misc.obj
 0002:000009e4       ??_C@_0BE@LHOKGGAM@icons?1icona_grenade?$AA@ 300349e4     bg_misc.obj
 0002:000009f8       ??_C@_08PMBIADEN@Grenades?$AA@ 300349f8     bg_misc.obj
 0002:00000a04       ??_C@_0L@LLNMBAJC@ammo_cells?$AA@ 30034a04     bg_misc.obj
 0002:00000a10       ??_C@_0CC@FGLALJGN@models?1powerups?1ammo?1plasmaam?4md@ 30034a10     bg_misc.obj
 0002:00000a34       ??_C@_0BD@NCNJEHKB@icons?1icona_plasma?$AA@ 30034a34     bg_misc.obj
 0002:00000a48       ??_C@_05KCAMIOGJ@Cells?$AA@ 30034a48     bg_misc.obj
 0002:00000a50       ??_C@_0P@NBJHKAMD@ammo_lightning?$AA@ 30034a50     bg_misc.obj
 0002:00000a60       ??_C@_0CF@HDAADIIL@models?1powerups?1ammo?1lightningam@ 30034a60     bg_misc.obj
 0002:00000a88       ??_C@_0BG@MEGMAGOM@icons?1icona_lightning?$AA@ 30034a88     bg_misc.obj
 0002:00000aa0       ??_C@_09JCCOMJEA@Lightning?$AA@ 30034aa0     bg_misc.obj
 0002:00000aac       ??_C@_0N@CLEPKBOE@ammo_rockets?$AA@ 30034aac     bg_misc.obj
 0002:00000abc       ??_C@_0CC@KCOEDLFM@models?1powerups?1ammo?1rocketam?4md@ 30034abc     bg_misc.obj
 0002:00000ae0       ??_C@_0BD@BFBJLPJK@icons?1icona_rocket?$AA@ 30034ae0     bg_misc.obj
 0002:00000af4       ??_C@_07MLLADOAB@Rockets?$AA@ 30034af4     bg_misc.obj
 0002:00000afc       ??_C@_0L@JEFOIHIM@ammo_slugs?$AA@ 30034afc     bg_misc.obj
 0002:00000b08       ??_C@_0CD@CAJEPMME@models?1powerups?1ammo?1railgunam?4m@ 30034b08     bg_misc.obj
 0002:00000b2c       ??_C@_0BE@DPOADFL@icons?1icona_railgun?$AA@ 30034b2c     bg_misc.obj
 0002:00000b40       ??_C@_05INIOBJHH@Slugs?$AA@ 30034b40     bg_misc.obj
 0002:00000b48       ??_C@_08EHEJHGBG@ammo_bfg?$AA@ 30034b48     bg_misc.obj
 0002:00000b54       ??_C@_0BP@BOBKFIKJ@models?1powerups?1ammo?1bfgam?4md3?$AA@ 30034b54     bg_misc.obj
 0002:00000b74       ??_C@_0BA@NIKNDLKG@icons?1icona_bfg?$AA@ 30034b74     bg_misc.obj
 0002:00000b84       ??_C@_08LIBOGPIN@Bfg?5Ammo?$AA@ 30034b84     bg_misc.obj
 0002:00000b90       ??_C@_0BE@GNEKBMLB@holdable_teleporter?$AA@ 30034b90     bg_misc.obj
 0002:00000ba4       ??_C@_0BJ@PNIOAJDI@sound?1items?1holdable?4wav?$AA@ 30034ba4     bg_misc.obj
 0002:00000bc0       ??_C@_0CI@FHEOFFOB@models?1powerups?1holdable?1telepor@ 30034bc0     bg_misc.obj
 0002:00000be8       ??_C@_0BB@HCFICFKF@icons?1teleporter?$AA@ 30034be8     bg_misc.obj
 0002:00000bfc       ??_C@_0BE@PCKJDFFA@Personal?5Teleporter?$AA@ 30034bfc     bg_misc.obj
 0002:00000c10       ??_C@_0BA@PDDMBOCP@holdable_medkit?$AA@ 30034c10     bg_misc.obj
 0002:00000c20       ??_C@_0CE@NKMJILL@models?1powerups?1holdable?1medkit?4@ 30034c20     bg_misc.obj
 0002:00000c44       ??_C@_0CL@LOBKLABC@models?1powerups?1holdable?1medkit_@ 30034c44     bg_misc.obj
 0002:00000c70       ??_C@_0N@PNMDFAPK@icons?1medkit?$AA@ 30034c70     bg_misc.obj
 0002:00000c80       ??_C@_06JDLGEHAD@Medkit?$AA@ 30034c80     bg_misc.obj
 0002:00000c88       ??_C@_0BL@GLIFPGGG@sound?1items?1use_medkit?4wav?$AA@ 30034c88     bg_misc.obj
 0002:00000ca4       ??_C@_09MDKNIFFH@item_quad?$AA@ 30034ca4     bg_misc.obj
 0002:00000cb0       ??_C@_0BL@GLEJLOCA@sound?1items?1quaddamage?4wav?$AA@ 30034cb0     bg_misc.obj
 0002:00000ccc       ??_C@_0CB@HIFGFDGN@models?1powerups?1instant?1quad?4md3@ 30034ccc     bg_misc.obj
 0002:00000cf0       ??_C@_0CG@JNMBMLHJ@models?1powerups?1instant?1quad_rin@ 30034cf0     bg_misc.obj
 0002:00000d18       ??_C@_0L@DICHEOBB@icons?1quad?$AA@ 30034d18     bg_misc.obj
 0002:00000d24       ??_C@_0M@KOJLOALK@Quad?5Damage?$AA@ 30034d24     bg_misc.obj
 0002:00000d30       ??_C@_0DA@PPPPKFJI@sound?1items?1damage2?4wav?5sound?1it@ 30034d30     bg_misc.obj
 0002:00000d60       ??_C@_0M@HBCGNAN@item_enviro?$AA@ 30034d60     bg_misc.obj
 0002:00000d6c       ??_C@_0BI@DEKBIKDD@sound?1items?1protect?4wav?$AA@ 30034d6c     bg_misc.obj
 0002:00000d84       ??_C@_0CD@JLGNIGLA@models?1powerups?1instant?1enviro?4m@ 30034d84     bg_misc.obj
 0002:00000da8       ??_C@_0CI@KAEDJDGE@models?1powerups?1instant?1enviro_r@ 30034da8     bg_misc.obj
 0002:00000dd0       ??_C@_0BB@MGICBJOH@icons?1envirosuit?$AA@ 30034dd0     bg_misc.obj
 0002:00000de4       ??_C@_0M@ONKEJEFE@Battle?5Suit?$AA@ 30034de4     bg_misc.obj
 0002:00000df0       ??_C@_0DA@OCPACKGN@sound?1items?1airout?4wav?5sound?1ite@ 30034df0     bg_misc.obj
 0002:00000e20       ??_C@_0L@LKMJKIEF@item_haste?$AA@ 30034e20     bg_misc.obj
 0002:00000e2c       ??_C@_0BG@IJMEPCOI@sound?1items?1haste?4wav?$AA@ 30034e2c     bg_misc.obj
 0002:00000e44       ??_C@_0CC@NKPAJCMI@models?1powerups?1instant?1haste?4md@ 30034e44     bg_misc.obj
 0002:00000e68       ??_C@_0CH@KKDDKNEF@models?1powerups?1instant?1haste_ri@ 30034e68     bg_misc.obj
 0002:00000e90       ??_C@_0M@CFINMGCL@icons?1haste?$AA@ 30034e90     bg_misc.obj
 0002:00000e9c       ??_C@_05HOIAGEJD@Speed?$AA@ 30034e9c     bg_misc.obj
 0002:00000ea4       ??_C@_0L@MMHNJJPH@item_invis?$AA@ 30034ea4     bg_misc.obj
 0002:00000eb0       ??_C@_0BN@OJBEBLGB@sound?1items?1invisibility?4wav?$AA@ 30034eb0     bg_misc.obj
 0002:00000ed0       ??_C@_0CC@HBONCEML@models?1powerups?1instant?1invis?4md@ 30034ed0     bg_misc.obj
 0002:00000ef4       ??_C@_0CH@IMIHJDNC@models?1powerups?1instant?1invis_ri@ 30034ef4     bg_misc.obj
 0002:00000f1c       ??_C@_0M@FDDJPHJJ@icons?1invis?$AA@ 30034f1c     bg_misc.obj
 0002:00000f28       ??_C@_0N@LCCEENAK@Invisibility?$AA@ 30034f28     bg_misc.obj
 0002:00000f38       ??_C@_0L@MMGPPPDM@item_regen?$AA@ 30034f38     bg_misc.obj
 0002:00000f44       ??_C@_0BN@OBGKHNFF@sound?1items?1regeneration?4wav?$AA@ 30034f44     bg_misc.obj
 0002:00000f64       ??_C@_0CC@OEAPIKIN@models?1powerups?1instant?1regen?4md@ 30034f64     bg_misc.obj
 0002:00000f88       ??_C@_0CH@FANACKJM@models?1powerups?1instant?1regen_ri@ 30034f88     bg_misc.obj
 0002:00000fb0       ??_C@_0M@FDCLJBFC@icons?1regen?$AA@ 30034fb0     bg_misc.obj
 0002:00000fbc       ??_C@_0N@CBPBLBHG@Regeneration?$AA@ 30034fbc     bg_misc.obj
 0002:00000fcc       ??_C@_0BG@LHDLOKKN@sound?1items?1regen?4wav?$AA@ 30034fcc     bg_misc.obj
[...]
 0002:00009d10       _INF_32                    3003dd10     LIBCMT:libm_error.obj
 0002:00009d18       _NAN_32                    3003dd18     LIBCMT:libm_error.obj
 0002:00009d20       _ZERO_32                   3003dd20     LIBCMT:libm_error.obj
 0002:00009d28       _libm_largef               3003dd28     LIBCMT:libm_error.obj
 0002:00009d30       _libm_smallf               3003dd30     LIBCMT:libm_error.obj
 0002:00009d38       _libm_small                3003dd38     LIBCMT:libm_error.obj
 0002:00009e00       DblMax                     3003de00     LIBCMT:87cdisp.obj
 0002:00009e08       DblMin                     3003de08     LIBCMT:87cdisp.obj
 0002:00009e10       IeeeAdjO                   3003de10     LIBCMT:87cdisp.obj
 0002:00009e18       IeeeAdjU                   3003de18     LIBCMT:87cdisp.obj
 0002:00009e20       _infinity                  3003de20     LIBCMT:87cdisp.obj
 0002:00009e28       _zero                      3003de28     LIBCMT:87cdisp.obj
 0002:0000a110       __mb_locale_names          3003e110     LIBCMT:mbctype.obj
 0002:0000a528       __first_127char            3003e528     LIBCMT:wsetloca.obj
 0002:0000a670       Ctable                     3003e670     LIBCMT:cos_pentium4.obj
 0002:0000ae70       SC_1                       3003ee70     LIBCMT:cos_pentium4.obj
 0002:0000ae80       SC_2                       3003ee80     LIBCMT:cos_pentium4.obj
 0002:0000ae90       SC_3                       3003ee90     LIBCMT:cos_pentium4.obj
 0002:0000aea0       SC_4                       3003eea0     LIBCMT:cos_pentium4.obj
 0002:0000aeb0       PI32INV                    3003eeb0     LIBCMT:cos_pentium4.obj
 0002:0000aeb8       SHIFTER                    3003eeb8     LIBCMT:cos_pentium4.obj
 0002:0000aec0       P_2                        3003eec0     LIBCMT:cos_pentium4.obj
 0002:0000aed0       P_1                        3003eed0     LIBCMT:cos_pentium4.obj
 0002:0000aed8       P_3                        3003eed8     LIBCMT:cos_pentium4.obj
 0002:0000aee0       TWO_POW_55                 3003eee0     LIBCMT:cos_pentium4.obj
 0002:0000aee8       TWO_POW_M55                3003eee8     LIBCMT:cos_pentium4.obj
 0002:0000aef0       ALL_ONES                   3003eef0     LIBCMT:cos_pentium4.obj
 0002:0000aef8       NEG_ZERO                   3003eef8     LIBCMT:cos_pentium4.obj
 0002:0000af00       ONE                        3003ef00     LIBCMT:cos_pentium4.obj
 0002:0000af10       SIGN_MASK                  3003ef10     LIBCMT:cos_pentium4.obj
 0002:0000af34       One                        3003ef34     LIBCMT:87disp.obj
 0002:0000af3c       XAMtoTagTab                3003ef3c     LIBCMT:87disp.obj
 0002:0000af50       One                        3003ef50     LIBCMT:common.obj
 0002:0000af64       DblMax                     3003ef64     LIBCMT:common.obj
 0002:0000af6c       DblMin                     3003ef6c     LIBCMT:common.obj
 0002:0000af74       IeeeAdjO                   3003ef74     LIBCMT:common.obj
 0002:0000af7c       IeeeAdjU                   3003ef7c     LIBCMT:common.obj
 0002:0000af84       _infinity                  3003ef84     LIBCMT:common.obj
 0002:0000af8c       _zero                      3003ef8c     LIBCMT:common.obj
 0002:0000afa0       Ctable                     3003efa0     LIBCMT:sin_pentium4.obj
 0002:0000b7a0       SC_1                       3003f7a0     LIBCMT:sin_pentium4.obj
 0002:0000b7b0       SC_2                       3003f7b0     LIBCMT:sin_pentium4.obj
 0002:0000b7c0       SC_3                       3003f7c0     LIBCMT:sin_pentium4.obj
 0002:0000b7d0       SC_4                       3003f7d0     LIBCMT:sin_pentium4.obj
 0002:0000b7e0       PI32INV                    3003f7e0     LIBCMT:sin_pentium4.obj
 0002:0000b7e8       SHIFTER                    3003f7e8     LIBCMT:sin_pentium4.obj
 0002:0000b7f0       P_2                        3003f7f0     LIBCMT:sin_pentium4.obj
 0002:0000b800       P_1                        3003f800     LIBCMT:sin_pentium4.obj
 0002:0000b808       P_3                        3003f808     LIBCMT:sin_pentium4.obj
 0002:0000b810       TWO_POW_55                 3003f810     LIBCMT:sin_pentium4.obj
 0002:0000b818       TWO_POW_M55                3003f818     LIBCMT:sin_pentium4.obj
 0002:0000b820       ALL_ONES                   3003f820     LIBCMT:sin_pentium4.obj
 0002:0000b828       NEG_ZERO                   3003f828     LIBCMT:sin_pentium4.obj
 0002:0000b830       ONE                        3003f830     LIBCMT:sin_pentium4.obj
 0002:0000e1a0       Shifter                    300421a0     LIBCMT:acos_pentium4.obj
 0002:0000e1b0       Tbl_addr                   300421b0     LIBCMT:acos_pentium4.obj
 0002:0000f0b0       T_table                    300430b0     LIBCMT:acos_pentium4.obj
 0002:0000f8b0       PI_BY_2                    300438b0     LIBCMT:acos_pentium4.obj
 0002:0000f8c0       NEG_PI                     300438c0     LIBCMT:acos_pentium4.obj
 0002:0000f8d0       PI                         300438d0     LIBCMT:acos_pentium4.obj
 0002:0000f8e0       SIGNMASK                   300438e0     LIBCMT:acos_pentium4.obj
 0002:0000f8f0       HALFMASK                   300438f0     LIBCMT:acos_pentium4.obj
 0002:0000f900       HALFMASK2                  30043900     LIBCMT:acos_pentium4.obj
 0002:0000f910       cv                         30043910     LIBCMT:acos_pentium4.obj
 0002:0000f930       cv2                        30043930     LIBCMT:acos_pentium4.obj
 0002:0000f970       ABSVALMASK                 30043970     LIBCMT:acos_pentium4.obj
 0002:0000f978       TMASK                      30043978     LIBCMT:acos_pentium4.obj
 0002:0000f980       ONEMASK                    30043980     LIBCMT:acos_pentium4.obj
 0002:0000f988       ONE_BY_2                   30043988     LIBCMT:acos_pentium4.obj
 0002:0000f990       EMIN                       30043990     LIBCMT:acos_pentium4.obj
 0002:0000f998       MAX_ARG                    30043998     LIBCMT:acos_pentium4.obj
 0002:0000f9a0       MIN_ARG                    300439a0     LIBCMT:acos_pentium4.obj
 0002:0000f9a8       INF                        300439a8     LIBCMT:acos_pentium4.obj
 0002:0000f9b0       ZERO                       300439b0     LIBCMT:acos_pentium4.obj
 0002:0000f9b8       ALPHA                      300439b8     LIBCMT:acos_pentium4.obj
 0002:0000f9c0       Ctable                     300439c0     LIBCMT:tan_pentium4.obj
 0002:00010fc0       PI32INV                    30044fc0     LIBCMT:tan_pentium4.obj
 0002:00010fd0       SHIFTER                    30044fd0     LIBCMT:tan_pentium4.obj
 0002:00010fe0       P_1                        30044fe0     LIBCMT:tan_pentium4.obj
 0002:00010ff0       P_2                        30044ff0     LIBCMT:tan_pentium4.obj
 0002:00011000       P_3                        30045000     LIBCMT:tan_pentium4.obj
 0002:00011010       QQ_2                       30045010     LIBCMT:tan_pentium4.obj
 0002:00011018       ONE                        30045018     LIBCMT:tan_pentium4.obj
 0002:00011020       MASK_35                    30045020     LIBCMT:tan_pentium4.obj
 0002:00011030       sign_mask                  30045030     LIBCMT:tan_pentium4.obj
 0002:00011038       TWO_POW_55                 30045038     LIBCMT:tan_pentium4.obj
 0002:00011040       TWO_POW_M55                30045040     LIBCMT:tan_pentium4.obj
 0002:00011048       TWO_POW_M53                30045048     LIBCMT:tan_pentium4.obj
 0002:00011050       INF                        30045050     LIBCMT:tan_pentium4.obj
 0002:00011060       _rterrs                    30045060     LIBCMT:crt0msg.obj
 0002:00011be0       __sehtable$__CRT_INIT@12   30045be0     LIBCMT:dllcrt0.obj
 0002:00011c00       __sehtable$___DllMainCRTStartup 30045c00     LIBCMT:dllcrt0.obj
 0002:00011c20       __sehtable$___updatetlocinfo 30045c20     LIBCMT:localref.obj
 0002:00011c40       __sehtable$___updatetmbcinfo 30045c40     LIBCMT:mbctype.obj
 0002:00011c60       __sehtable$__setmbcp       30045c60     LIBCMT:mbctype.obj
 0002:00011c80       __sehtable$__freefls@4     30045c80     LIBCMT:tidtable.obj
 0002:00011ca8       __sehtable$__initptd       30045ca8     LIBCMT:tidtable.obj
 0002:00011cd0       __sehtable$__locterm       30045cd0     LIBCMT:wsetloca.obj
 0002:00011cf0       __sehtable$_doexit         30045cf0     LIBCMT:crt0dat.obj
 0002:00011d10       __sehtable$__ioinit        30045d10     LIBCMT:ioinit.obj
 0002:00011d30       __sehtable$__mtinitlocknum 30045d30     LIBCMT:mlock.obj
 0002:00011d50       __sehtable$__write         30045d50     LIBCMT:write.obj
 0002:00011d70       __sehtable$__lseeki64      30045d70     LIBCMT:lseeki64.obj
 0002:00011d90       __sehtable$___set_fpsr_sse2 30045d90     LIBCMT:fpctrl.obj
 0002:00011db0       __sehtable$__IsNonwritableInCurrentImage 30045db0     LIBCMT:pesect.obj
 0002:00011dd0       __sehtable$__onexit        30045dd0     LIBCMT:onexit.obj
 0002:00011df0       __sehtable$?terminate@@YAXXZ 30045df0     LIBCMT:hooks.obj
 0002:00011e10       __sehtable$_raise          30045e10     LIBCMT:winsig.obj
 0002:00011e30       __sehtable$__fcloseall     30045e30     LIBCMT:closeall.obj
 0002:00011e50       __sehtable$_flsall         30045e50     LIBCMT:fflush.obj
 0002:00011e78       __sehtable$___lock_fhandle 30045e78     LIBCMT:osfinfo.obj
 0002:00011e98       __sehtable$_fclose         30045e98     LIBCMT:fclose.obj
 0002:00011eb8       __sehtable$__commit        30045eb8     LIBCMT:commit.obj
 0002:00011ed8       __sehtable$__close         30045ed8     LIBCMT:close.obj
 0002:00011f00       .edata                     30045f00     cgamex86.exp
 0002:00011f28       rgpv                       30045f28     cgamex86.exp
 0002:00011f30       rgszName                   30045f30     cgamex86.exp
 0002:00011f38       rgwOrd                     30045f38     cgamex86.exp
 0002:00011f3c       szName                     30045f3c     cgamex86.exp
 0002:00011f49       $N00001                    30045f49     cgamex86.exp
 0002:00011f52       $N00002                    30045f52     cgamex86.exp
 0002:000124e2       .idata$6                   300464e2     kernel32:KERNEL32.dll
 0003:000011d8       _g_bindings                300481d8     ui_shared.obj
 0003:00001824       ?staticNULL@?1??String_Alloc@@9@9 30048824     ui_shared.obj
 0003:00001828       _g_configcvars             30048828     ui_shared.obj
 0003:00001cf0       _commands                  30048cf0     cg_consolecmds.obj
 0003:00001db0       ?colors@?1??CG_DrawStatusBar@@9@9 30048db0     cg_draw.obj
 0003:00001df0       ?colors@?1??CG_DrawPowerups@@9@9 30048df0     cg_draw.obj
 0003:00001e10       ?red@?1??CG_TeamColor@@9@9 30048e10     cg_drawtools.obj
 0003:00001e20       ?blue@?1??CG_TeamColor@@9@9 30048e20     cg_drawtools.obj
 0003:00001e30       ?other@?1??CG_TeamColor@@9@9 30048e30     cg_drawtools.obj
 0003:00001e40       ?spectator@?1??CG_TeamColor@@9@9 30048e40     cg_drawtools.obj
 0003:00001e50       _propMap                   30048e50     cg_drawtools.obj
 0003:00002450       _propMapB                  30049450     cg_drawtools.obj
 0003:00002588       ?seed@?1??CG_SmokePuff@@9@9 30049588     cg_effects.obj
 0003:00002594       _cvarTableSize             30049594     cg_main.obj
 0003:00002598       _cvarTable                 30049598     cg_main.obj
 0003:00002b28       ?sb_nums@?1??CG_RegisterGraphics@@9@9 30049b28     cg_main.obj
 0003:00002b58       _shaderAnimNames           30049b58     cg_marks.obj
 0003:00002bd8       _shaderAnimCounts          30049bd8     cg_marks.obj
 0003:00002c58       _shaderAnimSTRatio         30049c58     cg_marks.obj
 0003:00002d60       ?movementOffsets@?1??CG_PlayerAngles@@9@9 30049d60     cg_players.obj
 0003:00002d80       _syscall                   30049d80     cg_syscalls.obj
 0003:00002d84       ?mins@?1??CG_OffsetThirdPersonView@@9@9 30049d84     cg_view.obj
 0003:00002d90       ?maxs@?1??CG_OffsetThirdPersonView@@9@9 30049d90     cg_view.obj
 0003:00002db0       _NAME_                     30049db0     LIBCMT:cos.obj
 0003:00002dc0       _NAME_                     30049dc0     LIBCMT:sin.obj
 0003:00002df0       _NAME_                     30049df0     LIBCMT:sqrt.obj
 0003:00002e00       ?isPackaged@?1??__crtIsPackagedApp@@9@9 30049e00     LIBCMT:winapisupp.obj
 0003:00002e08       _errtable                  30049e08     LIBCMT:dosmap.obj
 0003:00002f70       _ErrnoNoMem                30049f70     LIBCMT:dosmap.obj
 0003:00002f74       _DoserrorNoMem             30049f74     LIBCMT:dosmap.obj
 0003:000033a0       ___rgctypeflag             3004a3a0     LIBCMT:mbctype.obj
 0003:000033a8       ___rgcode_page_info        3004a3a8     LIBCMT:mbctype.obj
 0003:000036dc       __ctype_loc_style          3004a6dc     LIBCMT:wsetloca.obj
 0003:000036e0       _newcw                     3004a6e0     LIBCMT:floor.obj
 0003:000036f0       _NAME_                     3004a6f0     LIBCMT:acos.obj
 0003:00003700       _NAME_                     3004a700     LIBCMT:tan.obj
 0003:00003754       _DoubleFormat              3004a754     LIBCMT:intrncvt.obj
 0003:0000376c       _FloatFormat               3004a76c     LIBCMT:intrncvt.obj
 0003:00003a48       __locktable                3004aa48     LIBCMT:mlock.obj
 0003:00003e50       ?_names@?1??_get_fname@@9@9 3004ae50     LIBCMT:fpexcept.obj
 0003:00003f60       _over                      3004af60     LIBCMT:fpctrl.obj
 0003:00003f6c       _under                     3004af6c     LIBCMT:fpctrl.obj
 0003:00003f78       ?__DAZ_ENABLED@?1??__set_fpsr_sse2@@9@9 3004af78     LIBCMT:fpctrl.obj
 0003:00003fd0       ?bops_initialized@?1??BoxOnPlaneSide@@9@9 3004afd0     q_math.obj
 0003:00003fd4       ?Ljmptab@?1??BoxOnPlaneSide@@9@9 3004afd4     q_math.obj
 0003:00003ff4       ?sr@?1??AngleVectors@@9@9  3004aff4     q_math.obj
 0003:00003ff8       ?sp@?1??AngleVectors@@9@9  3004aff8     q_math.obj
 0003:00003ffc       ?sy@?1??AngleVectors@@9@9  3004affc     q_math.obj
 0003:00004000       ?cr@?1??AngleVectors@@9@9  3004b000     q_math.obj
 0003:00004004       ?cp@?1??AngleVectors@@9@9  3004b004     q_math.obj
 0003:00004008       ?cy@?1??AngleVectors@@9@9  3004b008     q_math.obj
 0003:00004010       ?index@?1??va@@9@9         3004b010     q_shared.obj
 0003:00004014       ?valueindex@?1??Info_ValueForKey@@9@9 3004b014     q_shared.obj
 0003:00004018       _com_token                 3004b018     q_shared.obj
 0003:00004418       _com_parsename             3004b418     q_shared.obj
 0003:00004818       _com_lines                 3004b818     q_shared.obj
 0003:00004820       ?string@?1??COM_ParseError@@9@9 3004b820     q_shared.obj
 0003:00005820       ?string@?1??COM_ParseWarning@@9@9 3004c820     q_shared.obj
 0003:00006820       ?string@?1??va@@9@9        3004d820     q_shared.obj
 0003:00016220       ?value@?1??Info_ValueForKey@@9@9 3005d220     q_shared.obj
 0003:0001a220       ?inHandleKey@?9??Menu_HandleKey@@9@9 30061220     ui_shared.obj
 0003:0001a224       _captureFunc               30061224     ui_shared.obj
 0003:0001a228       _captureData               30061228     ui_shared.obj
 0003:0001a22c       _itemCapture               3006122c     ui_shared.obj
 0003:0001a234       _g_waitingForKey           30061234     ui_shared.obj
 0003:0001a238       _g_editingField            30061238     ui_shared.obj
 0003:0001a23c       _g_bindItem                3006123c     ui_shared.obj
 0003:0001a240       _g_editItem                30061240     ui_shared.obj
 0003:0001a24c       _debugMode                 3006124c     ui_shared.obj
 0003:0001a250       _lastListBoxClickTime      30061250     ui_shared.obj
 0003:0001a254       _strPoolIndex              30061254     ui_shared.obj
 0003:0001a258       _strHandleCount            30061258     ui_shared.obj
 0003:0001a25c       _scrollInfo                3006125c     ui_shared.obj
 0003:0001a27c       _allocPoint                3006127c     ui_shared.obj
 0003:0001a280       _memoryPool                30061280     ui_shared.obj
 0003:0011a280       _outOfMemory               30161280     ui_shared.obj
 0003:0011a288       _strPool                   30161288     ui_shared.obj
 0003:0017a288       _strHandle                 301c1288     ui_shared.obj
 0003:0017c288       ?string@?1??PC_SourceWarning@@9@9 301c3288     ui_shared.obj
 0003:0017d288       ?string@?1??PC_SourceError@@9@9 301c4288     ui_shared.obj
 0003:0017e288       ?rect@?1??Item_CorrectedTextRect@@9@9 301c5288     ui_shared.obj
 0003:0017e298       ?previousTimes@?1??CG_DrawFPS@@9@9 301c5298     cg_draw.obj
 0003:0017e2a8       ?index@?1??CG_DrawFPS@@9@9 301c52a8     cg_draw.obj
 0003:0017e2ac       ?previous@?1??CG_DrawFPS@@9@9 301c52ac     cg_draw.obj
 0003:0017e2b0       ?color@?1??CG_FadeColor@@9@9 301c52b0     cg_drawtools.obj
 0003:0017e2c0       ?lastPos@?1??CG_ScorePlum@@9@9 301c52c0     cg_effects.obj
 0003:0017e2d0       ?str@?1??CG_PlaceString@@9@9 301c52d0     cg_event.obj
 0003:0017e310       _loadingPlayerIconCount    301c5310     cg_info.obj
 0003:0017e314       _loadingItemIconCount      301c5314     cg_info.obj
 0003:0017e318       _loadingPlayerIcons        301c5318     cg_info.obj
 0003:0017e358       _loadingItemIcons          301c5358     cg_info.obj
 0003:0017e3c0       ?buffer@?1??CG_Argv@@9@9   301c53c0     cg_main.obj
 0003:0017e7c4       _roll                      301c57c4     cg_marks.obj
 0003:0017e7c8       _markTotal                 301c57c8     cg_marks.obj
 0003:0017e7cc       _numShaderAnims            301c57cc     cg_marks.obj
 0003:0017e7d0       _shaderAnims               301c57d0     cg_marks.obj
 0003:001807d0       _cg_pmove                  301c77d0     cg_predict.obj
 0003:001808b8       _cg_numSolidEntities       301c78b8     cg_predict.obj
 0003:001808bc       _cg_numTriggerEntities     301c78bc     cg_predict.obj
 0003:001808c0       _cg_solidEntities          301c78c0     cg_predict.obj
 0003:00180cc0       _cg_triggerEntities        301c7cc0     cg_predict.obj
 0003:001810c0       _localClient               301c80c0     cg_scoreboard.obj
 0003:001810c8       _GS_ExceptionRecord        301c80c8     LIBCMT:gs_report.obj
 0003:00181118       _GS_ContextRecord          301c8118     LIBCMT:gs_report.obj
 0003:001813e4       _DebuggerWasPresent        301c83e4     LIBCMT:gs_report.obj
 0003:001813e8       ___proc_attached           301c83e8     LIBCMT:dllcrt0.obj
 0003:001813f4       __pmatherr_set             301c83f4     LIBCMT:libm_error.obj
 0003:0018141c       _fSystemSet                301c841c     LIBCMT:mbctype.obj
 0003:00181560       ?_pgmname@?1??_setargv@@9@9 301c8560     LIBCMT:stdargv.obj
 0003:00181670       _lclcritsects              301c8670     LIBCMT:mlock.obj
 0003:001817cc       ___enable_percent_n        301c87cc     LIBCMT:printf.obj
 0003:001817d0       ___crtCallProc             301c87d0     LIBCMT:winapinls.obj
 0003:001817e0       ?outmsg@?9??_NMSG_WRITE@@9@9 301c87e0     LIBCMT:crt0msg.obj
 0003:00181e14       _ctrlc_action              301c8e14     LIBCMT:winsig.obj
 0003:00181e18       _ctrlbreak_action          301c8e18     LIBCMT:winsig.obj
 0003:00181e1c       _abort_action              301c8e1c     LIBCMT:winsig.obj
 0003:00181e20       _term_action               301c8e20     LIBCMT:winsig.obj
 0003:00181e24       _ConsoleCtrlHandler_Installed 301c8e24     LIBCMT:winsig.obj
 0003:00181e28       _g_pfnRtlGenRandom         301c8e28     LIBCMT:rand_s.obj
 0003:00181e3c       ?pfnMessageBox@?1??__crtMessageBoxW@@9@9 301c8e3c     LIBCMT:crtmboxw.obj
 0003:00181e40       ?pfnGetActiveWindow@?1??__crtMessageBoxW@@9@9 301c8e40     LIBCMT:crtmboxw.obj
 0003:00181e44       ?pfnGetLastActivePopup@?1??__crtMessageBoxW@@9@9 301c8e44     LIBCMT:crtmboxw.obj
 0003:00181e48       ?pfnGetProcessWindowStation@?1??__crtMessageBoxW@@9@9 301c8e48     LIBCMT:crtmboxw.obj
 0003:00181e4c       ?pfnGetUserObjectInformation@?1??__crtMessageBoxW@@9@9 301c8e4c     LIBCMT:crtmboxw.obj
 0004:00000060       $R000000                   3032d060     * linker generated manifest res *
