 cgamex86

 Timestamp is 5de36f7e (Sun Dec 01 15:45:02 2019)

 Preferred load address is 30000000

 Start         Length     Name                   Class
 0001:00000000 000ac234H .text$mn                CODE
 0001:000ac240 00000139H .text$x                 CODE
 0002:00000000 0000014cH .idata$5                DATA
 0002:0000014c 00000004H .CRT$XCA                DATA
 0002:00000150 00000004H .CRT$XCZ                DATA
 0002:00000154 00000004H .CRT$XIA                DATA
 0002:00000158 00000014H .CRT$XIC                DATA
 0002:0000016c 00000004H .CRT$XIZ                DATA
 0002:00000170 00000004H .CRT$XPA                DATA
 0002:00000174 00000008H .CRT$XPX                DATA
 0002:0000017c 00000004H .CRT$XPXA               DATA
 0002:00000180 00000004H .CRT$XPZ                DATA
 0002:00000184 00000004H .CRT$XTA                DATA
 0002:00000188 00000004H .CRT$XTZ                DATA
 0002:00000190 0001b480H .rdata                  DATA
 0002:0001b610 00000090H .rdata$debug            DATA
 0002:0001b6a0 00000388H .rdata$r                DATA
 0002:0001ba30 00000030H .rdata$sxdata           DATA
 0002:0001ba60 00000004H .rtc$IAA                DATA
 0002:0001ba64 00000004H .rtc$IZZ                DATA
 0002:0001ba68 00000004H .rtc$TAA                DATA
 0002:0001ba6c 00000004H .rtc$TZZ                DATA
 0002:0001ba70 00000ac8H .xdata$x                DATA
 0002:0001c540 00000059H .edata                  DATA
 0002:0001c59c 00000014H .idata$2                DATA
 0002:0001c5b0 00000014H .idata$3                DATA
 0002:0001c5c4 0000014cH .idata$4                DATA
 0002:0001c710 000005feH .idata$6                DATA
 0003:00000000 00004454H .data                   DATA
 0003:00004454 0000014fH .data$r                 DATA
 0003:000045c0 0052ad84H .bss                    DATA
 0004:00000000 00000058H .rsrc$01                DATA
 0004:00000060 00000180H .rsrc$02                DATA

  Address         Publics by Value              Rva+Base       Lib:Object

 0000:00000000       ___guard_flags             00000000     <absolute>
 0000:00000000       ___guard_fids_table        00000000     <absolute>
 0000:00000000       ___guard_fids_count        00000000     <absolute>
 0000:00000000       __except_list              00000000     <absolute>
 0000:0000000c       ___safe_se_handler_count   0000000c     <absolute>
 0000:00000000       ___ImageBase               30000000     <linker-defined>
 0001:00000000       _BG_AddPredictableEventToPlayerstate 30001000 f   bg_misc.obj
 0001:000000d0       _BG_CanItemBeGrabbed       300010d0 f   bg_misc.obj
 0001:00000510       _BG_EvaluateTrajectory     30001510 f   bg_misc.obj
 0001:000009b0       _BG_EvaluateTrajectoryDelta 300019b0 f   bg_misc.obj
 0001:00000cf0       _BG_FindItem               30001cf0 f   bg_misc.obj
 0001:00000d40       _BG_FindItemForHoldable    30001d40 f   bg_misc.obj
 0001:00000db0       _BG_FindItemForPowerup     30001db0 f   bg_misc.obj
 0001:00000e30       _BG_FindItemForWeapon      30001e30 f   bg_misc.obj
 0001:00000e90       _BG_PlayerStateToEntityState 30001e90 f   bg_misc.obj
 0001:00001300       _BG_PlayerStateToEntityStateExtraPolate 30002300 f   bg_misc.obj
 0001:00001780       _BG_PlayerTouchesItem      30002780 f   bg_misc.obj
 0001:000018d0       _BG_TouchJumpPad           300028d0 f   bg_misc.obj
 0001:00001b40       _PM_AddEvent               30002b40 f   bg_pmove.obj
 0001:00001b70       _PM_AddTouchEnt            30002b70 f   bg_pmove.obj
 0001:00002890       _PM_ClipVelocity           30003890 f   bg_pmove.obj
 0001:00004de0       _PM_UpdateViewAngles       30005de0 f   bg_pmove.obj
 0001:00005e30       _Pmove                     30006e30 f   bg_pmove.obj
 0001:00005f20       _PmoveSingle               30006f20 f   bg_pmove.obj
 0001:00006660       _PM_SlideMove              30007660 f   bg_slidemove.obj
 0001:00007550       _PM_StepSlideMove          30008550 f   bg_slidemove.obj
 0001:00007cc0       _AddPointToBounds          30008cc0 f   q_math.obj
 0001:00007e40       _AngleDelta                30008e40 f   q_math.obj
 0001:00007e70       _AngleMod                  30008e70 f   q_math.obj
 0001:00007eb0       _AngleNormalize180         30008eb0 f   q_math.obj
 0001:00007f00       _AngleNormalize360         30008f00 f   q_math.obj
 0001:00007f40       _AngleSubtract             30008f40 f   q_math.obj
 0001:00007fb0       _AngleVectors              30008fb0 f   q_math.obj
 0001:000082b0       _AnglesSubtract            300092b0 f   q_math.obj
 0001:00008390       _AnglesToAxis              30009390 f   q_math.obj
 0001:00008490       _AxisClear                 30009490 f   q_math.obj
 0001:000085c0       _AxisCopy                  300095c0 f   q_math.obj
 0001:00008750       _BoxOnPlaneSide            30009750 f   q_math.obj
 0001:00008990       _ByteToDir                 30009990 f   q_math.obj
 0001:00008a70       _ClampChar                 30009a70 f   q_math.obj
 0001:00008aa0       _ClampShort                30009aa0 f   q_math.obj
 0001:00008ae0       _ClearBounds               30009ae0 f   q_math.obj
 0001:00008b80       _ColorBytes3               30009b80 f   q_math.obj
 0001:00008bf0       _ColorBytes4               30009bf0 f   q_math.obj
 0001:00008d90       _DirToByte                 30009d90 f   q_math.obj
 0001:00008e80       _LerpAngle                 30009e80 f   q_math.obj
 0001:00008f00       _MakeNormalVectors         30009f00 f   q_math.obj
 0001:000090c0       _MatrixMultiply            3000a0c0 f   q_math.obj
 0001:000096e0       _NormalizeColor            3000a6e0 f   q_math.obj
 0001:00009830       _PerpendicularVector       3000a830 f   q_math.obj
 0001:00009950       _PlaneFromPoints           3000a950 f   q_math.obj
 0001:00009b50       _ProjectPointOnPlane       3000ab50 f   q_math.obj
 0001:00009db0       _Q_crandom                 3000adb0 f   q_math.obj
 0001:00009df0       _Q_fabs                    3000adf0 f   q_math.obj
 0001:00009e20       _Q_log2                    3000ae20 f   q_math.obj
 0001:00009e50       _Q_rand                    3000ae50 f   q_math.obj
 0001:00009e80       _Q_random                  3000ae80 f   q_math.obj
 0001:00009ec0       _Q_rsqrt                   3000aec0 f   q_math.obj
 0001:00009f40       _RadiusFromBounds          3000af40 f   q_math.obj
 0001:0000a000       _RotateAroundDirection     3000b000 f   q_math.obj
 0001:0000a120       _RotatePointAroundVector   3000b120 f   q_math.obj
 0001:0000a690       _SetPlaneSignbits          3000b690 f   q_math.obj
 0001:0000a6f0       _Vector4Scale              3000b6f0 f   q_math.obj
 0001:0000a830       _VectorNormalize           3000b830 f   q_math.obj
 0001:0000a960       _VectorNormalize2          3000b960 f   q_math.obj
 0001:0000aae0       _VectorRotate              3000bae0 f   q_math.obj
 0001:0000aca0       __DotProduct               3000bca0 f   q_math.obj
 0001:0000ad20       __VectorAdd                3000bd20 f   q_math.obj
 0001:0000adc0       __VectorCopy               3000bdc0 f   q_math.obj
 0001:0000ae30       __VectorMA                 3000be30 f   q_math.obj
 0001:0000aee0       __VectorScale              3000bee0 f   q_math.obj
 0001:0000af60       __VectorSubtract           3000bf60 f   q_math.obj
 0001:0000b000       _vectoangles               3000c000 f   q_math.obj
 0001:0000b270       _COM_BeginParseSession     3000c270 f   q_shared.obj
 0001:0000b2b0       _COM_Compress              3000c2b0 f   q_shared.obj
 0001:0000b4d0       _COM_DefaultExtension      3000c4d0 f   q_shared.obj
 0001:0000b570       _COM_GetCurrentParseLine   3000c570 f   q_shared.obj
 0001:0000b590       _COM_MatchToken            3000c590 f   q_shared.obj
 0001:0000b5e0       _COM_Parse                 3000c5e0 f   q_shared.obj
 0001:0000b600       _COM_ParseError            3000c600 f   q_shared.obj
 0001:0000b650       _COM_ParseExt              3000c650 f   q_shared.obj
 0001:0000b8f0       _COM_ParseWarning          3000c8f0 f   q_shared.obj
 0001:0000b940       _COM_SkipPath              3000c940 f   q_shared.obj
 0001:0000b990       _COM_StripExtension        3000c990 f   q_shared.obj
 0001:0000b9e0       _Com_Clamp                 3000c9e0 f   q_shared.obj
 0001:0000ba20       _Com_sprintf               3000ca20 f   q_shared.obj
 0001:0000bac0       _FloatNoSwap               3000cac0 f   q_shared.obj
 0001:0000bae0       _FloatSwap                 3000cae0 f   q_shared.obj
 0001:0000bb10       _Info_NextPair             3000cb10 f   q_shared.obj
 0001:0000bc00       _Info_RemoveKey            3000cc00 f   q_shared.obj
 0001:0000bd80       _Info_RemoveKey_Big        3000cd80 f   q_shared.obj
 0001:0000bf10       _Info_SetValueForKey       3000cf10 f   q_shared.obj
 0001:0000c0a0       _Info_SetValueForKey_Big   3000d0a0 f   q_shared.obj
 0001:0000c230       _Info_Validate             3000d230 f   q_shared.obj
 0001:0000c280       _Info_ValueForKey          3000d280 f   q_shared.obj
 0001:0000c420       _Long64NoSwap              3000d420 f   q_shared.obj
 0001:0000c440       _Long64Swap                3000d440 f   q_shared.obj
 0001:0000c490       _LongNoSwap                3000d490 f   q_shared.obj
 0001:0000c4b0       _LongSwap                  3000d4b0 f   q_shared.obj
 0001:0000c520       _Parse1DMatrix             3000d520 f   q_shared.obj
 0001:0000c5a0       _Parse2DMatrix             3000d5a0 f   q_shared.obj
 0001:0000c610       _Parse3DMatrix             3000d610 f   q_shared.obj
 0001:0000c690       _Q_CleanStr                3000d690 f   q_shared.obj
 0001:0000c720       _Q_PrintStrlen             3000d720 f   q_shared.obj
 0001:0000c7a0       _Q_isalpha                 3000d7a0 f   q_shared.obj
 0001:0000c7e0       _Q_islower                 3000d7e0 f   q_shared.obj
 0001:0000c810       _Q_isprint                 3000d810 f   q_shared.obj
 0001:0000c840       _Q_isupper                 3000d840 f   q_shared.obj
 0001:0000c870       _Q_strcat                  3000d870 f   q_shared.obj
 0001:0000c8c0       _Q_stricmp                 3000d8c0 f   q_shared.obj
 0001:0000c900       _Q_stricmpn                3000d900 f   q_shared.obj
 0001:0000c9e0       _Q_strlwr                  3000d9e0 f   q_shared.obj
 0001:0000ca30       _Q_strncmp                 3000da30 f   q_shared.obj
 0001:0000cab0       _Q_strncpyz                3000dab0 f   q_shared.obj
 0001:0000cb20       _Q_strrchr                 3000db20 f   q_shared.obj
 0001:0000cb80       _Q_strupr                  3000db80 f   q_shared.obj
 0001:0000cbd0       _ShortNoSwap               3000dbd0 f   q_shared.obj
 0001:0000cbf0       _ShortSwap                 3000dbf0 f   q_shared.obj
 0001:0000cc30       _SkipBracedSection         3000dc30 f   q_shared.obj
 0001:0000ccc0       _SkipRestOfLine            3000dcc0 f   q_shared.obj
 0001:0000cd80       _va                        3000dd80 f   q_shared.obj
 0001:0000cde0       _ItemParse_name            3000dde0 f   ui_shared.obj
 0001:0000ce10       _ItemParse_focusSound      3000de10 f   ui_shared.obj
 0001:0000ce60       _ItemParse_text            3000de60 f   ui_shared.obj
 0001:0000cea0       _ItemParse_group           3000dea0 f   ui_shared.obj
 0001:0000ced0       _ItemParse_asset_model     3000ded0 f   ui_shared.obj
 0001:0000cf50       _ItemParse_asset_shader    3000df50 f   ui_shared.obj
 0001:0000cfa0       _ItemParse_model_origin    3000dfa0 f   ui_shared.obj
 0001:0000d030       _ItemParse_model_fovx      3000e030 f   ui_shared.obj
 0001:0000d080       _ItemParse_model_fovy      3000e080 f   ui_shared.obj
 0001:0000d0d0       _ItemParse_model_rotation  3000e0d0 f   ui_shared.obj
 0001:0000d120       _ItemParse_model_angle     3000e120 f   ui_shared.obj
 0001:0000d170       _Script_SetColor           3000e170 f   ui_shared.obj
 0001:0000d270       _ItemParse_rect            3000e270 f   ui_shared.obj
 0001:0000d2a0       _ItemParse_style           3000e2a0 f   ui_shared.obj
 0001:0000d2d0       _ItemParse_decoration      3000e2d0 f   ui_shared.obj
 0001:0000d300       _Script_SetAsset           3000e300 f   ui_shared.obj
 0001:0000d320       _ItemParse_notselectable   3000e320 f   ui_shared.obj
 0001:0000d370       _Script_SetBackground      3000e370 f   ui_shared.obj
 0001:0000d3b0       _ItemParse_wrapped         3000e3b0 f   ui_shared.obj
 0001:0000d3e0       _ItemParse_autowrapped     3000e3e0 f   ui_shared.obj
 0001:0000d410       _ItemParse_horizontalscroll 3000e410 f   ui_shared.obj
 0001:0000d440       _ItemParse_type            3000e440 f   ui_shared.obj
 0001:0000d480       _Script_SetTeamColor       3000e480 f   ui_shared.obj
 0001:0000d4f0       _ItemParse_elementwidth    3000e4f0 f   ui_shared.obj
 0001:0000d540       _ItemParse_elementheight   3000e540 f   ui_shared.obj
 0001:0000d590       _Script_SetItemColor       3000e590 f   ui_shared.obj
 0001:0000d710       _ItemParse_feeder          3000e710 f   ui_shared.obj
 0001:0000d750       _ItemParse_elementtype     3000e750 f   ui_shared.obj
 0001:0000d7b0       _ItemParse_columns         3000e7b0 f   ui_shared.obj
 0001:0000d8b0       _ItemParse_border          3000e8b0 f   ui_shared.obj
 0001:0000d8e0       _ItemParse_bordersize      3000e8e0 f   ui_shared.obj
 0001:0000d910       _ItemParse_visible         3000e910 f   ui_shared.obj
 0001:0000d960       _ItemParse_ownerdraw       3000e960 f   ui_shared.obj
 0001:0000d9a0       _ItemParse_align           3000e9a0 f   ui_shared.obj
 0001:0000d9e0       _ItemParse_textalign       3000e9e0 f   ui_shared.obj
 0001:0000da20       _ItemParse_textalignx      3000ea20 f   ui_shared.obj
 0001:0000da60       _ItemParse_textaligny      3000ea60 f   ui_shared.obj
 0001:0000daa0       _Script_Show               3000eaa0 f   ui_shared.obj
 0001:0000dae0       _ItemParse_textscale       3000eae0 f   ui_shared.obj
 0001:0000db20       _Script_Hide               3000eb20 f   ui_shared.obj
 0001:0000db60       _ItemParse_textstyle       3000eb60 f   ui_shared.obj
 0001:0000dba0       _ItemParse_backcolor       3000eba0 f   ui_shared.obj
 0001:0000dc00       _Script_FadeIn             3000ec00 f   ui_shared.obj
 0001:0000dc40       _Script_FadeOut            3000ec40 f   ui_shared.obj
 0001:0000dc80       _ItemParse_forecolor       3000ec80 f   ui_shared.obj
 0001:0000dcf0       _Script_Open               3000ecf0 f   ui_shared.obj
 0001:0000dd20       _ItemParse_bordercolor     3000ed20 f   ui_shared.obj
 0001:0000dd80       _Script_ConditionalOpen    3000ed80 f   ui_shared.obj
 0001:0000de10       _ItemParse_outlinecolor    3000ee10 f   ui_shared.obj
 0001:0000de50       _Script_Close              3000ee50 f   ui_shared.obj
 0001:0000de80       _ItemParse_background      3000ee80 f   ui_shared.obj
 0001:0000ded0       _ItemParse_cinematic       3000eed0 f   ui_shared.obj
 0001:0000df00       _ItemParse_doubleClick     3000ef00 f   ui_shared.obj
 0001:0000df60       _ItemParse_onFocus         3000ef60 f   ui_shared.obj
 0001:0000dfa0       _Script_Transition         3000efa0 f   ui_shared.obj
 0001:0000e0a0       _ItemParse_leaveFocus      3000f0a0 f   ui_shared.obj
 0001:0000e0e0       _ItemParse_mouseEnter      3000f0e0 f   ui_shared.obj
 0001:0000e120       _ItemParse_mouseExit       3000f120 f   ui_shared.obj
 0001:0000e160       _ItemParse_mouseEnterText  3000f160 f   ui_shared.obj
 0001:0000e1a0       _ItemParse_mouseExitText   3000f1a0 f   ui_shared.obj
 0001:0000e1e0       _Script_Orbit              3000f1e0 f   ui_shared.obj
 0001:0000e2c0       _ItemParse_action          3000f2c0 f   ui_shared.obj
 0001:0000e300       _ItemParse_special         3000f300 f   ui_shared.obj
 0001:0000e340       _Script_SetFocus           3000f340 f   ui_shared.obj
 0001:0000e410       _ItemParse_cvarTest        3000f410 f   ui_shared.obj
 0001:0000e450       _ItemParse_cvar            3000f450 f   ui_shared.obj
 0001:0000e4e0       _Script_SetPlayerModel     3000f4e0 f   ui_shared.obj
 0001:0000e520       _ItemParse_maxChars        3000f520 f   ui_shared.obj
 0001:0000e580       _Script_SetPlayerHead      3000f580 f   ui_shared.obj
 0001:0000e5c0       _Script_SetCvar            3000f5c0 f   ui_shared.obj
 0001:0000e610       _ItemParse_maxPaintChars   3000f610 f   ui_shared.obj
 0001:0000e670       _Script_Exec               3000f670 f   ui_shared.obj
 0001:0000e6c0       _ItemParse_cvarFloat       3000f6c0 f   ui_shared.obj
 0001:0000e760       _Script_Play               3000f760 f   ui_shared.obj
 0001:0000e7b0       _ItemParse_cvarStrList     3000f7b0 f   ui_shared.obj
 0001:0000e9a0       _Script_playLooped         3000f9a0 f   ui_shared.obj
 0001:0000e9f0       _ItemParse_cvarFloatList   3000f9f0 f   ui_shared.obj
 0001:0000ebb0       _ItemParse_addColorRange   3000fbb0 f   ui_shared.obj
 0001:0000ec60       _ItemParse_ownerdrawFlag   3000fc60 f   ui_shared.obj
 0001:0000eca0       _ItemParse_enableCvar      3000fca0 f   ui_shared.obj
 0001:0000ece0       _ItemParse_disableCvar     3000fce0 f   ui_shared.obj
 0001:0000ed20       _ItemParse_showCvar        3000fd20 f   ui_shared.obj
 0001:0000ed60       _ItemParse_hideCvar        3000fd60 f   ui_shared.obj
 0001:0000eda0       _MenuParse_font            3000fda0 f   ui_shared.obj
 0001:0000ee20       _MenuParse_name            3000fe20 f   ui_shared.obj
 0001:0000ee70       _MenuParse_fullscreen      3000fe70 f   ui_shared.obj
 0001:0000eeb0       _MenuParse_rect            3000feb0 f   ui_shared.obj
 0001:0000eef0       _MenuParse_style           3000fef0 f   ui_shared.obj
 0001:0000ef30       _MenuParse_visible         3000ff30 f   ui_shared.obj
 0001:0000ef80       _MenuParse_onOpen          3000ff80 f   ui_shared.obj
 0001:0000efc0       _MenuParse_onClose         3000ffc0 f   ui_shared.obj
 0001:0000f000       _MenuParse_onESC           30010000 f   ui_shared.obj
 0001:0000f040       _MenuParse_border          30010040 f   ui_shared.obj
 0001:0000f080       _MenuParse_borderSize      30010080 f   ui_shared.obj
 0001:0000f0c0       _MenuParse_backcolor       300100c0 f   ui_shared.obj
 0001:0000f130       _MenuParse_forecolor       30010130 f   ui_shared.obj
 0001:0000f1a0       _MenuParse_bordercolor     300101a0 f   ui_shared.obj
 0001:0000f210       _MenuParse_focuscolor      30010210 f   ui_shared.obj
 0001:0000f280       _MenuParse_disablecolor    30010280 f   ui_shared.obj
 0001:0000f2f0       _MenuParse_outlinecolor    300102f0 f   ui_shared.obj
 0001:0000f330       _MenuParse_background      30010330 f   ui_shared.obj
 0001:0000f380       _MenuParse_cinematic       30010380 f   ui_shared.obj
 0001:0000f3c0       _MenuParse_ownerdrawFlag   300103c0 f   ui_shared.obj
 0001:0000f410       _MenuParse_ownerdraw       30010410 f   ui_shared.obj
 0001:0000f450       _MenuParse_popup           30010450 f   ui_shared.obj
 0001:0000f480       _MenuParse_outOfBounds     30010480 f   ui_shared.obj
 0001:0000f4b0       _MenuParse_soundLoop       300104b0 f   ui_shared.obj
 0001:0000f4f0       _MenuParse_fadeClamp       300104f0 f   ui_shared.obj
 0001:0000f530       _MenuParse_fadeAmount      30010530 f   ui_shared.obj
 0001:0000f570       _MenuParse_fadeCycle       30010570 f   ui_shared.obj
 0001:0000f5b0       _MenuParse_itemDef         300105b0 f   ui_shared.obj
 0001:0000f690       _AdjustFrom640             30010690 f   ui_shared.obj
 0001:0000f710       _BindingFromName           30010710 f   ui_shared.obj
 0001:0000f820       _BindingIDFromName         30010820 f   ui_shared.obj
 0001:0000f880       _Color_Parse               30010880 f   ui_shared.obj
 0001:0000f8e0       _Controls_GetConfig        300108e0 f   ui_shared.obj
 0001:0000fa40       _Controls_SetConfig        30010a40 f   ui_shared.obj
 0001:0000faf0       _Controls_SetDefaults      30010af0 f   ui_shared.obj
 0001:0000fb50       _Display_CacheAll          30010b50 f   ui_shared.obj
 0001:0000fba0       _Display_CaptureItem       30010ba0 f   ui_shared.obj
 0001:0000fc60       _Display_CursorType        30010c60 f   ui_shared.obj
 0001:0000fd30       _Display_GetContext        30010d30 f   ui_shared.obj
 0001:0000fd50       _Display_HandleKey         30010d50 f   ui_shared.obj
 0001:0000fda0       _Display_KeyBindPending    30010da0 f   ui_shared.obj
 0001:0000fdc0       _Display_MouseMove         30010dc0 f   ui_shared.obj
 0001:0000feb0       _Display_VisibleMenuCount  30010eb0 f   ui_shared.obj
 0001:0000ff10       _Fade                      30010f10 f   ui_shared.obj
 0001:0000ffe0       _Float_Parse               30010fe0 f   ui_shared.obj
 0001:00010040       _GradientBar_Paint         30011040 f   ui_shared.obj
 0001:000100d0       _Init_Display              300110d0 f   ui_shared.obj
 0001:000100f0       _Int_Parse                 300110f0 f   ui_shared.obj
 0001:00010150       _IsVisible                 30011150 f   ui_shared.obj
 0001:00010190       _Item_Action               30011190 f   ui_shared.obj
 0001:000101c0       _Item_Bind_HandleKey       300111c0 f   ui_shared.obj
 0001:000104f0       _Item_Bind_Paint           300114f0 f   ui_shared.obj
 0001:00010910       _Item_EnableShowViaCvar    30011910 f   ui_shared.obj
 0001:00010b00       _Item_HandleKey            30011b00 f   ui_shared.obj
 0001:00010cb0       _Item_Image_Paint          30011cb0 f   ui_shared.obj
 0001:00010d40       _Item_Init                 30011d40 f   ui_shared.obj
 0001:00010d90       _Item_InitControls         30011d90 f   ui_shared.obj
 0001:00010e00       _Item_ListBox_HandleKey    30011e00 f   ui_shared.obj
 0001:00011630       _Item_ListBox_MaxScroll    30012630 f   ui_shared.obj
 0001:000116e0       _Item_ListBox_MouseEnter   300126e0 f   ui_shared.obj
 0001:00011900       _Item_ListBox_OverLB       30012900 f   ui_shared.obj
 0001:00011d20       _Item_ListBox_Paint        30012d20 f   ui_shared.obj
 0001:000128f0       _Item_ListBox_ThumbDrawPosition 300138f0 f   ui_shared.obj
 0001:00012ab0       _Item_ListBox_ThumbPosition 30013ab0 f   ui_shared.obj
 0001:00012c30       _Item_Model_Paint          30013c30 f   ui_shared.obj
 0001:00013130       _Item_MouseEnter           30014130 f   ui_shared.obj
 0001:00013300       _Item_MouseLeave           30014300 f   ui_shared.obj
 0001:00013380       _Item_Multi_CountSettings  30014380 f   ui_shared.obj
 0001:000133b0       _Item_Multi_FindCvarByValue 300143b0 f   ui_shared.obj
 0001:00013500       _Item_Multi_HandleKey      30014500 f   ui_shared.obj
 0001:000136b0       _Item_Multi_Paint          300146b0 f   ui_shared.obj
 0001:00013930       _Item_Multi_Setting        30014930 f   ui_shared.obj
 0001:00013a90       _Item_OwnerDraw_HandleKey  30014a90 f   ui_shared.obj
 0001:00013ae0       _Item_OwnerDraw_Paint      30014ae0 f   ui_shared.obj
 0001:00014170       _Item_Paint                30015170 f   ui_shared.obj
 0001:000148f0       _Item_Parse                300158f0 f   ui_shared.obj
 0001:00014a30       _Item_RunScript            30015a30 f   ui_shared.obj
 0001:00014bc0       _Item_SetFocus             30015bc0 f   ui_shared.obj
 0001:00014e20       _Item_SetMouseOver         30015e20 f   ui_shared.obj
 0001:00014e60       _Item_SetScreenCoords      30015e60 f   ui_shared.obj
 0001:00014f10       _Item_SetTextExtents       30015f10 f   ui_shared.obj
 0001:000151d0       _Item_SetupKeywordHash     300161d0 f   ui_shared.obj
 0001:00015230       _Item_Slider_HandleKey     30016230 f   ui_shared.obj
 0001:00015460       _Item_Slider_OverSlider    30016460 f   ui_shared.obj
 0001:00015510       _Item_Slider_Paint         30016510 f   ui_shared.obj
 0001:000157f0       _Item_Slider_ThumbPosition 300167f0 f   ui_shared.obj
 0001:00015910       _Item_StartCapture         30016910 f   ui_shared.obj
 0001:00015b30       _Item_StopCapture          30016b30 f   ui_shared.obj
 0001:00015b40       _Item_TextColor            30016b40 f   ui_shared.obj
 0001:00015eb0       _Item_TextField_HandleKey  30016eb0 f   ui_shared.obj
 0001:00016520       _Item_TextField_Paint      30017520 f   ui_shared.obj
 0001:00016910       _Item_Text_AutoWrapped_Paint 30017910 f   ui_shared.obj
 0001:00016d50       _Item_Text_Paint           30017d50 f   ui_shared.obj
 0001:00016ec0       _Item_Text_Wrapped_Paint   30017ec0 f   ui_shared.obj
 0001:00017170       _Item_UpdatePosition       30018170 f   ui_shared.obj
 0001:00017210       _Item_ValidateTypeData     30018210 f   ui_shared.obj
 0001:00017360       _Item_YesNo_HandleKey      30018360 f   ui_shared.obj
 0001:00017460       _Item_YesNo_Paint          30018460 f   ui_shared.obj
 0001:00017750       _KeywordHash_Add           30018750 f   ui_shared.obj
 0001:00017790       _KeywordHash_Find          30018790 f   ui_shared.obj
 0001:000177f0       _KeywordHash_Key           300187f0 f   ui_shared.obj
 0001:000178a0       _LerpColor                 300188a0 f   ui_shared.obj
 0001:00017a00       _Menu_ClearFocus           30018a00 f   ui_shared.obj
 0001:00017b80       _Menu_Count                30018b80 f   ui_shared.obj
 0001:00017ba0       _Menu_FadeItemByName       30018ba0 f   ui_shared.obj
 0001:00017c40       _Menu_FindItemByName       30018c40 f   ui_shared.obj
 0001:00017cc0       _Menu_GetFocused           30018cc0 f   ui_shared.obj
 0001:00017d30       _Menu_GetFocusedItem       30018d30 f   ui_shared.obj
 0001:00017d90       _Menu_GetMatchingItemByNumber 30018d90 f   ui_shared.obj
 0001:00017e50       _Menu_HandleKey            30018e50 f   ui_shared.obj
 0001:00018460       _Menu_HandleMouseMove      30019460 f   ui_shared.obj
 0001:000186d0       _Menu_HitTest              300196d0 f   ui_shared.obj
 0001:00018750       _Menu_Init                 30019750 f   ui_shared.obj
 0001:000187d0       _Menu_ItemsMatchingGroup   300197d0 f   ui_shared.obj
 0001:00018870       _Menu_New                  30019870 f   ui_shared.obj
 0001:000188e0       _Menu_OrbitItemByName      300198e0 f   ui_shared.obj
 0001:00018af0       _Menu_Paint                30019af0 f   ui_shared.obj
 0001:00018d10       _Menu_PaintAll             30019d10 f   ui_shared.obj
 0001:00018e40       _Menu_Parse                30019e40 f   ui_shared.obj
 0001:00018f90       _Menu_PostParse            30019f90 f   ui_shared.obj
 0001:00019000       _Menu_Reset                3001a000 f   ui_shared.obj
 0001:00019090       _Menu_ScrollFeeder         3001a090 f   ui_shared.obj
 0001:00019130       _Menu_SetFeederSelection   3001a130 f   ui_shared.obj
 0001:00019250       _Menu_SetNextCursorItem    3001a250 f   ui_shared.obj
 0001:000193c0       _Menu_SetPrevCursorItem    3001a3c0 f   ui_shared.obj
 0001:00019530       _Menu_SetupKeywordHash     3001a530 f   ui_shared.obj
 0001:00019590       _Menu_ShowItemByName       3001a590 f   ui_shared.obj
 0001:00019640       _Menu_TransitionItemByName 3001a640 f   ui_shared.obj
 0001:000197a0       _Menu_UpdatePosition       3001a7a0 f   ui_shared.obj
 0001:00019850       _Menus_Activate            3001a850 f   ui_shared.obj
 0001:00019900       _Menus_ActivateByName      3001a900 f   ui_shared.obj
 0001:000199e0       _Menus_AnyFullScreenVisible 3001a9e0 f   ui_shared.obj
 0001:00019a40       _Menus_CloseAll            3001aa40 f   ui_shared.obj
 0001:00019ab0       _Menus_CloseByName         3001aab0 f   ui_shared.obj
 0001:00019af0       _Menus_FindByName          3001aaf0 f   ui_shared.obj
 0001:00019b50       _Menus_HandleOOBClick      3001ab50 f   ui_shared.obj
 0001:00019cc0       _Menus_OpenByName          3001acc0 f   ui_shared.obj
 0001:00019ce0       _Menus_ShowByName          3001ace0 f   ui_shared.obj
 0001:00019d20       _PC_Color_Parse            3001ad20 f   ui_shared.obj
 0001:00019d80       _PC_Float_Parse            3001ad80 f   ui_shared.obj
 0001:00019e70       _PC_Int_Parse              3001ae70 f   ui_shared.obj
 0001:00019f50       _PC_Rect_Parse             3001af50 f   ui_shared.obj
 0001:00019fd0       _PC_Script_Parse           3001afd0 f   ui_shared.obj
 0001:0001a130       _PC_SourceError            3001b130 f   ui_shared.obj
 0001:0001a1f0       _PC_SourceWarning          3001b1f0 f   ui_shared.obj
 0001:0001a2b0       _PC_String_Parse           3001b2b0 f   ui_shared.obj
 0001:0001a310       _Rect_ContainsPoint        3001b310 f   ui_shared.obj
 0001:0001a380       _Rect_Parse                3001b380 f   ui_shared.obj
 0001:0001a400       _Rect_ToWindowCoords       3001b400 f   ui_shared.obj
 0001:0001a960       _String_Alloc              3001b960 f   ui_shared.obj
 0001:0001aac0       _String_Init               3001bac0 f   ui_shared.obj
 0001:0001ab50       _String_Parse              3001bb50 f   ui_shared.obj
 0001:0001abb0       _String_Report             3001bbb0 f   ui_shared.obj
 0001:0001ac90       _ToWindowCoords            3001bc90 f   ui_shared.obj
 0001:0001ad00       _UI_Alloc                  3001bd00 f   ui_shared.obj
 0001:0001ad80       _UI_InitMemory             3001bd80 f   ui_shared.obj
 0001:0001adb0       _UI_OutOfMemory            3001bdb0 f   ui_shared.obj
 0001:0001aeb0       _Window_Init               3001beb0 f   ui_shared.obj
 0001:0001af50       _Window_Paint              3001bf50 f   ui_shared.obj
 0001:0001b750       _CG_TargetCommand_f        3001c750 f   cg_consolecmds.obj
 0001:0001c430       _CG_ConsoleCommand         3001d430 f   cg_consolecmds.obj
 0001:0001c4a0       _CG_InitConsoleCommands    3001d4a0 f   cg_consolecmds.obj
 0001:0001c640       _CG_AddLagometerFrameInfo  3001d640 f   cg_draw.obj
 0001:0001c680       _CG_AddLagometerSnapshotInfo 3001d680 f   cg_draw.obj
 0001:0001c6f0       _CG_CenterPrint            3001d6f0 f   cg_draw.obj
 0001:0001c890       _CG_Draw3DModel            3001d890 f   cg_draw.obj
 0001:0001ca30       _CG_DrawActive             3001da30 f   cg_draw.obj
 0001:0001d6f0       _CG_DrawFlagModel          3001e6f0 f   cg_draw.obj
 0001:0001dad0       _CG_DrawHead               3001ead0 f   cg_draw.obj
 0001:0001ea20       _CG_DrawTeamBackground     3001fa20 f   cg_draw.obj
 0001:0001f2f0       _CG_DrawTimedMenus         300202f0 f   cg_draw.obj
 0001:0001fbe0       _CG_Text_Height            30020be0 f   cg_draw.obj
 0001:0001fd20       _CG_Text_Paint             30020d20 f   cg_draw.obj
 0001:000200a0       _CG_Text_PaintChar         300210a0 f   cg_draw.obj
 0001:00020150       _CG_Text_Width             30021150 f   cg_draw.obj
 0001:00020290       _CG_AdjustFrom640          30021290 f   cg_drawtools.obj
 0001:00020300       _CG_ColorForHealth         30021300 f   cg_drawtools.obj
 0001:00020350       _CG_DrawBigString          30021350 f   cg_drawtools.obj
 0001:000203f0       _CG_DrawBigStringColor     300213f0 f   cg_drawtools.obj
 0001:00020430       _CG_DrawChar               30021430 f   cg_drawtools.obj
 0001:00020560       _CG_DrawPic                30021560 f   cg_drawtools.obj
 0001:00020600       _CG_DrawRect               30021600 f   cg_drawtools.obj
 0001:000206b0       _CG_DrawSides              300216b0 f   cg_drawtools.obj
 0001:000207e0       _CG_DrawSmallString        300217e0 f   cg_drawtools.obj
 0001:00020880       _CG_DrawSmallStringColor   30021880 f   cg_drawtools.obj
 0001:000208c0       _CG_DrawStringExt          300218c0 f   cg_drawtools.obj
 0001:00020b10       _CG_DrawStrlen             30021b10 f   cg_drawtools.obj
 0001:00020b90       _CG_DrawTopBottom          30021b90 f   cg_drawtools.obj
 0001:00020cc0       _CG_FadeColor              30021cc0 f   cg_drawtools.obj
 0001:00020da0       _CG_FillRect               30021da0 f   cg_drawtools.obj
 0001:00020e50       _CG_GetColorForHealth      30021e50 f   cg_drawtools.obj
 0001:00021000       _CG_TeamColor              30022000 f   cg_drawtools.obj
 0001:00021050       _CG_TileClear              30022050 f   cg_drawtools.obj
 0001:00021230       _UI_DrawBannerString       30022230 f   cg_drawtools.obj
 0001:000215b0       _UI_DrawProportionalString 300225b0 f   cg_drawtools.obj
 0001:00021ba0       _UI_ProportionalSizeScale  30022ba0 f   cg_drawtools.obj
 0001:00021bd0       _UI_ProportionalStringWidth 30022bd0 f   cg_drawtools.obj
 0001:00021c50       _CG_BigExplode             30022c50 f   cg_effects.obj
 0001:000222c0       _CG_Bleed                  300232c0 f   cg_effects.obj
 0001:000223e0       _CG_BubbleTrail            300233e0 f   cg_effects.obj
 0001:00022950       _CG_GibPlayer              30023950 f   cg_effects.obj
 0001:000235d0       _CG_InvulnerabilityImpact  300245d0 f   cg_effects.obj
 0001:00023790       _CG_InvulnerabilityJuiced  30024790 f   cg_effects.obj
 0001:00023980       _CG_KamikazeEffect         30024980 f   cg_effects.obj
 0001:00023b30       _CG_LaunchExplode          30024b30 f   cg_effects.obj
 0001:00023d10       _CG_LaunchGib              30024d10 f   cg_effects.obj
 0001:00023ef0       _CG_LightningBoltBeam      30024ef0 f   cg_effects.obj
 0001:00024000       _CG_MakeExplosion          30025000 f   cg_effects.obj
 0001:00024400       _CG_ObeliskExplode         30025400 f   cg_effects.obj
 0001:00024520       _CG_ObeliskPain            30025520 f   cg_effects.obj
 0001:000245a0       _CG_ScorePlum              300255a0 f   cg_effects.obj
 0001:00024850       _CG_SmokePuff              30025850 f   cg_effects.obj
 0001:00024be0       _CG_SpawnEffect            30025be0 f   cg_effects.obj
 0001:00024eb0       _CG_AddPacketEntities      30025eb0 f   cg_ents.obj
 0001:000250a0       _CG_AdjustPositionForMover 300260a0 f   cg_ents.obj
 0001:000253b0       _CG_Beam                   300263b0 f   cg_ents.obj
 0001:00027890       _CG_PositionEntityOnTag    30028890 f   cg_ents.obj
 0001:00027a70       _CG_PositionRotatedEntityOnTag 30028a70 f   cg_ents.obj
 0001:00027c60       _CG_SetEntitySoundPosition 30028c60 f   cg_ents.obj
 0001:000289c0       _CG_CheckEvents            300299c0 f   cg_event.obj
 0001:00028ac0       _CG_EntityEvent            30029ac0 f   cg_event.obj
 0001:0002ac90       _CG_PainEvent              3002bc90 f   cg_event.obj
 0001:0002ad40       _CG_PlaceString            3002bd40 f   cg_event.obj
 0001:0002aff0       _CG_DrawInformation        3002bff0 f   cg_info.obj
 0001:0002b680       _CG_LoadingClient          3002c680 f   cg_info.obj
 0001:0002b870       _CG_LoadingItem            3002c870 f   cg_info.obj
 0001:0002b8e0       _CG_LoadingString          3002c8e0 f   cg_info.obj
 0001:0002ba50       _CG_AddFadeRGB             3002ca50 f   cg_localents.obj
 0001:0002bd20       _CG_AddFragment            3002cd20 f   cg_localents.obj
 0001:0002c020       _CG_AddInvulnerabilityImpact 3002d020 f   cg_localents.obj
 0001:0002c050       _CG_AddInvulnerabilityJuiced 3002d050 f   cg_localents.obj
 0001:0002c190       _CG_AddKamikaze            3002d190 f   cg_localents.obj
 0001:0002d1e0       _CG_AddLocalEntities       3002e1e0 f   cg_localents.obj
 0001:0002d550       _CG_AddRefEntity           3002e550 f   cg_localents.obj
 0001:0002d710       _CG_AddScorePlum           3002e710 f   cg_localents.obj
 0001:0002e0d0       _CG_AllocLocalEntity       3002f0d0 f   cg_localents.obj
 0001:0002e150       _CG_BloodTrail             3002f150 f   cg_localents.obj
 0001:0002e270       _CG_FragmentBounceMark     3002f270 f   cg_localents.obj
 0001:0002e3e0       _CG_FragmentBounceSound    3002f3e0 f   cg_localents.obj
 0001:0002e460       _CG_FreeLocalEntity        3002f460 f   cg_localents.obj
 0001:0002e4c0       _CG_InitLocalEntities      3002f4c0 f   cg_localents.obj
 0001:0002e540       _CG_ReflectVelocity        3002f540 f   cg_localents.obj
 0001:0002e9d0       _CG_Argv                   3002f9d0 f   cg_main.obj
 0001:0002ea00       _CG_AssetCache             3002fa00 f   cg_main.obj
 0001:0002eb80       _CG_Asset_Parse            3002fb80 f   cg_main.obj
 0001:0002f0d0       _CG_BuildSpectatorString   300300d0 f   cg_main.obj
 0001:0002f190       _CG_ConfigString           30030190 f   cg_main.obj
 0001:0002f1d0       _CG_CrosshairPlayer        300301d0 f   cg_main.obj
 0001:0002f2b0       _CG_Error                  300302b0 f   cg_main.obj
 0001:0002f820       _CG_GetMenuBuffer          30030820 f   cg_main.obj
 0001:0002f990       _CG_Init                   30030990 f   cg_main.obj
 0001:0002fc10       _CG_LastAttacker           30030c10 f   cg_main.obj
 0001:0002fc50       _CG_LoadHudMenu            30030c50 f   cg_main.obj
 0001:0002fe90       _CG_LoadMenus              30030e90 f   cg_main.obj
 0001:00030060       _CG_Load_Menu              30031060 f   cg_main.obj
 0001:00030230       _CG_ParseMenu              30031230 f   cg_main.obj
 0001:00030380       _CG_Printf                 30031380 f   cg_main.obj
 0001:00030480       _CG_RegisterCvars          30031480 f   cg_main.obj
 0001:00032260       _CG_SetScoreSelection      30033260 f   cg_main.obj
 0001:00032370       _CG_Shutdown               30033370 f   cg_main.obj
 0001:00032380       _CG_StartMusic             30033380 f   cg_main.obj
 0001:00032420       _CG_Text_PaintWithCursor   30033420 f   cg_main.obj
 0001:00032480       _CG_UpdateCvars            30033480 f   cg_main.obj
 0001:00032550       _Com_Error                 30033550 f   cg_main.obj
 0001:000325b0       _Com_Printf                300335b0 f   cg_main.obj
 0001:00032610       _vmMain                    30033610 f   cg_main.obj
 0001:00032720       _CG_AddMarks               30033720 f   cg_marks.obj
 0001:00032a20       _CG_AddParticleShrapnel    30033a20 f   cg_marks.obj
 0001:00032a30       _CG_AddParticleToScene     30033a30 f   cg_marks.obj
 0001:00038de0       _CG_AddParticles           30039de0 f   cg_marks.obj
 0001:000393e0       _CG_AllocMark              3003a3e0 f   cg_marks.obj
 0001:00039480       _CG_BloodPool              3003a480 f   cg_marks.obj
 0001:00039770       _CG_ClearParticles         3003a770 f   cg_marks.obj
 0001:000398b0       _CG_FreeMarkPoly           3003a8b0 f   cg_marks.obj
 0001:00039910       _CG_ImpactMark             3003a910 f   cg_marks.obj
 0001:0003a110       _CG_InitMarkPolys          3003b110 f   cg_marks.obj
 0001:0003a190       _CG_NewParticleArea        3003b190 f   cg_marks.obj
 0001:0003a400       _CG_OilSlickRemove         3003b400 f   cg_marks.obj
 0001:0003a490       _CG_ParticleBloodCloud     3003b490 f   cg_marks.obj
 0001:0003a8b0       _CG_ParticleBubble         3003b8b0 f   cg_marks.obj
 0001:0003ad10       _CG_ParticleBulletDebris   3003bd10 f   cg_marks.obj
 0001:0003af50       _CG_ParticleDust           3003bf50 f   cg_marks.obj
 0001:0003b5c0       _CG_ParticleExplosion      3003c5c0 f   cg_marks.obj
 0001:0003b870       _CG_ParticleImpactSmokePuff 3003c870 f   cg_marks.obj
 0001:0003baf0       _CG_ParticleMisc           3003caf0 f   cg_marks.obj
 0001:0003bc70       _CG_ParticleSmoke          3003cc70 f   cg_marks.obj
 0001:0003bf20       _CG_ParticleSnow           3003cf20 f   cg_marks.obj
 0001:0003c310       _CG_ParticleSnowFlurry     3003d310 f   cg_marks.obj
 0001:0003c7c0       _CG_ParticleSparks         3003d7c0 f   cg_marks.obj
 0001:0003cc30       _CG_Particle_Bleed         3003dc30 f   cg_marks.obj
 0001:0003ce80       _CG_Particle_OilParticle   3003de80 f   cg_marks.obj
 0001:0003d140       _CG_Particle_OilSlick      3003e140 f   cg_marks.obj
 0001:0003d4c0       _CG_SnowLink               3003e4c0 f   cg_marks.obj
 0001:0003d720       _ValidBloodPool            3003e720 f   cg_marks.obj
 0001:0003dc00       _CG_CheckOrderPending      3003ec00 f   cg_newDraw.obj
 0001:0003dde0       _CG_ClientNumFromName      3003ede0 f   cg_newDraw.obj
 0001:0003edb0       _CG_DrawMedal              3003fdb0 f   cg_newDraw.obj
 0001:0003f0a0       _CG_DrawNewTeamInfo        300400a0 f   cg_newDraw.obj
 0001:00041930       _CG_DrawTeamSpectators     30042930 f   cg_newDraw.obj
 0001:00041c20       _CG_EventHandling          30042c20 f   cg_newDraw.obj
 0001:00041c50       _CG_GameTypeString         30042c50 f   cg_newDraw.obj
 0001:00041cd0       _CG_GetGameStatusText      30042cd0 f   cg_newDraw.obj
 0001:00041e20       _CG_GetKillerText          30042e20 f   cg_newDraw.obj
 0001:00041e70       _CG_GetSelectedPlayer      30042e70 f   cg_newDraw.obj
 0001:00041eb0       _CG_GetTeamColor           30042eb0 f   cg_newDraw.obj
 0001:00042020       _CG_GetValue               30043020 f   cg_newDraw.obj
 0001:00042480       _CG_HideTeamMenu           30043480 f   cg_newDraw.obj
 0001:000424b0       _CG_InitTeamChat           300434b0 f   cg_newDraw.obj
 0001:00042500       _CG_KeyEvent               30043500 f   cg_newDraw.obj
 0001:000425b0       _CG_MouseEvent             300435b0 f   cg_newDraw.obj
 0001:00042860       _CG_OtherTeamHasFlag       30043860 f   cg_newDraw.obj
 0001:00042920       _CG_OwnerDraw              30043920 f   cg_newDraw.obj
 0001:00043140       _CG_OwnerDrawVisible       30044140 f   cg_newDraw.obj
 0001:000433e0       _CG_RunMenuScript          300443e0 f   cg_newDraw.obj
 0001:000433f0       _CG_SelectNextPlayer       300443f0 f   cg_newDraw.obj
 0001:00043440       _CG_SelectPrevPlayer       30044440 f   cg_newDraw.obj
 0001:00043490       _CG_SetPrintString         30044490 f   cg_newDraw.obj
 0001:00043580       _CG_ShowResponseHead       30044580 f   cg_newDraw.obj
 0001:000435c0       _CG_ShowTeamMenu           300445c0 f   cg_newDraw.obj
 0001:000435e0       _CG_StatusHandle           300445e0 f   cg_newDraw.obj
 0001:00043930       _CG_YourTeamHasFlag        30044930 f   cg_newDraw.obj
 0001:00043ab0       _CG_AddRefEntityWithPowerups 30044ab0 f   cg_players.obj
 0001:000441b0       _CG_CustomSound            300451b0 f   cg_players.obj
 0001:00044b70       _CG_LightVerts             30045b70 f   cg_players.obj
 0001:000451a0       _CG_LoadDeferredPlayers    300461a0 f   cg_players.obj
 0001:00045230       _CG_NewClientInfo          30046230 f   cg_players.obj
 0001:00046290       _CG_Player                 30047290 f   cg_players.obj
 0001:0004aa40       _CG_ResetPlayerEntity      3004ba40 f   cg_players.obj
 0001:0004b9a0       _CG_CheckAmmo              3004c9a0 f   cg_playerstate.obj
 0001:0004bad0       _CG_CheckChangedPredictableEvents 3004cad0 f   cg_playerstate.obj
 0001:0004bbc0       _CG_CheckLocalSounds       3004cbc0 f   cg_playerstate.obj
 0001:0004c3e0       _CG_CheckPlayerstateEvents 3004d3e0 f   cg_playerstate.obj
 0001:0004c530       _CG_DamageFeedback         3004d530 f   cg_playerstate.obj
 0001:0004cab0       _CG_Respawn                3004dab0 f   cg_playerstate.obj
 0001:0004caf0       _CG_TransitionPlayerState  3004daf0 f   cg_playerstate.obj
 0001:0004cd30       _CG_BuildSolidList         3004dd30 f   cg_predict.obj
 0001:0004d370       _CG_PointContents          3004e370 f   cg_predict.obj
 0001:0004d430       _CG_PredictPlayerState     3004e430 f   cg_predict.obj
 0001:0004df20       _CG_Trace                  3004ef20 f   cg_predict.obj
 0001:0004eb20       _CG_DrawOldScoreboard      3004fb20 f   cg_scoreboard.obj
 0001:0004f2e0       _CG_DrawOldTourneyScoreboard 300502e0 f   cg_scoreboard.obj
 0001:0004f7e0       _CG_AddBufferedVoiceChat   300507e0 f   cg_servercmds.obj
 0001:0004fe10       _CG_ExecuteNewServerCommands 30050e10 f   cg_servercmds.obj
 0001:0004fe60       _CG_GetVoiceChat           30050e60 f   cg_servercmds.obj
 0001:0004ff30       _CG_HeadModelVoiceChats    30050f30 f   cg_servercmds.obj
 0001:000500a0       _CG_LoadVoiceChats         300510a0 f   cg_servercmds.obj
 0001:00050600       _CG_ParseServerinfo        30051600 f   cg_servercmds.obj
 0001:000508f0       _CG_ParseVoiceChats        300518f0 f   cg_servercmds.obj
 0001:00050e80       _CG_PlayBufferedVoiceChats 30051e80 f   cg_servercmds.obj
 0001:00050f00       _CG_PlayVoiceChat          30051f00 f   cg_servercmds.obj
 0001:00051410       _CG_SetConfigValues        30052410 f   cg_servercmds.obj
 0001:00051500       _CG_ShaderStateChanged     30052500 f   cg_servercmds.obj
 0001:00051790       _CG_VoiceChat              30052790 f   cg_servercmds.obj
 0001:00051880       _CG_VoiceChatListForClient 30052880 f   cg_servercmds.obj
 0001:00051c30       _CG_VoiceChatLocal         30052c30 f   cg_servercmds.obj
 0001:00051db0       _CG_ProcessSnapshots       30052db0 f   cg_snapshot.obj
 0001:00052100       _CG_SetInitialSnapshot     30053100 f   cg_snapshot.obj
 0001:000525c0       _PASSFLOAT                 300535c0 f   cg_syscalls.obj
 0001:000525e0       _dllEntry                  300535e0 f   cg_syscalls.obj
 0001:00052600       _testPrintFloat            30053600 f   cg_syscalls.obj
 0001:00052640       _testPrintInt              30053640 f   cg_syscalls.obj
 0001:00052670       _trap_AddCommand           30053670 f   cg_syscalls.obj
 0001:00052690       _trap_Argc                 30053690 f   cg_syscalls.obj
 0001:000526b0       _trap_Args                 300536b0 f   cg_syscalls.obj
 0001:000526e0       _trap_Argv                 300536e0 f   cg_syscalls.obj
 0001:00052710       _trap_CIN_DrawCinematic    30053710 f   cg_syscalls.obj
 0001:00052730       _trap_CIN_PlayCinematic    30053730 f   cg_syscalls.obj
 0001:00052770       _trap_CIN_RunCinematic     30053770 f   cg_syscalls.obj
 0001:00052790       _trap_CIN_SetExtents       30053790 f   cg_syscalls.obj
 0001:000527c0       _trap_CIN_StopCinematic    300537c0 f   cg_syscalls.obj
 0001:000527e0       _trap_CM_BoxTrace          300537e0 f   cg_syscalls.obj
 0001:00052820       _trap_CM_CapsuleTrace      30053820 f   cg_syscalls.obj
 0001:00052860       _trap_CM_InlineModel       30053860 f   cg_syscalls.obj
 0001:00052880       _trap_CM_LoadMap           30053880 f   cg_syscalls.obj
 0001:000528a0       _trap_CM_MarkFragments     300538a0 f   cg_syscalls.obj
 0001:000528e0       _trap_CM_NumInlineModels   300538e0 f   cg_syscalls.obj
 0001:00052900       _trap_CM_PointContents     30053900 f   cg_syscalls.obj
 0001:00052930       _trap_CM_TempBoxModel      30053930 f   cg_syscalls.obj
 0001:00052960       _trap_CM_TempCapsuleModel  30053960 f   cg_syscalls.obj
 0001:00052990       _trap_CM_TransformedBoxTrace 30053990 f   cg_syscalls.obj
 0001:000529d0       _trap_CM_TransformedCapsuleTrace 300539d0 f   cg_syscalls.obj
 0001:00052a10       _trap_CM_TransformedPointContents 30053a10 f   cg_syscalls.obj
 0001:00052a40       _trap_Cvar_Register        30053a40 f   cg_syscalls.obj
 0001:00052a70       _trap_Cvar_Set             30053a70 f   cg_syscalls.obj
 0001:00052aa0       _trap_Cvar_Update          30053aa0 f   cg_syscalls.obj
 0001:00052ac0       _trap_Cvar_VariableStringBuffer 30053ac0 f   cg_syscalls.obj
 0001:00052af0       _trap_Error                30053af0 f   cg_syscalls.obj
 0001:00052b10       _trap_FS_FCloseFile        30053b10 f   cg_syscalls.obj
 0001:00052b30       _trap_FS_FOpenFile         30053b30 f   cg_syscalls.obj
 0001:00052b60       _trap_FS_Read              30053b60 f   cg_syscalls.obj
 0001:00052b90       _trap_FS_Seek              30053b90 f   cg_syscalls.obj
 0001:00052bc0       _trap_FS_Write             30053bc0 f   cg_syscalls.obj
 0001:00052bf0       _trap_GetCurrentCmdNumber  30053bf0 f   cg_syscalls.obj
 0001:00052c10       _trap_GetCurrentSnapshotNumber 30053c10 f   cg_syscalls.obj
 0001:00052c40       _trap_GetEntityToken       30053c40 f   cg_syscalls.obj
 0001:00052c70       _trap_GetGameState         30053c70 f   cg_syscalls.obj
 0001:00052c90       _trap_GetGlconfig          30053c90 f   cg_syscalls.obj
 0001:00052cb0       _trap_GetServerCommand     30053cb0 f   cg_syscalls.obj
 0001:00052cd0       _trap_GetSnapshot          30053cd0 f   cg_syscalls.obj
 0001:00052d00       _trap_GetUserCmd           30053d00 f   cg_syscalls.obj
 0001:00052d30       _trap_Key_GetCatcher       30053d30 f   cg_syscalls.obj
 0001:00052d50       _trap_Key_GetKey           30053d50 f   cg_syscalls.obj
 0001:00052d70       _trap_Key_IsDown           30053d70 f   cg_syscalls.obj
 0001:00052d90       _trap_Key_SetCatcher       30053d90 f   cg_syscalls.obj
 0001:00052db0       _trap_MemoryRemaining      30053db0 f   cg_syscalls.obj
 0001:00052dd0       _trap_Milliseconds         30053dd0 f   cg_syscalls.obj
 0001:00052df0       _trap_PC_AddGlobalDefine   30053df0 f   cg_syscalls.obj
 0001:00052e10       _trap_PC_FreeSource        30053e10 f   cg_syscalls.obj
 0001:00052e30       _trap_PC_LoadSource        30053e30 f   cg_syscalls.obj
 0001:00052e50       _trap_PC_ReadToken         30053e50 f   cg_syscalls.obj
 0001:00052e80       _trap_PC_SourceFileAndLine 30053e80 f   cg_syscalls.obj
 0001:00052eb0       _trap_Print                30053eb0 f   cg_syscalls.obj
 0001:00052ed0       _trap_R_AddAdditiveLightToScene 30053ed0 f   cg_syscalls.obj
 0001:00052f40       _trap_R_AddLightToScene    30053f40 f   cg_syscalls.obj
 0001:00052fb0       _trap_R_AddPolyToScene     30053fb0 f   cg_syscalls.obj
 0001:00052ff0       _trap_R_AddPolysToScene    30053ff0 f   cg_syscalls.obj
 0001:00053020       _trap_R_AddRefEntityToScene 30054020 f   cg_syscalls.obj
 0001:00053040       _trap_R_ClearScene         30054040 f   cg_syscalls.obj
 0001:00053060       _trap_R_DrawStretchPic     30054060 f   cg_syscalls.obj
 0001:00053120       _trap_R_LerpTag            30054120 f   cg_syscalls.obj
 0001:00053170       _trap_R_LightForPoint      30054170 f   cg_syscalls.obj
 0001:000531a0       _trap_R_LoadWorldMap       300541a0 f   cg_syscalls.obj
 0001:000531c0       _trap_R_ModelBounds        300541c0 f   cg_syscalls.obj
 0001:000531f0       _trap_R_RegisterFont       300541f0 f   cg_syscalls.obj
 0001:00053220       _trap_R_RegisterModel      30054220 f   cg_syscalls.obj
 0001:00053240       _trap_R_RegisterShader     30054240 f   cg_syscalls.obj
 0001:00053260       _trap_R_RegisterShaderNoMip 30054260 f   cg_syscalls.obj
 0001:00053280       _trap_R_RegisterSkin       30054280 f   cg_syscalls.obj
 0001:000532a0       _trap_R_RemapShader        300542a0 f   cg_syscalls.obj
 0001:000532d0       _trap_R_RenderScene        300542d0 f   cg_syscalls.obj
 0001:000532f0       _trap_R_SetColor           300542f0 f   cg_syscalls.obj
 0001:00053310       _trap_R_inPVS              30054310 f   cg_syscalls.obj
 0001:00053340       _trap_RealTime             30054340 f   cg_syscalls.obj
 0001:00053360       _trap_RemoveCommand        30054360 f   cg_syscalls.obj
 0001:00053380       _trap_S_AddLoopingSound    30054380 f   cg_syscalls.obj
 0001:000533b0       _trap_S_AddRealLoopingSound 300543b0 f   cg_syscalls.obj
 0001:000533e0       _trap_S_ClearLoopingSounds 300543e0 f   cg_syscalls.obj
 0001:00053400       _trap_S_RegisterSound      30054400 f   cg_syscalls.obj
 0001:00053430       _trap_S_Respatialize       30054430 f   cg_syscalls.obj
 0001:00053460       _trap_S_StartBackgroundTrack 30054460 f   cg_syscalls.obj
 0001:00053490       _trap_S_StartLocalSound    30054490 f   cg_syscalls.obj
 0001:000534c0       _trap_S_StartSound         300544c0 f   cg_syscalls.obj
 0001:000534f0       _trap_S_StopBackgroundTrack 300544f0 f   cg_syscalls.obj
 0001:00053510       _trap_S_StopLoopingSound   30054510 f   cg_syscalls.obj
 0001:00053530       _trap_S_UpdateEntityPosition 30054530 f   cg_syscalls.obj
 0001:00053560       _trap_SendClientCommand    30054560 f   cg_syscalls.obj
 0001:00053580       _trap_SendConsoleCommand   30054580 f   cg_syscalls.obj
 0001:000535a0       _trap_SetUserCmdValue      300545a0 f   cg_syscalls.obj
 0001:000535e0       _trap_SnapVector           300545e0 f   cg_syscalls.obj
 0001:00053600       _trap_UpdateScreen         30054600 f   cg_syscalls.obj
 0001:00053620       _CG_AddBufferedSound       30054620 f   cg_view.obj
 0001:00054550       _CG_DrawActiveFrame        30055550 f   cg_view.obj
 0001:00055960       _CG_TestGun_f              30056960 f   cg_view.obj
 0001:00055990       _CG_TestModelNextFrame_f   30056990 f   cg_view.obj
 0001:000559c0       _CG_TestModelNextSkin_f    300569c0 f   cg_view.obj
 0001:000559f0       _CG_TestModelPrevFrame_f   300569f0 f   cg_view.obj
 0001:00055a30       _CG_TestModelPrevSkin_f    30056a30 f   cg_view.obj
 0001:00055a70       _CG_TestModel_f            30056a70 f   cg_view.obj
 0001:00055c70       _CG_ZoomDown_f             30056c70 f   cg_view.obj
 0001:00055ca0       _CG_ZoomUp_f               30056ca0 f   cg_view.obj
 0001:00055cd0       _CG_AddPlayerWeapon        30056cd0 f   cg_weapons.obj
 0001:00056480       _CG_AddViewWeapon          30057480 f   cg_weapons.obj
 0001:00056ad0       _CG_Bullet                 30057ad0 f   cg_weapons.obj
 0001:00057310       _CG_DrawWeaponSelect       30058310 f   cg_weapons.obj
 0001:00057580       _CG_FireWeapon             30058580 f   cg_weapons.obj
 0001:000576c0       _CG_GrappleTrail           300586c0 f   cg_weapons.obj
 0001:00058b90       _CG_MissileHitPlayer       30059b90 f   cg_weapons.obj
 0001:00058c10       _CG_MissileHitWall         30059c10 f   cg_weapons.obj
 0001:000599f0       _CG_NextWeapon_f           3005a9f0 f   cg_weapons.obj
 0001:00059aa0       _CG_OutOfAmmoChange        3005aaa0 f   cg_weapons.obj
 0001:0005a450       _CG_PrevWeapon_f           3005b450 f   cg_weapons.obj
 0001:0005a500       _CG_RailTrail              3005b500 f   cg_weapons.obj
 0001:0005b190       _CG_RegisterItemVisuals    3005c190 f   cg_weapons.obj
 0001:0005b2d0       _CG_RegisterWeapon         3005c2d0 f   cg_weapons.obj
 0001:0005cbb0       _CG_ShotgunFire            3005dbb0 f   cg_weapons.obj
 0001:0005d380       _CG_Tracer                 3005e380 f   cg_weapons.obj
 0001:0005e070       _CG_Weapon_f               3005f070 f   cg_weapons.obj
 0001:0005e370       _cos                       3005f370 f   LIBCMTD:cos.obj
 0001:0005e3b0       __CIcos                    3005f3b0 f   LIBCMTD:cos.obj
 0001:0005e3eb       __CIcos_default            3005f3eb f   LIBCMTD:cos.obj
 0001:0005e3ff       __cos_default              3005f3ff     LIBCMTD:cos.obj
 0001:0005e4a0       _fabs                      3005f4a0 f   LIBCMTD:fabs.obj
 0001:0005e5a0       _sin                       3005f5a0 f   LIBCMTD:sin.obj
 0001:0005e5e0       __CIsin                    3005f5e0 f   LIBCMTD:sin.obj
 0001:0005e61b       __CIsin_default            3005f61b f   LIBCMTD:sin.obj
 0001:0005e62f       __sin_default              3005f62f     LIBCMTD:sin.obj
 0001:0005e6d0       ??0_LocaleUpdate@@QAE@PAUlocaleinfo_struct@@@Z 3005f6d0 f i LIBCMTD:atof.obj
 0001:0005e7b0       ??1_LocaleUpdate@@QAE@XZ   3005f7b0 f i LIBCMTD:atof.obj
 0001:0005e7e0       ?GetLocaleT@_LocaleUpdate@@QAEPAUlocaleinfo_struct@@XZ 3005f7e0 f i LIBCMTD:atof.obj
 0001:0005e7f0       ___STRINGTOLD              3005f7f0 f   LIBCMTD:atof.obj
 0001:0005e840       ___strgtold12              3005f840 f   LIBCMTD:atof.obj
 0001:0005e890       __atof_l                   3005f890 f   LIBCMTD:atof.obj
 0001:0005e9e0       _atof                      3005f9e0 f   LIBCMTD:atof.obj
 0001:0005ea00       @__security_check_cookie@4 3005fa00 f   LIBCMTD:secchk.obj
 0001:0005ea10       __fpmath                   3005fa10 f   LIBCMTD:fpinit.obj
 0001:0005ea30       ___setfflag                3005fa30 f   LIBCMTD:fpinit.obj
 0001:0005ea50       __cfltcvt_init             3005fa50 f   LIBCMTD:fpinit.obj
 0001:0005eb10       __abs64                    3005fb10 f   LIBCMTD:abs.obj
 0001:0005eb50       _abs                       3005fb50 f   LIBCMTD:abs.obj
 0001:0005eb80       __CIsqrt                   3005fb80 f   LIBCMTD:sqrt.obj
 0001:0005eb94       _sqrt                      3005fb94     LIBCMTD:sqrt.obj
 0001:0005ec40       _memset                    3005fc40 f   LIBCMTD:memset.obj
 0001:0005ecd0       __invoke_watson_if_error   3005fcd0 f i LIBCMTD:wassert.obj
 0001:0005ed10       __wassert                  3005fd10 f   LIBCMTD:wassert.obj
 0001:0005f950       _atan2                     30060950 f   LIBCMTD:87ctriga.obj
 0001:0005f95a       __CIatan2                  3006095a f   LIBCMTD:87ctriga.obj
 0001:0005f970       _memcpy                    30060970 f   LIBCMTD:memcpy.obj
 0001:0005ffc0       ___raise_securityfailure   30060fc0 f   LIBCMTD:gs_report.obj
 0001:00060010       ___report_gsfailure        30061010 f   LIBCMTD:gs_report.obj
 0001:00060120       ___report_rangecheckfailure 30061120 f   LIBCMTD:gs_report.obj
 0001:00060130       ___report_securityfailure  30061130 f   LIBCMTD:gs_report.obj
 0001:00060210       ___report_securityfailureEx 30061210 f   LIBCMTD:gs_report.obj
 0001:00060340       __vscprintf                30061340 f   LIBCMTD:vsprintf.obj
 0001:00060360       __vscprintf_helper         30061360 f   LIBCMTD:vsprintf.obj
 0001:00060450       __vscprintf_l              30061450 f   LIBCMTD:vsprintf.obj
 0001:00060470       __vscprintf_p              30061470 f   LIBCMTD:vsprintf.obj
 0001:00060490       __vscprintf_p_l            30061490 f   LIBCMTD:vsprintf.obj
 0001:000604b0       __vsprintf_l               300614b0 f   LIBCMTD:vsprintf.obj
 0001:00060670       _vsprintf                  30061670 f   LIBCMTD:vsprintf.obj
 0001:00060690       _strcpy                    30061690 f   LIBCMTD:strcat.obj
 0001:000606a0       _strcat                    300616a0 f   LIBCMTD:strcat.obj
 0001:00060790       _strcmp                    30061790 f   LIBCMTD:strcmp.obj
 0001:00060820       _strlen                    30061820 f   LIBCMTD:strlen.obj
 0001:000608b0       _strchr                    300618b0 f   LIBCMTD:strchr.obj
 0001:0006091e       ___from_strstr_to_strchr   3006191e     LIBCMTD:strchr.obj
 0001:000609e0       _strncpy                   300619e0 f   LIBCMTD:strncpy.obj
 0001:00060b10       __toupper                  30061b10 f   LIBCMTD:toupper.obj
 0001:00060b20       __toupper_l                30061b20 f   LIBCMTD:toupper.obj
 0001:00060d60       _toupper                   30061d60 f   LIBCMTD:toupper.obj
 0001:00060db0       __tolower                  30061db0 f   LIBCMTD:tolower.obj
 0001:00060dc0       __tolower_l                30061dc0 f   LIBCMTD:tolower.obj
 0001:00061000       _tolower                   30062000 f   LIBCMTD:tolower.obj
 0001:00061050       __alloca_probe             30062050 f   LIBCMTD:chkstk.obj
 0001:00061050       __chkstk                   30062050 f   LIBCMTD:chkstk.obj
 0001:00061080       _memmove                   30062080 f   LIBCMTD:memmove.obj
 0001:000616d0       __atoi64                   300626d0 f   LIBCMTD:atox.obj
 0001:000616f0       __atoi64_l                 300626f0 f   LIBCMTD:atox.obj
 0001:00061710       __atoi_l                   30062710 f   LIBCMTD:atox.obj
 0001:00061730       __atol_l                   30062730 f   LIBCMTD:atox.obj
 0001:00061750       __atoll_l                  30062750 f   LIBCMTD:atox.obj
 0001:00061770       _atoi                      30062770 f   LIBCMTD:atox.obj
 0001:00061790       _atol                      30062790 f   LIBCMTD:atox.obj
 0001:000617b0       _atoll                     300627b0 f   LIBCMTD:atox.obj
 0001:000617d0       _rand                      300627d0 f   LIBCMTD:rand.obj
 0001:00061810       _srand                     30062810 f   LIBCMTD:rand.obj
 0001:00061820       _acos                      30062820 f   LIBCMTD:acos.obj
 0001:00061860       __CIacos                   30062860 f   LIBCMTD:acos.obj
 0001:0006189b       __CIacos_default           3006289b f   LIBCMTD:acos.obj
 0001:000618af       __acos_default             300628af     LIBCMTD:acos.obj
 0001:00061970       _floor                     30062970 f   LIBCMTD:floor_pentium4.obj
 0001:000619b0       __floor_pentium4           300629b0 f   LIBCMTD:floor_pentium4.obj
 0001:00061aa0       __ftol2_sse                30062aa0 f   LIBCMTD:ftol2.obj
 0001:00061aa9       __ftol2_pentium4           30062aa9 f   LIBCMTD:ftol2.obj
 0001:00061abc       __ftol2_sse_excpt          30062abc f   LIBCMTD:ftol2.obj
 0001:00061ad6       __ftol2                    30062ad6 f   LIBCMTD:ftol2.obj
 0001:00061b50       _strstr                    30062b50 f   LIBCMTD:strstr.obj
 0001:00061dc0       _tan                       30062dc0 f   LIBCMTD:tan.obj
 0001:00061e00       __CItan                    30062e00 f   LIBCMTD:tan.obj
 0001:00061e3b       __CItan_default            30062e3b f   LIBCMTD:tan.obj
 0001:00061e4f       __tan_default              30062e4f     LIBCMTD:tan.obj
 0001:00061ef0       __CRT_INIT@12              30062ef0 f   LIBCMTD:dllcrt0.obj
 0001:00062140       __DllMainCRTStartup@12     30063140 f   LIBCMTD:dllcrt0.obj
 0001:00062330       ___DllXcptFilter           30063330 f   LIBCMTD:dllcrt0.obj
 0001:00062360       __sse2_mathfcns_init       30063360 f   LIBCMTD:mathfcns.obj
 0001:00062380       __set_SSE2_enable          30063380 f   LIBCMTD:mathfcns.obj
 0001:000623d0       __CIcos_pentium4           300633d0 f   LIBCMTD:cos_pentium4.obj
 0001:000623e8       __cos_pentium4             300633e8     LIBCMTD:cos_pentium4.obj
 0001:00062580       __trandisp1                30063580 f   LIBCMTD:87disp.obj
 0001:000625e7       __trandisp2                300635e7 f   LIBCMTD:87disp.obj
 0001:00062673       __rttospopde               30063673     LIBCMTD:87disp.obj
 0001:00062678       __rttospop                 30063678     LIBCMTD:87disp.obj
 0001:0006267a       __rtnospop                 3006367a     LIBCMTD:87disp.obj
 0001:0006267c       __rttosnpop                3006367c     LIBCMTD:87disp.obj
 0001:0006267d       __rtnospopde               3006367d     LIBCMTD:87disp.obj
 0001:00062684       __rtzeropop                30063684     LIBCMTD:87disp.obj
 0001:00062686       __rtzeronpop               30063686     LIBCMTD:87disp.obj
 0001:0006268b       __rtonepop                 3006368b     LIBCMTD:87disp.obj
 0001:0006268d       __rtonenpop                3006368d     LIBCMTD:87disp.obj
 0001:00062692       __tosnan1                  30063692     LIBCMTD:87disp.obj
 0001:000626bd       __nosnan2                  300636bd     LIBCMTD:87disp.obj
 0001:000626bf       __tosnan2                  300636bf     LIBCMTD:87disp.obj
 0001:000626e7       __nan2                     300636e7     LIBCMTD:87disp.obj
 0001:00062726       __rtindfpop                30063726     LIBCMTD:87disp.obj
 0001:00062728       __rtindfnpop               30063728     LIBCMTD:87disp.obj
 0001:00062739       __rttosnpopde              30063739     LIBCMTD:87disp.obj
 0001:00062743       __rtchsifneg               30063743     LIBCMTD:87disp.obj
 0001:00062750       __twoToTOS                 30063750 f   LIBCMTD:common.obj
 0001:00062765       __load_CW                  30063765 f   LIBCMTD:common.obj
 0001:0006277c       __convertTOStoQNaN         3006377c f   LIBCMTD:common.obj
 0001:00062795       __fload_withFB             30063795 f   LIBCMTD:common.obj
 0001:000627d8       __checkTOS_withFB          300637d8 f   LIBCMTD:common.obj
 0001:000627ee       __fast_exit                300637ee f   LIBCMTD:common.obj
 0001:000627fb       __math_exit                300637fb f   LIBCMTD:common.obj
 0001:00062825       __check_overflow_exit      30063825 f   LIBCMTD:common.obj
 0001:00062839       __check_range_exit         30063839 f   LIBCMTD:common.obj
 0001:000628e0       __startTwoArgErrorHandling 300638e0 f   LIBCMTD:genexcep.obj
 0001:000628f7       __startOneArgErrorHandling 300638f7 f   LIBCMTD:genexcep.obj
 0001:00062940       __errcode                  30063940 f   LIBCMTD:fpexcept.obj
 0001:000629b0       __except1                  300639b0 f   LIBCMTD:fpexcept.obj
 0001:00062ab0       __except2                  30063ab0 f   LIBCMTD:fpexcept.obj
 0001:00062c00       __handle_exc               30063c00 f   LIBCMTD:fpexcept.obj
 0001:00062f20       __handle_qnan1             30063f20 f   LIBCMTD:fpexcept.obj
 0001:00062f80       __handle_qnan2             30063f80 f   LIBCMTD:fpexcept.obj
 0001:00062ff0       __raise_exc                30063ff0 f   LIBCMTD:fpexcept.obj
 0001:00063020       __raise_exc_ex             30064020 f   LIBCMTD:fpexcept.obj
 0001:000635a0       __raise_excf               300645a0 f   LIBCMTD:fpexcept.obj
 0001:000635d0       __set_errno_from_matherr   300645d0 f   LIBCMTD:fpexcept.obj
 0001:00063610       __umatherr                 30064610 f   LIBCMTD:fpexcept.obj
 0001:000636b0       __add_exp                  300646b0 f   LIBCMTD:util.obj
 0001:000636e0       __decomp                   300646e0 f   LIBCMTD:util.obj
 0001:00063800       __get_exp                  30064800 f   LIBCMTD:util.obj
 0001:00063830       __set_bexp                 30064830 f   LIBCMTD:util.obj
 0001:00063860       __set_exp                  30064860 f   LIBCMTD:util.obj
 0001:000638a0       __sptype                   300648a0 f   LIBCMTD:util.obj
 0001:00063920       ___clrfp_sse2              30064920 f   LIBCMTD:fpctrl.obj
 0001:00063960       ___ctrlfp_sse2             30064960 f   LIBCMTD:fpctrl.obj
 0001:000639c0       ___fclrf_sse2              300649c0 f   LIBCMTD:fpctrl.obj
 0001:000639e0       ___get_fpsr_sse2           300649e0 f   LIBCMTD:fpctrl.obj
 0001:00063a10       ___set_fpsr_sse2           30064a10 f   LIBCMTD:fpctrl.obj
 0001:00063af0       ___set_statfp_sse2         30064af0 f   LIBCMTD:fpctrl.obj
 0001:00063b20       ___statfp_sse2             30064b20 f   LIBCMTD:fpctrl.obj
 0001:00063b50       __clrfp                    30064b50 f   LIBCMTD:fpctrl.obj
 0001:00063b70       __ctrlfp                   30064b70 f   LIBCMTD:fpctrl.obj
 0001:00063ba0       __set_statfp               30064ba0 f   LIBCMTD:fpctrl.obj
 0001:00063c10       __statfp                   30064c10 f   LIBCMTD:fpctrl.obj
 0001:00063c20       __CIsin_pentium4           30064c20 f   LIBCMTD:sin_pentium4.obj
 0001:00063c38       __sin_pentium4             30064c38     LIBCMTD:sin_pentium4.obj
 0001:00063df0       ?_invalid_parameter@@YAXPBG00II@Z 30064df0 f   LIBCMTD:invarg.obj
 0001:00063e20       ?_invoke_watson@@YAXPBG00II@Z 30064e20 f   LIBCMTD:invarg.obj
 0001:00063e40       __call_reportfault         30064e40 f   LIBCMTD:invarg.obj
 0001:00063fa0       __get_invalid_parameter_handler 30064fa0 f   LIBCMTD:invarg.obj
 0001:00063fd0       __initp_misc_invarg        30064fd0 f   LIBCMTD:invarg.obj
 0001:00063fe0       __invalid_parameter        30064fe0 f   LIBCMTD:invarg.obj
 0001:00064040       __invoke_watson            30065040 f   LIBCMTD:invarg.obj
 0001:00064080       __set_invalid_parameter_handler 30065080 f   LIBCMTD:invarg.obj
 0001:000640c0       ___doserrno                300650c0 f   LIBCMTD:dosmap.obj
 0001:000640f0       __dosmaperr                300650f0 f   LIBCMTD:dosmap.obj
 0001:00064120       __errno                    30065120 f   LIBCMTD:dosmap.obj
 0001:00064150       __get_doserrno             30065150 f   LIBCMTD:dosmap.obj
 0001:000641e0       __get_errno                300651e0 f   LIBCMTD:dosmap.obj
 0001:00064270       __get_errno_from_oserr     30065270 f   LIBCMTD:dosmap.obj
 0001:000642f0       __set_doserrno             300652f0 f   LIBCMTD:dosmap.obj
 0001:00064320       __set_errno                30065320 f   LIBCMTD:dosmap.obj
 0001:00064350       __fltin2                   30065350 f   LIBCMTD:cfin.obj
 0001:00064430       ___STRINGTOLD_L            30065430 f   LIBCMTD:strgtold.obj
 0001:000644a0       ___addl                    300654a0 f i LIBCMTD:strgtold.obj
 0001:000644e0       ___ld12mul                 300654e0 f i LIBCMTD:strgtold.obj
 0001:000648f0       ___multtenpow12            300658f0 f i LIBCMTD:strgtold.obj
 0001:000649d0       ___shl_12                  300659d0 f i LIBCMTD:strgtold.obj
 0001:00064a50       ___shr_12                  30065a50 f i LIBCMTD:strgtold.obj
 0001:00064ad0       ___strgtold12_l            30065ad0 f   LIBCMTD:strgtold.obj
 0001:000655c0       ___addlocaleref            300665c0 f   LIBCMTD:localref.obj
 0001:000656e0       ___freetlocinfo            300666e0 f   LIBCMTD:localref.obj
 0001:000659d0       ___removelocaleref         300669d0 f   LIBCMTD:localref.obj
 0001:00065af0       ___updatetlocinfo          30066af0 f   LIBCMTD:localref.obj
 0001:00065bc0       __updatetlocinfoEx_nolock  30066bc0 f   LIBCMTD:localref.obj
 0001:00065c40       ___initmbctable            30066c40 f   LIBCMTD:mbctype.obj
 0001:00066260       ___updatetmbcinfo          30067260 f   LIBCMTD:mbctype.obj
 0001:00066380       __getmbcp                  30067380 f   LIBCMTD:mbctype.obj
 0001:000663f0       __setmbcp                  300673f0 f   LIBCMTD:mbctype.obj
 0001:00066690       __setmbcp_nolock           30067690 f   LIBCMTD:mbctype.obj
 0001:00066a10       __chvalidator              30067a10 f   LIBCMTD:isctype.obj
 0001:00066a60       __chvalidator_l            30067a60 f   LIBCMTD:isctype.obj
 0001:00066b20       __isctype                  30067b20 f   LIBCMTD:isctype.obj
 0001:00066b60       __isctype_l                30067b60 f   LIBCMTD:isctype.obj
 0001:00066cb0       ___get_flsindex            30067cb0 f   LIBCMTD:tidtable.obj
 0001:00066cc0       ___threadhandle            30067cc0 f   LIBCMTD:tidtable.obj
 0001:00066cd0       ___threadid                30067cd0 f   LIBCMTD:tidtable.obj
 0001:00066ce0       __freefls@4                30067ce0 f   LIBCMTD:tidtable.obj
 0001:00066ee0       __freeptd                  30067ee0 f   LIBCMTD:tidtable.obj
 0001:00066f20       __getptd                   30067f20 f   LIBCMTD:tidtable.obj
 0001:00066f50       __getptd_noexit            30067f50 f   LIBCMTD:tidtable.obj
 0001:00067000       __initptd                  30068000 f   LIBCMTD:tidtable.obj
 0001:00067140       __mtinit                   30068140 f   LIBCMTD:tidtable.obj
 0001:000671f0       __mtterm                   300681f0 f   LIBCMTD:tidtable.obj
 0001:00067220       ?_CrtDbgReportW@@YAHHPBGH00ZZ 30068220 f   LIBCMTD:dbgrptw.obj
 0001:00067270       __CrtDbgReportW            30068270 f   LIBCMTD:dbgrptw.obj
 0001:000672c0       __CrtDbgReportWV           300682c0 f i LIBCMTD:dbgrptw.obj
 0001:000672f0       __CrtSetReportHookW2       300682f0 f   LIBCMTD:dbgrptw.obj
 0001:00067640       ___crtMessageWindowW       30068640 f   LIBCMTD:dbgrptw.obj
 0001:00067af0       __invoke_watson_if_oneof   30068af0 f i LIBCMTD:dbgrptw.obj
 0001:00067b30       ?strrchr@@YAPADPADH@Z      30068b30 f i LIBCMTD:cvt.obj
 0001:00067b50       __cfltcvt                  30068b50 f   LIBCMTD:cvt.obj
 0001:00067b80       __cfltcvt_l                30068b80 f   LIBCMTD:cvt.obj
 0001:00067c40       __cftoa                    30068c40 f   LIBCMTD:cvt.obj
 0001:00067c70       __cftoa_l                  30068c70 f   LIBCMTD:cvt.obj
 0001:000684e0       __cftoe                    300694e0 f   LIBCMTD:cvt.obj
 0001:00068920       __cftoe_l                  30069920 f   LIBCMTD:cvt.obj
 0001:00068b50       __cftof                    30069b50 f   LIBCMTD:cvt.obj
 0001:00068e00       __cftof_l                  30069e00 f   LIBCMTD:cvt.obj
 0001:00069000       __cftog                    3006a000 f   LIBCMTD:cvt.obj
 0001:00069030       __cftog_l                  3006a030 f   LIBCMTD:cvt.obj
 0001:000692c0       __cropzeros                3006a2c0 f   LIBCMTD:cvt.obj
 0001:000692e0       __cropzeros_l              3006a2e0 f   LIBCMTD:cvt.obj
 0001:00069400       __fassign                  3006a400 f   LIBCMTD:cvt.obj
 0001:00069420       __fassign_l                3006a420 f   LIBCMTD:cvt.obj
 0001:00069470       __forcdecpt                3006a470 f   LIBCMTD:cvt.obj
 0001:00069490       __forcdecpt_l              3006a490 f   LIBCMTD:cvt.obj
 0001:00069560       __positive                 3006a560 f   LIBCMTD:cvt.obj
 0001:000695c0       __setdefaultprecision      3006a5c0 f   LIBCMTD:fp8.obj
 0001:00069600       __initp_misc_cfltcvt_tab   3006a600 f   LIBCMTD:cmiscdat.obj
 0001:00069640       __VEC_memset               3006a640 f   LIBCMTD:p4_memset.obj
 0001:00069710       ___isa_available_init      3006a710 f   LIBCMTD:cpu_disp.obj
 0001:000699c0       _memcpy_s                  3006a9c0 f   LIBCMTD:memcpy_s.obj
 0001:00069b90       _wcscat_s                  3006ab90 f   LIBCMTD:wcscat_s.obj
 0001:00069fa0       _wcscpy_s                  3006afa0 f   LIBCMTD:wcscpy_s.obj
 0001:0006a2b0       _wcslen                    3006b2b0 f   LIBCMTD:wcslen.obj
 0001:0006a2f0       _wcsncat_s                 3006b2f0 f   LIBCMTD:wcsncat_s.obj
 0001:0006a7e0       ___copy_path_to_wide_string 3006b7e0 f   LIBCMTD:crt0dat.obj
 0001:0006a9d0       ___copy_to_char            3006b9d0 f   LIBCMTD:crt0dat.obj
 0001:0006abc0       ___crtCorExitProcess       3006bbc0 f   LIBCMTD:crt0dat.obj
 0001:0006ac00       ___crtExitProcess          3006bc00 f   LIBCMTD:crt0dat.obj
 0001:0006ac20       ___freeCrtMemory           3006bc20 f   LIBCMTD:crt0dat.obj
 0001:0006adf0       __amsg_exit                3006bdf0 f   LIBCMTD:crt0dat.obj
 0001:0006ae10       __c_exit                   3006be10 f   LIBCMTD:crt0dat.obj
 0001:0006ae30       __cexit                    3006be30 f   LIBCMTD:crt0dat.obj
 0001:0006ae50       __cinit                    3006be50 f   LIBCMTD:crt0dat.obj
 0001:0006aef0       __exit                     3006bef0 f   LIBCMTD:crt0dat.obj
 0001:0006af10       __exit_app                 3006bf10 f   LIBCMTD:crt0dat.obj
 0001:0006af30       __get_pgmptr               3006bf30 f   LIBCMTD:crt0dat.obj
 0001:0006b050       __get_wpgmptr              3006c050 f   LIBCMTD:crt0dat.obj
 0001:0006b170       __init_pointers            3006c170 f   LIBCMTD:crt0dat.obj
 0001:0006b200       __initterm_e               3006c200 f   LIBCMTD:crt0dat.obj
 0001:0006b240       __lockexit                 3006c240 f   LIBCMTD:crt0dat.obj
 0001:0006b250       __unlockexit               3006c250 f   LIBCMTD:crt0dat.obj
 0001:0006b450       _exit                      3006c450 f   LIBCMTD:crt0dat.obj
 0001:0006b470       __set_abort_behavior       3006c470 f   LIBCMTD:abort.obj
 0001:0006b4a0       _abort                     3006c4a0 f   LIBCMTD:abort.obj
 0001:0006b510       ___set_app_type            3006c510 f   LIBCMTD:errmode.obj
 0001:0006b520       __set_error_mode           3006c520 f   LIBCMTD:errmode.obj
 0001:0006ba20       __i64tow_s                 3006ca20 f   LIBCMTD:xtows.obj
 0001:0006ba70       __itow_s                   3006ca70 f   LIBCMTD:xtows.obj
 0001:0006bad0       __ltow_s                   3006cad0 f   LIBCMTD:xtows.obj
 0001:0006bb10       __ui64tow_s                3006cb10 f   LIBCMTD:xtows.obj
 0001:0006bb30       __ultow_s                  3006cb30 f   LIBCMTD:xtows.obj
 0001:0006bf50       ___initstdio               3006cf50 f   LIBCMTD:_file.obj
 0001:0006c020       ___endstdio                3006d020 f   LIBCMTD:_file.obj
 0001:0006c060       ___iob_func                3006d060 f   LIBCMTD:_file.obj
 0001:0006c070       __lock_file                3006d070 f   LIBCMTD:_file.obj
 0001:0006c0d0       __lock_file2               3006d0d0 f   LIBCMTD:_file.obj
 0001:0006c110       __unlock_file              3006d110 f   LIBCMTD:_file.obj
 0001:0006c170       __unlock_file2             3006d170 f   LIBCMTD:_file.obj
 0001:0006c1b0       __fflush_nolock            3006d1b0 f   LIBCMTD:fflush.obj
 0001:0006c220       __flush                    3006d220 f   LIBCMTD:fflush.obj
 0001:0006c2e0       __flushall                 3006d2e0 f   LIBCMTD:fflush.obj
 0001:0006c2f0       _fflush                    3006d2f0 f   LIBCMTD:fflush.obj
 0001:0006c530       _setvbuf                   3006d530 f   LIBCMTD:setvbuf.obj
 0001:0006c830       __fwprintf_l               3006d830 f   LIBCMTD:fwprintf.obj
 0001:0006c860       __fwprintf_p               3006d860 f   LIBCMTD:fwprintf.obj
 0001:0006c890       __fwprintf_p_l             3006d890 f   LIBCMTD:fwprintf.obj
 0001:0006c8c0       __fwprintf_s_l             3006d8c0 f   LIBCMTD:fwprintf.obj
 0001:0006c8f0       _fwprintf                  3006d8f0 f   LIBCMTD:fwprintf.obj
 0001:0006caa0       _fwprintf_s                3006daa0 f   LIBCMTD:fwprintf.obj
 0001:0006cad0       __vsnwprintf_s             3006dad0 f   LIBCMTD:vswprnc.obj
 0001:0006cb00       __vsnwprintf_s_l           3006db00 f   LIBCMTD:vswprnc.obj
 0001:0006ced0       __vswprintf_c              3006ded0 f   LIBCMTD:vswprnc.obj
 0001:0006cf20       __vswprintf_c_l            3006df20 f   LIBCMTD:vswprnc.obj
 0001:0006cf70       __vswprintf_helper         3006df70 f   LIBCMTD:vswprnc.obj
 0001:0006d1e0       __vswprintf_p              3006e1e0 f   LIBCMTD:vswprnc.obj
 0001:0006d230       __vswprintf_p_l            3006e230 f   LIBCMTD:vswprnc.obj
 0001:0006d280       __vswprintf_s_l            3006e280 f   LIBCMTD:vswprnc.obj
 0001:0006d510       _vswprintf_s               3006e510 f   LIBCMTD:vswprnc.obj
 0001:0006d530       ___fpecode                 3006e530 f   LIBCMTD:winsig.obj
 0001:0006d540       ___get_sigabrt             3006e540 f   LIBCMTD:winsig.obj
 0001:0006d560       ___pxcptinfoptrs           3006e560 f   LIBCMTD:winsig.obj
 0001:0006d570       __initp_misc_winsig        3006e570 f   LIBCMTD:winsig.obj
 0001:0006d6a0       _raise                     3006e6a0 f   LIBCMTD:winsig.obj
 0001:0006da30       _signal                    3006ea30 f   LIBCMTD:winsig.obj
 0001:0006de00       ___crtMessageBoxW          3006ee00 f   LIBCMTD:crtmboxw.obj
 0001:0006e110       ___crtMessageBoxWaitThreadW@4 3006f110 f   LIBCMTD:crtmboxw.obj
 0001:0006e150       __FF_MSGBANNER             3006f150 f   LIBCMTD:crt0msg.obj
 0001:0006e1a0       __GET_RTERRMSG             3006f1a0 f   LIBCMTD:crt0msg.obj
 0001:0006e1e0       __NMSG_WRITE               3006f1e0 f   LIBCMTD:crt0msg.obj
 0001:0006e5bc       __fFATN2                   3006f5bc     LIBCMTD:87triga.obj
 0001:0006e60c       __rtpiby2                  3006f60c     LIBCMTD:87triga.obj
 0001:0006e650       __cintrindisp2             3006f650 f   LIBCMTD:87cdisp.obj
 0001:0006e68e       __cintrindisp1             3006f68e f   LIBCMTD:87cdisp.obj
 0001:0006e6cb       __ctrandisp2               3006f6cb f   LIBCMTD:87cdisp.obj
 0001:0006e85a       __ctrandisp1               3006f85a f   LIBCMTD:87cdisp.obj
 0001:0006e88d       __fload                    3006f88d f   LIBCMTD:87cdisp.obj
 0001:0006e8d0       __CrtDefaultAllocHook      3006f8d0 f   LIBCMTD:dbghook.obj
 0001:0006e8e0       __crt_debugger_hook        3006f8e0 f   LIBCMTD:dbghook.obj
 0001:0006e940       ___crtCloseThreadpoolTimer 3006f940 f   LIBCMTD:winapisupp.obj
 0001:0006e970       ___crtCloseThreadpoolWait  3006f970 f   LIBCMTD:winapisupp.obj
 0001:0006e9a0       ___crtCreateEventExW       3006f9a0 f   LIBCMTD:winapisupp.obj
 0001:0006ea00       ___crtCreateSemaphoreExW   3006fa00 f   LIBCMTD:winapisupp.obj
 0001:0006ea60       ___crtCreateSymbolicLinkW  3006fa60 f   LIBCMTD:winapisupp.obj
 0001:0006eaa0       ___crtCreateThreadpoolTimer 3006faa0 f   LIBCMTD:winapisupp.obj
 0001:0006eae0       ___crtCreateThreadpoolWait 3006fae0 f   LIBCMTD:winapisupp.obj
 0001:0006eb20       ___crtFlsAlloc             3006fb20 f   LIBCMTD:winapisupp.obj
 0001:0006eb50       ___crtFlsFree              3006fb50 f   LIBCMTD:winapisupp.obj
 0001:0006eb90       ___crtFlsGetValue          3006fb90 f   LIBCMTD:winapisupp.obj
 0001:0006ebd0       ___crtFlsSetValue          3006fbd0 f   LIBCMTD:winapisupp.obj
 0001:0006ec10       ___crtFlushProcessWriteBuffers 3006fc10 f   LIBCMTD:winapisupp.obj
 0001:0006ec40       ___crtFreeLibraryWhenCallbackReturns 3006fc40 f   LIBCMTD:winapisupp.obj
 0001:0006ec70       ___crtGetCurrentProcessorNumber 3006fc70 f   LIBCMTD:winapisupp.obj
 0001:0006eca0       ___crtGetFileInformationByHandleEx 3006fca0 f   LIBCMTD:winapisupp.obj
 0001:0006ece0       ___crtGetLogicalProcessorInformation 3006fce0 f   LIBCMTD:winapisupp.obj
 0001:0006ed20       ___crtGetShowWindowMode    3006fd20 f   LIBCMTD:winapisupp.obj
 0001:0006ed50       ___crtGetTickCount64       3006fd50 f   LIBCMTD:winapisupp.obj
 0001:0006ed80       ___crtInitializeCriticalSectionEx 3006fd80 f   LIBCMTD:winapisupp.obj
 0001:0006edd0       ___crtIsPackagedApp        3006fdd0 f   LIBCMTD:winapisupp.obj
 0001:0006ee10       ___crtLoadWinApiPointers   3006fe10 f   LIBCMTD:winapisupp.obj
 0001:0006f2b0       ___crtSetFileInformationByHandle 300702b0 f   LIBCMTD:winapisupp.obj
 0001:0006f2f0       ___crtSetThreadStackGuarantee 300702f0 f   LIBCMTD:winapisupp.obj
 0001:0006f320       ___crtSetThreadpoolTimer   30070320 f   LIBCMTD:winapisupp.obj
[...]
 0002:0001bb10       __sehtable$__setmbcp       300c9b10     LIBCMTD:mbctype.obj
 0002:0001bb2c       __unwindtable$?getSystemCP@@YAHH@Z 300c9b2c     LIBCMTD:mbctype.obj
 0002:0001bb34       __ehfuncinfo$?getSystemCP@@YAHH@Z 300c9b34     LIBCMTD:mbctype.obj
 0002:0001bb58       __sehtable$__freefls@4     300c9b58     LIBCMTD:tidtable.obj
 0002:0001bb80       __sehtable$__initptd       300c9b80     LIBCMTD:tidtable.obj
 0002:0001bba8       __sehtable$__CrtSetReportHookW2 300c9ba8     LIBCMTD:dbgrptw.obj
 0002:0001bbc8       __sehtable$_doexit         300c9bc8     LIBCMTD:crt0dat.obj
 0002:0001bbe8       __sehtable$_fflush         300c9be8     LIBCMTD:fflush.obj
 0002:0001bc08       __sehtable$_flsall         300c9c08     LIBCMTD:fflush.obj
 0002:0001bc30       __sehtable$_setvbuf        300c9c30     LIBCMTD:setvbuf.obj
 0002:0001bc50       __sehtable$_fwprintf       300c9c50     LIBCMTD:fwprintf.obj
 0002:0001bc70       __sehtable$_signal         300c9c70     LIBCMTD:winsig.obj
 0002:0001bc90       __sehtable$_raise          300c9c90     LIBCMTD:winsig.obj
 0002:0001bcb0       __sehtable$_ctrlevent_capture@4 300c9cb0     LIBCMTD:winsig.obj
 0002:0001bcd0       __sehtable$__get_current_locale 300c9cd0     LIBCMTD:wsetloca.obj
 0002:0001bcf8       __sehtable$__free_locale   300c9cf8     LIBCMTD:wsetloca.obj
 0002:0001bd20       __sehtable$__wsetlocale    300c9d20     LIBCMTD:wsetloca.obj
 0002:0001bd58       __sehtable$__locterm       300c9d58     LIBCMTD:wsetloca.obj
 0002:0001bd74       __unwindtable$?strtoxq@@YA_KPAUlocaleinfo_struct@@PBDPAPBDHH@Z 300c9d74     LIBCMTD:strtoq.obj
 0002:0001bd7c       __ehfuncinfo$?strtoxq@@YA_KPAUlocaleinfo_struct@@PBDPAPBDHH@Z 300c9d7c     LIBCMTD:strtoq.obj
 0002:0001bda0       __unwindtable$?strtoxl@@YAKPAUlocaleinfo_struct@@PBDPAPBDHH@Z 300c9da0     LIBCMTD:strtol.obj
 0002:0001bda8       __ehfuncinfo$?strtoxl@@YAKPAUlocaleinfo_struct@@PBDPAPBDHH@Z 300c9da8     LIBCMTD:strtol.obj
 0002:0001bdd0       __sehtable$__ioinit        300c9dd0     LIBCMTD:ioinit.obj
 0002:0001bdf0       __sehtable$__realloc_dbg   300c9df0     LIBCMTD:dbgheap.obj
 0002:0001be10       __sehtable$__expand_dbg    300c9e10     LIBCMTD:dbgheap.obj
 0002:0001be30       __sehtable$__free_dbg      300c9e30     LIBCMTD:dbgheap.obj
 0002:0001be50       __sehtable$__msize_dbg     300c9e50     LIBCMTD:dbgheap.obj
 0002:0001be70       __sehtable$__CrtCheckMemory 300c9e70     LIBCMTD:dbgheap.obj
 0002:0001be90       __sehtable$__CrtSetDbgFlag 300c9e90     LIBCMTD:dbgheap.obj
 0002:0001beb0       __sehtable$__CrtDoForAllClientObjects 300c9eb0     LIBCMTD:dbgheap.obj
 0002:0001bed0       __sehtable$__CrtIsMemoryBlock 300c9ed0     LIBCMTD:dbgheap.obj
 0002:0001bef0       __sehtable$__CrtMemCheckpoint 300c9ef0     LIBCMTD:dbgheap.obj
 0002:0001bf10       __sehtable$__CrtSetDbgBlockType 300c9f10     LIBCMTD:dbgheap.obj
 0002:0001bf30       __sehtable$__heap_alloc_dbg_impl 300c9f30     LIBCMTD:dbgheap.obj
 0002:0001bf50       __sehtable$?__crtIsBadReadPtr@@YAHPBXI@Z 300c9f50     LIBCMTD:dbgheap.obj
 0002:0001bf70       __sehtable$?_CrtMemDumpAllObjectsSince_stat@@YAXPBU_CrtMemState@@PAUlocaleinfo_struct@@@Z 300c9f70     LIBCMTD:dbgheap.obj
 0002:0001bf90       __sehtable$__mtinitlocknum 300c9f90     LIBCMTD:mlock.obj
 0002:0001bfb0       __sehtable$__VCrtDbgReportA 300c9fb0     LIBCMTD:dbgrptt.obj
 0002:0001bfd8       __sehtable$__VCrtDbgReportW 300c9fd8     LIBCMTD:dbgrptt.obj
 0002:0001c000       __sehtable$__IsNonwritableInCurrentImage 300ca000     LIBCMTD:pesect.obj
 0002:0001c020       __sehtable$__onexit        300ca020     LIBCMTD:onexit.obj
 0002:0001c040       __sehtable$?terminate@@YAXXZ 300ca040     LIBCMTD:hooks.obj
 0002:0001c060       __sehtable$?_inconsistency@@YAXXZ 300ca060     LIBCMTD:hooks.obj
 0002:0001c080       __sehtable$__fcloseall     300ca080     LIBCMTD:closeall.obj
 0002:0001c0a0       __sehtable$__commit        300ca0a0     LIBCMTD:commit.obj
 0002:0001c0c0       __sehtable$__write         300ca0c0     LIBCMTD:write.obj
 0002:0001c0e0       __sehtable$_vfwprintf_helper 300ca0e0     LIBCMTD:vfwprint.obj
 0002:0001c100       __sehtable$__lseeki64      300ca100     LIBCMTD:lseeki64.obj
 0002:0001c120       __sehtable$_printf         300ca120     LIBCMTD:printf.obj
 0002:0001c13c       __unwindtable$?x_ismbbtype_l@@YAHPAUlocaleinfo_struct@@IHH@Z 300ca13c     LIBCMTD:ismbbyte.obj
 0002:0001c144       __ehfuncinfo$?x_ismbbtype_l@@YAHPAUlocaleinfo_struct@@IHH@Z 300ca144     LIBCMTD:ismbbyte.obj
 0002:0001c168       __sehtable$__CrtSetReportHook2 300ca168     LIBCMTD:dbgrpt.obj
 0002:0001c188       __sehtable$___FrameUnwindToState 300ca188     LIBCMTD:frame.obj
 0002:0001c1b0       __sehtable$?CallCatchBlock@@YAPAXPAUEHExceptionRecord@@PAUEHRegistrationNode@@PAU_CONTEXT@@PBU_s_FuncInfo@@PAXHK@Z 300ca1b0     LIBCMTD:frame.obj
 0002:0001c1d8       __sehtable$___BuildCatchObject 300ca1d8     LIBCMTD:frame.obj
 0002:0001c1f8       __sehtable$___DestructExceptionObject 300ca1f8     LIBCMTD:frame.obj
 0002:0001c214       __catchsym$?CallUnexpected@@YAXPBU_s_ESTypeList@@@Z$2 300ca214     LIBCMTD:frame.obj
 0002:0001c224       __unwindtable$?CallUnexpected@@YAXPBU_s_ESTypeList@@@Z 300ca224     LIBCMTD:frame.obj
 0002:0001c234       __tryblocktable$?CallUnexpected@@YAXPBU_s_ESTypeList@@@Z 300ca234     LIBCMTD:frame.obj
 0002:0001c248       __ehfuncinfo$?CallUnexpected@@YAXPBU_s_ESTypeList@@@Z 300ca248     LIBCMTD:frame.obj
 0002:0001c270       __sehtable$___BuildCatchObjectHelper 300ca270     LIBCMTD:frame.obj
 0002:0001c2e0       __sehtable$_fclose         300ca2e0     LIBCMTD:fclose.obj
 0002:0001c300       __sehtable$__alloc_osfhnd  300ca300     LIBCMTD:osfinfo.obj
 0002:0001c328       __sehtable$___lock_fhandle 300ca328     LIBCMTD:osfinfo.obj
 0002:0001c348       __sehtable$__open_osfhandle 300ca348     LIBCMTD:osfinfo.obj
 0002:0001c368       __sehtable$__putwch        300ca368     LIBCMTD:putwch.obj
 0002:0001c388       __sehtable$_fputwc         300ca388     LIBCMTD:fputwc.obj
 0002:0001c3a8       __sehtable$_vprintf_helper 300ca3a8     LIBCMTD:vprintf.obj
 0002:0001c3c8       __sehtable$??3@YAXPAX@Z    300ca3c8     LIBCMTD:dbgdel.obj
 0002:0001c3e8       __sehtable$__close         300ca3e8     LIBCMTD:close.obj
 0002:0001c404       __unwindtable$?wcstoxq@@YA_KPAUlocaleinfo_struct@@PB_WPAPB_WHH@Z 300ca404     LIBCMTD:wcstoq.obj
 0002:0001c40c       __ehfuncinfo$?wcstoxq@@YA_KPAUlocaleinfo_struct@@PB_WPAPB_WHH@Z 300ca40c     LIBCMTD:wcstoq.obj
 0002:0001c430       __sehtable$?_Name_base@type_info@@CAPBDPBV1@PAU__type_info_node@@@Z 300ca430     LIBCMTD:typname.obj
 0002:0001c450       __sehtable$?_Type_info_dtor@type_info@@CAXPAV1@@Z 300ca450     LIBCMTD:typname.obj
 0002:0001c470       __sehtable$?_Name_base_internal@type_info@@CAPBDPBV1@PAU__type_info_node@@@Z 300ca470     LIBCMTD:typname.obj
 0002:0001c490       __sehtable$?_Type_info_dtor_internal@type_info@@CAXPAV1@@Z 300ca490     LIBCMTD:typname.obj
 0002:0001c4b0       __sehtable$___clean_type_info_names_internal 300ca4b0     LIBCMTD:typname.obj
 0002:0001c4d0       __sehtable$___unDName      300ca4d0     LIBCMTD:undname.obj
 0002:0001c4f0       __sehtable$___unDNameEx    300ca4f0     LIBCMTD:undname.obj
 0002:0001c50c       __unwindtable$?make@DNameStatusNode@@SAPAV1@W4DNameStatus@@@Z 300ca50c     LIBCMTD:undname.obj
 0002:0001c514       __ehfuncinfo$?make@DNameStatusNode@@SAPAV1@W4DNameStatus@@@Z 300ca514     LIBCMTD:undname.obj
 0002:0001c540       .edata                     300ca540     cgamex86.exp
 0002:0001c568       rgpv                       300ca568     cgamex86.exp
 0002:0001c570       rgszName                   300ca570     cgamex86.exp
 0002:0001c578       rgwOrd                     300ca578     cgamex86.exp
 0002:0001c57c       szName                     300ca57c     cgamex86.exp
 0002:0001c589       $N00001                    300ca589     cgamex86.exp
 0002:0001c592       $N00002                    300ca592     cgamex86.exp
 0002:0001cd00       .idata$6                   300cad00     kernel32:KERNEL32.dll
 0003:00001518       _g_bindings                300cc518     ui_shared.obj
 0003:00001b64       ?staticNULL@?1??String_Alloc@@9@9 300ccb64     ui_shared.obj
 0003:00001fc0       _commands                  300ccfc0     cg_consolecmds.obj
 0003:00002138       ?firstTime@?1??CG_DrawScoreboard@@9@9 300cd138     cg_draw.obj
 0003:00002140       ?red@?1??CG_TeamColor@@9@9 300cd140     cg_drawtools.obj
 0003:00002150       ?blue@?1??CG_TeamColor@@9@9 300cd150     cg_drawtools.obj
 0003:00002160       ?other@?1??CG_TeamColor@@9@9 300cd160     cg_drawtools.obj
 0003:00002170       ?spectator@?1??CG_TeamColor@@9@9 300cd170     cg_drawtools.obj
 0003:00002180       _propMap                   300cd180     cg_drawtools.obj
 0003:00002780       _propMapB                  300cd780     cg_drawtools.obj
 0003:000028b8       ?seed@?1??CG_SmokePuff@@9@9 300cd8b8     cg_effects.obj
 0003:000028c4       _cvarTableSize             300cd8c4     cg_main.obj
 0003:000028c8       _cvarTable                 300cd8c8     cg_main.obj
 0003:00002f18       ?sb_nums@?1??CG_RegisterGraphics@@9@9 300cdf18     cg_main.obj
 0003:00002f48       _shaderAnimNames           300cdf48     cg_marks.obj
 0003:00002fc8       _shaderAnimCounts          300cdfc8     cg_marks.obj
 0003:00003048       _shaderAnimSTRatio         300ce048     cg_marks.obj
 0003:00003150       ?movementOffsets@?1??CG_PlayerAngles@@9@9 300ce150     cg_players.obj
 0003:00003170       _syscall                   300ce170     cg_syscalls.obj
 0003:00003174       ?mins@?1??CG_OffsetThirdPersonView@@9@9 300ce174     cg_view.obj
 0003:00003180       ?maxs@?1??CG_OffsetThirdPersonView@@9@9 300ce180     cg_view.obj
 0003:00003190       _NAME_                     300ce190     LIBCMTD:cos.obj
 0003:000031a0       _NAME_                     300ce1a0     LIBCMTD:sin.obj
 0003:000031c0       _NAME_                     300ce1c0     LIBCMTD:sqrt.obj
 0003:000031d0       __assertstring             300ce1d0     LIBCMTD:wassert.obj
 0003:00003220       _dotdotdot                 300ce220     LIBCMTD:wassert.obj
 0003:00003224       _newline                   300ce224     LIBCMTD:wassert.obj
 0003:00003228       _dblnewline                300ce228     LIBCMTD:wassert.obj
 0003:00003230       _NAME_                     300ce230     LIBCMTD:acos.obj
 0003:00003240       _NAME_                     300ce240     LIBCMTD:tan.obj
 0003:00003250       ?_names@?1??_get_fname@@9@9 300ce250     LIBCMTD:fpexcept.obj
 0003:00003360       _over                      300ce360     LIBCMTD:fpctrl.obj
 0003:0000336c       _under                     300ce36c     LIBCMTD:fpctrl.obj
 0003:00003378       ?__DAZ_ENABLED@?1??__set_fpsr_sse2@@9@9 300ce378     LIBCMTD:fpctrl.obj
 0003:00003380       _errtable                  300ce380     LIBCMTD:dosmap.obj
 0003:000034e8       _ErrnoNoMem                300ce4e8     LIBCMTD:dosmap.obj
 0003:000034ec       _DoserrorNoMem             300ce4ec     LIBCMTD:dosmap.obj
 0003:00003918       ___rgctypeflag             300ce918     LIBCMTD:mbctype.obj
 0003:00003920       ___rgcode_page_info        300ce920     LIBCMTD:mbctype.obj
 0003:00003a14       _dotdotdot                 300cea14     LIBCMTD:dbgrptw.obj
 0003:00003f04       ?isPackaged@?1??__crtIsPackagedApp@@9@9 300cef04     LIBCMTD:winapisupp.obj
 0003:00003f10       __ctype_loc_style          300cef10     LIBCMTD:wsetloca.obj
 0003:00003f20       _newcw                     300cef20     LIBCMTD:floor.obj
 0003:00003f7c       __lRequestCurr             300cef7c     LIBCMTD:dbgheap.obj
 0003:00003f80       __bNoMansLandFill          300cef80     LIBCMTD:dbgheap.obj
 0003:00003f81       __bAlignLandFill           300cef81     LIBCMTD:dbgheap.obj
 0003:00003f82       __bDeadLandFill            300cef82     LIBCMTD:dbgheap.obj
 0003:00003f83       __bCleanLandFill           300cef83     LIBCMTD:dbgheap.obj
 0003:00003f88       _DoubleFormat              300cef88     LIBCMTD:intrncvt.obj
 0003:00003fa0       _FloatFormat               300cefa0     LIBCMTD:intrncvt.obj
 0003:00004278       __locktable                300cf278     LIBCMTD:mlock.obj
 0003:00004420       _dotdotdot                 300cf420     LIBCMTD:dbgrpt.obj
 0003:000045d0       ?bops_initialized@?1??BoxOnPlaneSide@@9@9 300cf5d0     q_math.obj
 0003:000045d4       ?Ljmptab@?1??BoxOnPlaneSide@@9@9 300cf5d4     q_math.obj
 0003:000045f4       ?sr@?1??AngleVectors@@9@9  300cf5f4     q_math.obj
 0003:000045f8       ?sp@?1??AngleVectors@@9@9  300cf5f8     q_math.obj
 0003:000045fc       ?sy@?1??AngleVectors@@9@9  300cf5fc     q_math.obj
 0003:00004600       ?cr@?1??AngleVectors@@9@9  300cf600     q_math.obj
 0003:00004604       ?cp@?1??AngleVectors@@9@9  300cf604     q_math.obj
 0003:00004608       ?cy@?1??AngleVectors@@9@9  300cf608     q_math.obj
 0003:00004610       ?index@?1??va@@9@9         300cf610     q_shared.obj
 0003:00004614       ?valueindex@?1??Info_ValueForKey@@9@9 300cf614     q_shared.obj
 0003:00004618       _com_token                 300cf618     q_shared.obj
 0003:00004a18       _com_parsename             300cfa18     q_shared.obj
 0003:00004e18       _com_lines                 300cfe18     q_shared.obj
 0003:00004e20       ?string@?1??COM_ParseError@@9@9 300cfe20     q_shared.obj
 0003:00005e20       ?string@?1??COM_ParseWarning@@9@9 300d0e20     q_shared.obj
 0003:00006e20       ?string@?1??va@@9@9        300d1e20     q_shared.obj
 0003:00016820       ?value@?1??Info_ValueForKey@@9@9 300e1820     q_shared.obj
 0003:0001a820       ?inHandleKey@?9??Menu_HandleKey@@9@9 300e5820     ui_shared.obj
 0003:0001a824       _captureFunc               300e5824     ui_shared.obj
 0003:0001a828       _captureData               300e5828     ui_shared.obj
 0003:0001a82c       _itemCapture               300e582c     ui_shared.obj
 0003:0001a834       _g_waitingForKey           300e5834     ui_shared.obj
 0003:0001a838       _g_editingField            300e5838     ui_shared.obj
 0003:0001a83c       _g_bindItem                300e583c     ui_shared.obj
 0003:0001a840       _g_editItem                300e5840     ui_shared.obj
 0003:0001a84c       _debugMode                 300e584c     ui_shared.obj
 0003:0001a850       _lastListBoxClickTime      300e5850     ui_shared.obj
 0003:0001a854       _strPoolIndex              300e5854     ui_shared.obj
 0003:0001a858       _strHandleCount            300e5858     ui_shared.obj
 0003:0001a85c       _scrollInfo                300e585c     ui_shared.obj
 0003:0001a87c       _allocPoint                300e587c     ui_shared.obj
 0003:0001a880       _memoryPool                300e5880     ui_shared.obj
 0003:0011a880       _outOfMemory               301e5880     ui_shared.obj
 0003:0011a888       _strPool                   301e5888     ui_shared.obj
 0003:0017a888       _strHandle                 30245888     ui_shared.obj
 0003:0017c888       ?string@?1??PC_SourceWarning@@9@9 30247888     ui_shared.obj
 0003:0017d888       ?string@?1??PC_SourceError@@9@9 30248888     ui_shared.obj
 0003:0017e888       ?rect@?1??Item_CorrectedTextRect@@9@9 30249888     ui_shared.obj
 0003:0017e89c       ?previousTimes@?1??CG_DrawFPS@@9@9 3024989c     cg_draw.obj
 0003:0017e8ac       ?index@?1??CG_DrawFPS@@9@9 302498ac     cg_draw.obj
 0003:0017e8b0       ?previous@?1??CG_DrawFPS@@9@9 302498b0     cg_draw.obj
 0003:0017e8b4       ?proxTime@?1??CG_DrawProxWarning@@9@9 302498b4     cg_draw.obj
 0003:0017e8b8       ?proxCounter@?1??CG_DrawProxWarning@@9@9 302498b8     cg_draw.obj
 0003:0017e8bc       ?proxTick@?1??CG_DrawProxWarning@@9@9 302498bc     cg_draw.obj
 0003:0017e8c0       ?color@?1??CG_FadeColor@@9@9 302498c0     cg_drawtools.obj
 0003:0017e8d0       ?lastPos@?1??CG_ScorePlum@@9@9 302498d0     cg_effects.obj
 0003:0017e8e0       ?str@?1??CG_PlaceString@@9@9 302498e0     cg_event.obj
 0003:0017e920       _loadingPlayerIconCount    30249920     cg_info.obj
 0003:0017e924       _loadingItemIconCount      30249924     cg_info.obj
 0003:0017e928       _loadingPlayerIcons        30249928     cg_info.obj
 0003:0017e968       _loadingItemIcons          30249968     cg_info.obj
 0003:0017e9d0       ?buffer@?1??CG_Argv@@9@9   302499d0     cg_main.obj
 0003:0017edd0       ?buf@?1??CG_GetMenuBuffer@@9@9 30249dd0     cg_main.obj
 0003:00186dd0       ?buf@?1??CG_LoadMenus@@9@9 30251dd0     cg_main.obj
 0003:00187dd4       _roll                      30252dd4     cg_marks.obj
 0003:00187dd8       _markTotal                 30252dd8     cg_marks.obj
 0003:00187ddc       _numShaderAnims            30252ddc     cg_marks.obj
 0003:00187de0       _shaderAnims               30252de0     cg_marks.obj
 0003:00189de0       _cg_pmove                  30254de0     cg_predict.obj
 0003:00189ec8       _cg_numSolidEntities       30254ec8     cg_predict.obj
 0003:00189ecc       _cg_numTriggerEntities     30254ecc     cg_predict.obj
 0003:00189ed0       _cg_solidEntities          30254ed0     cg_predict.obj
 0003:0018a2d0       _cg_triggerEntities        302552d0     cg_predict.obj
 0003:0018a6d0       _localClient               302556d0     cg_scoreboard.obj
 0003:0018a6d8       _GS_ExceptionRecord        302556d8     LIBCMTD:gs_report.obj
 0003:0018a728       _GS_ContextRecord          30255728     LIBCMTD:gs_report.obj
 0003:0018a9f4       _DebuggerWasPresent        302559f4     LIBCMTD:gs_report.obj
 0003:0018a9f8       ___proc_attached           302559f8     LIBCMTD:dllcrt0.obj
 0003:0018aa20       _fSystemSet                30255a20     LIBCMTD:mbctype.obj
 0003:0018aa68       _ctrlc_action              30255a68     LIBCMTD:winsig.obj
 0003:0018aa6c       _ctrlbreak_action          30255a6c     LIBCMTD:winsig.obj
 0003:0018aa70       _abort_action              30255a70     LIBCMTD:winsig.obj
 0003:0018aa74       _term_action               30255a74     LIBCMTD:winsig.obj
 0003:0018aa78       _ConsoleCtrlHandler_Installed 30255a78     LIBCMTD:winsig.obj
 0003:0018aa7c       ?pfnGetLastActivePopup@?1??__crtMessageBoxW@@9@9 30255a7c     LIBCMTD:crtmboxw.obj
 0003:0018aa80       ?pfnGetProcessWindowStation@?1??__crtMessageBoxW@@9@9 30255a80     LIBCMTD:crtmboxw.obj
 0003:0018aa84       ?pfnGetUserObjectInformation@?1??__crtMessageBoxW@@9@9 30255a84     LIBCMTD:crtmboxw.obj
 0003:0018aa88       ?pfnMessageBox@?1??__crtMessageBoxW@@9@9 30255a88     LIBCMTD:crtmboxw.obj
 0003:0018aa8c       ?pfnGetActiveWindow@?1??__crtMessageBoxW@@9@9 30255a8c     LIBCMTD:crtmboxw.obj
 0003:0018aa98       ?outmsg@?M@??_NMSG_WRITE@@9@9 30255a98     LIBCMTD:crt0msg.obj
 0003:0018b0c4       __pmatherr_set             302560c4     LIBCMTD:libm_error.obj
 0003:0018b1d0       ?_pgmname@?1??_setargv@@9@9 302561d0     LIBCMTD:stdargv.obj
 0003:0018b2dc       _check_frequency           302562dc     LIBCMTD:dbgheap.obj
 0003:0018b2e4       _check_counter             302562e4     LIBCMTD:dbgheap.obj
 0003:0018b2e8       __lTotalAlloc              302562e8     LIBCMTD:dbgheap.obj
 0003:0018b2ec       __lCurAlloc                302562ec     LIBCMTD:dbgheap.obj
 0003:0018b2f0       __lMaxAlloc                302562f0     LIBCMTD:dbgheap.obj
 0003:0018b2f4       __pFirstBlock              302562f4     LIBCMTD:dbgheap.obj
 0003:0018b2f8       __pLastBlock               302562f8     LIBCMTD:dbgheap.obj
 0003:0018b300       _lclcritsects              30256300     LIBCMTD:mlock.obj
 0003:0018b480       _g_pfnRtlGenRandom         30256480     LIBCMTD:rand_s.obj
 0003:0018b48c       ___enable_percent_n        3025648c     LIBCMTD:printf.obj
 0003:0018b490       ___crtCallProc             30256490     LIBCMTD:winapinls.obj
 0003:0018b49c       ___type_info_root_node     3025649c     LIBCMTD:typname.obj
 0003:0018b4cc       _heap                      302564cc     LIBCMTD:undname.obj
 0003:0018b4e0       ?buf@?1??dbGetString@DName@@QBEPADXZ@4PADA 302564e0     LIBCMTD:undname.obj
 0004:00000060       $R000000                   305fb060     * linker generated manifest res *
