 qagamex86

 Timestamp is 5de36fbd (Sun Dec 01 15:46:05 2019)

 Preferred load address is 20000000

 Start         Length     Name                   Class
 0001:00000000 00045afaH .text$mn                CODE
 0002:00000000 00000100H .idata$5                DATA
 0002:00000100 00000004H .CRT$XCA                DATA
 0002:00000104 00000004H .CRT$XCZ                DATA
 0002:00000108 00000004H .CRT$XIA                DATA
 0002:0000010c 00000014H .CRT$XIC                DATA
 0002:00000120 00000004H .CRT$XIZ                DATA
 0002:00000124 00000004H .CRT$XPA                DATA
 0002:00000128 00000008H .CRT$XPX                DATA
 0002:00000130 00000004H .CRT$XPXA               DATA
 0002:00000134 00000004H .CRT$XPZ                DATA
 0002:00000138 00000004H .CRT$XTA                DATA
 0002:0000013c 00000004H .CRT$XTZ                DATA
 0002:00000140 0000c088H .rdata                  DATA
 0002:0000c1d0 0000000cH .rdata$sxdata           DATA
 0002:0000c1dc 00000004H .rtc$IAA                DATA
 0002:0000c1e0 00000004H .rtc$IZZ                DATA
 0002:0000c1e4 00000004H .rtc$TAA                DATA
 0002:0000c1e8 00000004H .rtc$TZZ                DATA
 0002:0000c1f0 00000334H .xdata$x                DATA
 0002:0000c530 0000005aH .edata                  DATA
 0002:0000c58c 00000014H .idata$2                DATA
 0002:0000c5a0 00000014H .idata$3                DATA
 0002:0000c5b4 00000100H .idata$4                DATA
 0002:0000c6b4 00000490H .idata$6                DATA
 0003:00000000 00002eb4H .data                   DATA
 0003:00002ec0 0014ced0H .bss                    DATA
 0004:00000000 00000058H .rsrc$01                DATA
 0004:00000060 00000180H .rsrc$02                DATA

  Address         Publics by Value              Rva+Base       Lib:Object

 0000:00000000       ___guard_flags             00000000     <absolute>
 0000:00000000       ___guard_fids_count        00000000     <absolute>
 0000:00000000       __except_list              00000000     <absolute>
 0000:00000000       ___guard_fids_table        00000000     <absolute>
 0000:00000003       ___safe_se_handler_count   00000003     <absolute>
 0000:00000000       ___ImageBase               20000000     <linker-defined>
 0001:00000000       _BotChatTest               20001000 f   ai_chat.obj
 0001:00000940       _BotChatTime               20001940 f   ai_chat.obj
 0001:00000970       _BotChat_Death             20001970 f   ai_chat.obj
 0001:00000d20       _BotChat_EndLevel          20001d20 f   ai_chat.obj
 0001:00000f20       _BotChat_EnemySuicide      20001f20 f   ai_chat.obj
 0001:00001060       _BotChat_EnterGame         20002060 f   ai_chat.obj
 0001:000011a0       _BotChat_ExitGame          200021a0 f   ai_chat.obj
 0001:000012d0       _BotChat_HitNoDeath        200022d0 f   ai_chat.obj
 0001:000014a0       _BotChat_HitNoKill         200024a0 f   ai_chat.obj
 0001:00001640       _BotChat_HitTalking        20002640 f   ai_chat.obj
 0001:000017e0       _BotChat_Kill              200027e0 f   ai_chat.obj
 0001:00001a10       _BotChat_Random            20002a10 f   ai_chat.obj
 0001:00001cb0       _BotChat_StartLevel        20002cb0 f   ai_chat.obj
 0001:00001de0       _BotFirstClientInRankings  20002de0 f   ai_chat.obj
 0001:00001ef0       _BotIsFirstInRankings      20002ef0 f   ai_chat.obj
 0001:00002000       _BotIsLastInRankings       20003000 f   ai_chat.obj
 0001:00002110       _BotLastClientInRankings   20003110 f   ai_chat.obj
 0001:00002220       _BotMapTitle               20003220 f   ai_chat.obj
 0001:00002290       _BotNumActivePlayers       20003290 f   ai_chat.obj
 0001:00002360       _BotRandomOpponentName     20003360 f   ai_chat.obj
 0001:000024f0       _BotRandomWeaponName       200034f0 f   ai_chat.obj
 0001:00002580       _BotValidChatPosition      20003580 f   ai_chat.obj
 0001:00002730       _BotVisibleEnemies         20003730 f   ai_chat.obj
 0001:00002830       _BotWeaponNameForMeansOfDeath 20003830 f   ai_chat.obj
 0001:000028e0       _BotAddressedToBot         200038e0 f   ai_cmd.obj
 0001:00002b60       _BotGetItemTeamGoal        20003b60 f   ai_cmd.obj
 0001:00002bc0       _BotGetMessageTeamGoal     20003bc0 f   ai_cmd.obj
 0001:00002c30       _BotGetPatrolWaypoints     20003c30 f   ai_cmd.obj
 0001:00002e30       _BotGetTime                20003e30 f   ai_cmd.obj
 0001:00002fa0       _BotMatchMessage           20003fa0 f   ai_cmd.obj
 0001:000032a0       _BotMatch_CTF              200042a0 f   ai_cmd.obj
 0001:000033f0       _BotMatch_Camp             200043f0 f   ai_cmd.obj
 0001:00003720       _BotMatch_CheckPoint       20004720 f   ai_cmd.obj
 0001:00003970       _BotMatch_DefendKeyArea    20004970 f   ai_cmd.obj
 0001:00003ad0       _BotMatch_Dismiss          20004ad0 f   ai_cmd.obj
 0001:00003b80       _BotMatch_EnterGame        20004b80 f   ai_cmd.obj
 0001:00003bd0       _BotMatch_FormationSpace   20004bd0 f   ai_cmd.obj
 0001:00003c90       _BotMatch_GetFlag          20004c90 f   ai_cmd.obj
 0001:00003dc0       _BotMatch_GetItem          20004dc0 f   ai_cmd.obj
 0001:00003ee0       _BotMatch_HelpAccompany    20004ee0 f   ai_cmd.obj
 0001:000042d0       _BotMatch_JoinSubteam      200052d0 f   ai_cmd.obj
 0001:00004390       _BotMatch_Kill             20005390 f   ai_cmd.obj
 0001:000044c0       _BotMatch_LeadTheWay       200054c0 f   ai_cmd.obj
 0001:00004730       _BotMatch_LeaveSubteam     20005730 f   ai_cmd.obj
 0001:000047d0       _BotMatch_NewLeader        200057d0 f   ai_cmd.obj
 0001:00004830       _BotMatch_Patrol           20005830 f   ai_cmd.obj
 0001:00004960       _BotMatch_ReturnFlag       20005960 f   ai_cmd.obj
 0001:00004a50       _BotMatch_RushBase         20005a50 f   ai_cmd.obj
 0001:00004b60       _BotMatch_StartTeamLeaderShip 20005b60 f   ai_cmd.obj
 0001:00004c10       _BotMatch_StopTeamLeaderShip 20005c10 f   ai_cmd.obj
 0001:00004ce0       _BotMatch_Suicide          20005ce0 f   ai_cmd.obj
 0001:00004d70       _BotMatch_TaskPreference   20005d70 f   ai_cmd.obj
 0001:00004e80       _BotMatch_WhatAreYouDoing  20005e80 f   ai_cmd.obj
 0001:00005070       _BotMatch_WhatIsMyCommand  20006070 f   ai_cmd.obj
 0001:000050d0       _BotMatch_WhereAreYou      200060d0 f   ai_cmd.obj
 0001:00005340       _BotMatch_WhichTeam        20006340 f   ai_cmd.obj
 0001:000053c0       _BotMatch_WhoIsTeamLeader  200063c0 f   ai_cmd.obj
 0001:00005430       _BotNearestVisibleItem     20006430 f   ai_cmd.obj
 0001:000055a0       _FindClientByName          200065a0 f   ai_cmd.obj
 0001:00005680       _FindEnemyByName           20006680 f   ai_cmd.obj
 0001:00005780       _NumPlayersOnSameTeam      20006780 f   ai_cmd.obj
 0001:00005830       _AIEnter_Battle_Chase      20006830 f   ai_dmnet.obj
 0001:00005870       _AIEnter_Battle_Fight      20006870 f   ai_dmnet.obj
 0001:000058b0       _AIEnter_Battle_NBG        200068b0 f   ai_dmnet.obj
 0001:000058e0       _AIEnter_Battle_Retreat    200068e0 f   ai_dmnet.obj
 0001:00005910       _AIEnter_Battle_SuicidalFight 20006910 f   ai_dmnet.obj
 0001:00005950       _AIEnter_Intermission      20006950 f   ai_dmnet.obj
 0001:000059a0       _AIEnter_Observer          200069a0 f   ai_dmnet.obj
 0001:000059d0       _AIEnter_Respawn           200069d0 f   ai_dmnet.obj
 0001:00005aa0       _AIEnter_Seek_ActivateEntity 20006aa0 f   ai_dmnet.obj
 0001:00005ad0       _AIEnter_Seek_LTG          20006ad0 f   ai_dmnet.obj
 0001:00005b70       _AIEnter_Seek_NBG          20006b70 f   ai_dmnet.obj
 0001:00005c10       _AIEnter_Stand             20006c10 f   ai_dmnet.obj
 0001:00005c60       _AINode_Battle_Chase       20006c60 f   ai_dmnet.obj
 0001:00006130       _AINode_Battle_Fight       20007130 f   ai_dmnet.obj
 0001:00006600       _AINode_Battle_NBG         20007600 f   ai_dmnet.obj
 0001:00006a80       _AINode_Battle_Retreat     20007a80 f   ai_dmnet.obj
 0001:00007020       _AINode_Intermission       20008020 f   ai_dmnet.obj
 0001:00007090       _AINode_Observer           20008090 f   ai_dmnet.obj
 0001:000070c0       _AINode_Respawn            200080c0 f   ai_dmnet.obj
 0001:000071a0       _AINode_Seek_ActivateEntity 200081a0 f   ai_dmnet.obj
 0001:000077e0       _AINode_Seek_LTG           200087e0 f   ai_dmnet.obj
 0001:00007e00       _AINode_Seek_NBG           20008e00 f   ai_dmnet.obj
 0001:00008230       _AINode_Stand              20009230 f   ai_dmnet.obj
 0001:00008350       _BotClearPath              20009350 f   ai_dmnet.obj
 0001:00008760       _BotDumpNodeSwitches       20009760 f   ai_dmnet.obj
 0001:00008800       _BotGetAirGoal             20009800 f   ai_dmnet.obj
 0001:00008990       _BotGetItemLongTermGoal    20009990 f   ai_dmnet.obj
 0001:00008a80       _BotGetLongTermGoal        20009a80 f   ai_dmnet.obj
 0001:0000a480       _BotGoForAir               2000b480 f   ai_dmnet.obj
 0001:0000a5a0       _BotLongTermGoal           2000b5a0 f   ai_dmnet.obj
 0001:0000aa70       _BotNearbyGoal             2000ba70 f   ai_dmnet.obj
 0001:0000ab10       _BotReachedGoal            2000bb10 f   ai_dmnet.obj
 0001:0000ac70       _BotRecordNodeSwitch       2000bc70 f   ai_dmnet.obj
 0001:0000ad00       _BotResetNodeSwitches      2000bd00 f   ai_dmnet.obj
 0001:0000ad10       _BotSelectActivateWeapon   2000bd10 f   ai_dmnet.obj
 0001:0000add0       _BotAIBlocked              2000bdd0 f   ai_dmq3.obj
 0001:0000b0c0       _BotAIPredictObstacles     2000c0c0 f   ai_dmq3.obj
 0001:0000b220       _BotAggression             2000c220 f   ai_dmq3.obj
 0001:0000b330       _BotAimAtEnemy             2000c330 f   ai_dmq3.obj
 0001:0000c710       _BotAlternateRoute         2000d710 f   ai_dmq3.obj
 0001:0000c7b0       _BotAttackMove             2000d7b0 f   ai_dmq3.obj
 0001:0000cdf0       _BotBattleUseItems         2000ddf0 f   ai_dmq3.obj
 0001:0000ce50       _BotCTFCarryingFlag        2000de50 f   ai_dmq3.obj
 0001:0000ce90       _BotCTFRetreatGoals        2000de90 f   ai_dmq3.obj
 0001:0000cf20       _BotCTFSeekGoals           2000df20 f   ai_dmq3.obj
 0001:0000d770       _BotCanAndWantsToRocketJump 2000e770 f   ai_dmq3.obj
 0001:0000d800       _BotCheckAir               2000e800 f   ai_dmq3.obj
 0001:0000d840       _BotCheckAttack            2000e840 f   ai_dmq3.obj
 0001:0000dd10       _BotCheckConsoleMessages   2000ed10 f   ai_dmq3.obj
 0001:0000e0b0       _BotCheckEvents            2000f0b0 f   ai_dmq3.obj
 0001:0000e470       _BotCheckForGrenades       2000f470 f   ai_dmq3.obj
 0001:0000e4b0       _BotCheckSnapshot          2000f4b0 f   ai_dmq3.obj
 0001:0000e590       _BotChooseWeapon           2000f590 f   ai_dmq3.obj
 0001:0000e600       _BotClearActivateGoalStack 2000f600 f   ai_dmq3.obj
 0001:0000e630       _BotCreateWayPoint         2000f630 f   ai_dmq3.obj
 0001:0000e6d0       _BotDeathmatchAI           2000f6d0 f   ai_dmq3.obj
 0001:0000e9a0       _BotDontAvoid              2000f9a0 f   ai_dmq3.obj
 0001:0000ea10       _BotEnableActivateGoalAreas 2000fa10 f   ai_dmq3.obj
 0001:0000ea70       _BotEnemyFlag              2000fa70 f   ai_dmq3.obj
 0001:0000eaa0       _BotEnemyFlagCarrierVisible 2000faa0 f   ai_dmq3.obj
 0001:0000eb80       _BotEntityVisible          2000fb80 f   ai_dmq3.obj
 0001:0000eff0       _BotFindEnemy              2000fff0 f   ai_dmq3.obj
 0001:0000f4f0       _BotFindWayPoint           200104f0 f   ai_dmq3.obj
 0001:0000f530       _BotFreeWaypoints          20010530 f   ai_dmq3.obj
 0001:0000f560       _BotFuncButtonActivateGoal 20010560 f   ai_dmq3.obj
 0001:0000fff0       _BotFuncDoorActivateGoal   20010ff0 f   ai_dmq3.obj
 0001:00010150       _BotGetActivateGoal        20011150 f   ai_dmq3.obj
 0001:00010940       _BotGetAlternateRouteGoal  20011940 f   ai_dmq3.obj
 0001:00010a40       _BotGoCamp                 20011a40 f   ai_dmq3.obj
 0001:00010b60       _BotGoForActivateGoal      20011b60 f   ai_dmq3.obj
 0001:00010c30       _BotGoForPowerups          20011c30 f   ai_dmq3.obj
 0001:00010c80       _BotHasPersistantPowerupAndWeapon 20011c80 f   ai_dmq3.obj
 0001:00010d50       _BotInLavaOrSlime          20011d50 f   ai_dmq3.obj
 0001:00010db0       _BotInitWaypoints          20011db0 f   ai_dmq3.obj
 0001:00010dd0       _BotIntermission           20011dd0 f   ai_dmq3.obj
 0001:00010e00       _BotIsDead                 20011e00 f   ai_dmq3.obj
 0001:00010e20       _BotIsGoingToActivateEntity 20011e20 f   ai_dmq3.obj
 0001:00010ea0       _BotIsObserver             20011ea0 f   ai_dmq3.obj
 0001:00010f20       _BotMapScripts             20011f20 f   ai_dmq3.obj
 0001:000112a0       _BotModelMinsMaxs          200122a0 f   ai_dmq3.obj
 0001:000113c0       _BotOppositeTeam           200123c0 f   ai_dmq3.obj
 0001:000113f0       _BotPointAreaNum           200123f0 f   ai_dmq3.obj
 0001:00011470       _BotPopFromActivateGoalStack 20012470 f   ai_dmq3.obj
 0001:000114d0       _BotPushOntoActivateGoalStack 200124d0 f   ai_dmq3.obj
 0001:00011620       _BotRandomMove             20012620 f   ai_dmq3.obj
 0001:000116d0       _BotRefuseOrder            200126d0 f   ai_dmq3.obj
 0001:00011740       _BotRememberLastOrderedTask 20012740 f   ai_dmq3.obj
 0001:000117c0       _BotRoamGoal               200127c0 f   ai_dmq3.obj
 0001:00011b20       _BotSameTeam               20012b20 f   ai_dmq3.obj
 0001:00011c00       _BotSetLastOrderedTask     20012c00 f   ai_dmq3.obj
 0001:00011d50       _BotSetMovedir             20012d50 f   ai_dmq3.obj
 0001:00011e30       _BotVoiceChatOnly          20012e30 f   ai_team.obj
 0001:00011e30       _SP_team_CTF_redplayer     20012e30 f   g_team.obj
 0001:00011e30       _SP_team_CTF_blueplayer    20012e30 f   g_team.obj
 0001:00011e30       _SP_team_CTF_redspawn      20012e30 f   g_team.obj
 0001:00011e30       _BotVoiceChat              20012e30 f   ai_team.obj
 0001:00011e30       _BotSetTeamStatus          20012e30 f   ai_dmq3.obj
 0001:00011e30       _SP_misc_teleporter_dest   20012e30 f   g_misc.obj
 0001:00011e30       _SP_info_player_intermission 20012e30 f   g_client.obj
 0001:00011e30       _SP_team_CTF_bluespawn     20012e30 f   g_team.obj
 0001:00011e30       _BotVoiceChat_Dummy        20012e30 f   ai_vcmd.obj
 0001:00011e30       _SP_item_botroam           20012e30 f   g_spawn.obj
 0001:00011e40       _BotSetTeleportTime        20012e40 f   ai_dmq3.obj
 0001:00011e70       _BotSetUserInfo            20012e70 f   ai_dmq3.obj
 0001:00011ee0       _BotSetupAlternativeRouteGoals 20012ee0 f   ai_dmq3.obj
 0001:00011f00       _BotSetupDeathmatchAI      20012f00 f   ai_dmq3.obj
 0001:000120d0       _BotSetupForMovement       200130d0 f   ai_dmq3.obj
 0001:00012200       _BotSynonymContext         20013200 f   ai_dmq3.obj
 0001:00012230       _BotTeam                   20013230 f   ai_dmq3.obj
 0001:000122e0       _BotTeamFlag               200132e0 f   ai_dmq3.obj
 0001:00012310       _BotTeamFlagCarrier        20013310 f   ai_dmq3.obj
 0001:000123b0       _BotTeamFlagCarrierVisible 200133b0 f   ai_dmq3.obj
 0001:00012490       _BotTeamGoals              20013490 f   ai_dmq3.obj
 0001:000124f0       _BotTriggerMultipleActivateGoal 200134f0 f   ai_dmq3.obj
 0001:00012770       _BotUpdateBattleInventory  20013770 f   ai_dmq3.obj
 0001:00012810       _BotUpdateInventory        20013810 f   ai_dmq3.obj
 0001:000129d0       _BotWantsToCamp            200139d0 f   ai_dmq3.obj
 0001:00012bf0       _BotWantsToChase           20013bf0 f   ai_dmq3.obj
 0001:00012cb0       _BotWantsToRetreat         20013cb0 f   ai_dmq3.obj
 0001:00012d70       _ClientFromName            20013d70 f   ai_dmq3.obj
 0001:00012e30       _ClientName                20013e30 f   ai_dmq3.obj
 0001:00012ed0       _ClientOnSameTeamFromName  20013ed0 f   ai_dmq3.obj
 0001:00012fa0       _EasyClientName            20013fa0 f   ai_dmq3.obj
 0001:000131c0       _EntityCarriesFlag         200141c0 f   ai_dmq3.obj
 0001:000131e0       _EntityIsChatting          200141e0 f   ai_dmq3.obj
 0001:00013200       _EntityIsDead              20014200 f   ai_dmq3.obj
 0001:00013260       _EntityIsInvisible         20014260 f   ai_dmq3.obj
 0001:00013290       _EntityIsShooting          20014290 f   ai_dmq3.obj
 0001:000132b0       _InFieldOfVision           200142b0 f   ai_dmq3.obj
 0001:000133a0       _TeamPlayIsOn              200143a0 f   ai_dmq3.obj
 0001:000133b0       _stristr                   200143b0 f   ai_dmq3.obj
 0001:00013440       _AngleDifference           20014440 f   ai_main.obj
 0001:000134b0       _BotAI                     200144b0 f   ai_main.obj
 0001:00013820       _BotAILoadMap              20014820 f   ai_main.obj
 0001:000138b0       _BotAIRegularUpdate        200148b0 f   ai_main.obj
 0001:000138f0       _BotAISetup                200148f0 f   ai_main.obj
 0001:00013a50       _BotAISetupClient          20014a50 f   ai_main.obj
 0001:00013de0       _BotAIShutdown             20014de0 f   ai_main.obj
 0001:00013e30       _BotAIShutdownClient       20014e30 f   ai_main.obj
 0001:00013f00       _BotAIStartFrame           20014f00 f   ai_main.obj
 0001:000143c0       _BotAI_BotInitialChat      200153c0 f   ai_main.obj
 0001:00014450       _BotAI_GetClientState      20015450 f   ai_main.obj
 0001:00014490       _BotAI_GetEntityState      20015490 f   ai_main.obj
 0001:000144f0       _BotAI_GetSnapshotEntity   200154f0 f   ai_main.obj
 0001:00014540       _BotAI_Print               20015540 f   ai_main.obj
 0001:00014660       _BotAI_Trace               20015660 f   ai_main.obj
 0001:00014700       _BotChangeViewAngle        20015700 f   ai_main.obj
 0001:000147c0       _BotChangeViewAngles       200157c0 f   ai_main.obj
 0001:00014a50       _BotEntityInfo             20015a50 f   ai_main.obj
 0001:00014a60       _BotInitLibrary            20015a60 f   ai_main.obj
 0001:00014f20       _BotInputToUserCommand     20015f20 f   ai_main.obj
 0001:000151d0       _BotInterbreedBots         200161d0 f   ai_main.obj
 0001:00015300       _BotInterbreedEndMatch     20016300 f   ai_main.obj
 0001:00015370       _BotInterbreeding          20016370 f   ai_main.obj
 0001:00015470       _BotReadSessionData        20016470 f   ai_main.obj
 0001:00015540       _BotResetState             20016540 f   ai_main.obj
 0001:000156b0       _BotScheduleBotThink       200166b0 f   ai_main.obj
 0001:000156f0       _BotSetInfoConfigString    200166f0 f   ai_main.obj
 0001:00015960       _BotTeamLeader             20016960 f   ai_main.obj
 0001:000159a0       _BotTestAAS                200169a0 f   ai_main.obj
 0001:00015aa0       _BotUpdateInfoConfigStrings 20016aa0 f   ai_main.obj
 0001:00015b60       _BotUpdateInput            20016b60 f   ai_main.obj
 0001:00015ca0       _BotWriteInterbreeded      20016ca0 f   ai_main.obj
 0001:00015d10       _BotWriteSessionData       20016d10 f   ai_main.obj
 0001:00015e10       _NumBots                   20016e10 f   ai_main.obj
 0001:00015e20       _RemoveColorEscapeSequences 20016e20 f   ai_main.obj
 0001:00015e70       _BotCTFOrders              20016e70 f   ai_team.obj
 0001:00015ef0       _BotCTFOrders_BothFlagsAtBase 20016ef0 f   ai_team.obj
 0001:000162c0       _BotCTFOrders_BothFlagsNotAtBase 200172c0 f   ai_team.obj
 0001:00016610       _BotCTFOrders_EnemyFlagNotAtBase 20017610 f   ai_team.obj
 0001:00016910       _BotCTFOrders_FlagNotAtBase 20017910 f   ai_team.obj
 0001:00016cb0       _BotClientTravelTimeToGoal 20017cb0 f   ai_team.obj
 0001:00016d30       _BotCreateGroup            20017d30 f   ai_team.obj
 0001:00016dd0       _BotGetTeamMateTaskPreference 20017dd0 f   ai_team.obj
 0001:00016e40       _BotNumTeamMates           20017e40 f   ai_team.obj
 0001:00016f30       _BotSayTeamOrder           20017f30 f   ai_team.obj
 0001:00016f40       _BotSayTeamOrderAlways     20017f40 f   ai_team.obj
 0001:00016ff0       _BotSetTeamMateTaskPreference 20017ff0 f   ai_team.obj
 0001:00017050       _BotSortTeamMatesByBaseTravelTime 20018050 f   ai_team.obj
 0001:00017260       _BotSortTeamMatesByTaskPreference 20018260 f   ai_team.obj
 0001:00017370       _BotTeamAI                 20018370 f   ai_team.obj
 0001:00017770       _BotTeamOrders             20018770 f   ai_team.obj
 0001:00017940       _BotValidTeamLeader        20018940 f   ai_team.obj
 0001:00017980       _FindHumanTeamLeader       20018980 f   ai_team.obj
 0001:00017a00       _BotVoiceChat_Defend       20018a00 f   ai_vcmd.obj
 0001:00017b40       _BotVoiceChat_GetFlag      20018b40 f   ai_vcmd.obj
 0001:00017c10       _BotVoiceChat_Offense      20018c10 f   ai_vcmd.obj
 0001:00017cc0       _BotVoiceChat_DefendFlag   20018cc0 f   ai_vcmd.obj
 0001:00017cd0       _BotVoiceChat_Patrol       20018cd0 f   ai_vcmd.obj
 0001:00017d40       _BotVoiceChat_Camp         20018d40 f   ai_vcmd.obj
 0001:00017f00       _BotVoiceChat_FollowMe     20018f00 f   ai_vcmd.obj
 0001:000180d0       _BotVoiceChat_FollowFlagCarrier 200190d0 f   ai_vcmd.obj
 0001:000180f0       _BotVoiceChat_ReturnFlag   200190f0 f   ai_vcmd.obj
 0001:00018190       _BotVoiceChat_StartLeader  20019190 f   ai_vcmd.obj
 0001:000181b0       _BotVoiceChat_StopLeader   200191b0 f   ai_vcmd.obj
 0001:00018210       _BotVoiceChat_WhoIsLeader  20019210 f   ai_vcmd.obj
 0001:000182a0       _BotVoiceChat_WantOnDefense 200192a0 f   ai_vcmd.obj
 0001:00018330       _BotVoiceChat_WantOnOffense 20019330 f   ai_vcmd.obj
 0001:000183c0       _BG_AddPredictableEventToPlayerstate 200193c0 f   bg_misc.obj
 0001:000183f0       _BG_CanItemBeGrabbed       200193f0 f   bg_misc.obj
 0001:00018580       _BG_EvaluateTrajectory     20019580 f   bg_misc.obj
 0001:00018720       _BG_EvaluateTrajectoryDelta 20019720 f   bg_misc.obj
 0001:00018870       _BG_FindItem               20019870 f   bg_misc.obj
 0001:000188b0       _BG_FindItemForPowerup     200198b0 f   bg_misc.obj
 0001:00018900       _BG_FindItemForWeapon      20019900 f   bg_misc.obj
 0001:00018940       _BG_PlayerStateToEntityState 20019940 f   bg_misc.obj
 0001:00018b80       _BG_PlayerStateToEntityStateExtraPolate 20019b80 f   bg_misc.obj
 0001:00018dc0       _BG_PlayerTouchesItem      20019dc0 f   bg_misc.obj
 0001:00018e50       _BG_TouchJumpPad           20019e50 f   bg_misc.obj
 0001:00018fb0       _PM_AddEvent               20019fb0 f   bg_pmove.obj
 0001:00018fd0       _PM_AddTouchEnt            20019fd0 f   bg_pmove.obj
 0001:00019680       _PM_ClipVelocity           2001a680 f   bg_pmove.obj
 0001:0001ad40       _PM_UpdateViewAngles       2001bd40 f   bg_pmove.obj
 0001:0001b780       _Pmove                     2001c780 f   bg_pmove.obj
 0001:0001b810       _PmoveSingle               2001c810 f   bg_pmove.obj
 0001:0001bb90       _PM_SlideMove              2001cb90 f   bg_slidemove.obj
 0001:0001c3c0       _PM_StepSlideMove          2001d3c0 f   bg_slidemove.obj
 0001:0001c710       _ClientEndFrame            2001d710 f   g_active.obj
 0001:0001c860       _ClientEvents              2001d860 f   g_active.obj
 0001:0001ca60       _ClientImpacts             2001da60 f   g_active.obj
 0001:0001cb30       _ClientInactivityTimer     2001db30 f   g_active.obj
 0001:0001cc40       _ClientIntermissionThink   2001dc40 f   g_active.obj
 0001:0001cc80       _ClientThink               2001dc80 f   g_active.obj
 0001:0001cce0       _ClientThink_real          2001dce0 f   g_active.obj
 0001:0001d1a0       _ClientTimerActions        2001e1a0 f   g_active.obj
 0001:0001d2b0       _G_RunClient               2001e2b0 f   g_active.obj
 0001:0001d2f0       _G_SetClientSound          2001e2f0 f   g_active.obj
 0001:0001d330       _G_TouchTriggers           2001e330 f   g_active.obj
 0001:0001d590       _P_DamageFeedback          2001e590 f   g_active.obj
 0001:0001d6f0       _P_WorldEffects            2001e6f0 f   g_active.obj
 0001:0001d890       _SendPendingPredictableEvents 2001e890 f   g_active.obj
 0001:0001d930       _SpectatorClientEndFrame   2001e930 f   g_active.obj
 0001:0001da20       _SpectatorThink            2001ea20 f   g_active.obj
 0001:0001e320       _SpawnModelsOnVictoryPads  2001f320 f   g_arenas.obj
 0001:0001e5f0       _Svcmd_AbortPodium_f       2001f5f0 f   g_arenas.obj
 0001:0001e620       _UpdateTournamentInfo      2001f620 f   g_arenas.obj
 0001:0001ec40       _G_AddRandomBot            2001fc40 f   g_bot.obj
 0001:0001eec0       _G_BotConnect              2001fec0 f   g_bot.obj
 0001:0001efb0       _G_CheckBotSpawn           2001ffb0 f   g_bot.obj
 0001:0001f040       _G_CheckMinimumPlayers     20020040 f   g_bot.obj
 0001:0001f1c0       _G_CountBotPlayers         200201c0 f   g_bot.obj
 0001:0001f260       _G_CountHumanPlayers       20020260 f   g_bot.obj
 0001:0001f2c0       _G_GetArenaInfoByMap       200202c0 f   g_bot.obj
 0001:0001f310       _G_GetBotInfoByName        20020310 f   g_bot.obj
 0001:0001f360       _G_InitBots                20020360 f   g_bot.obj
 0001:0001f9c0       _G_ParseInfos              200209c0 f   g_bot.obj
 0001:0001fbe0       _G_RemoveQueuedBotBegin    20020be0 f   g_bot.obj
 0001:0001fc10       _G_RemoveRandomBot         20020c10 f   g_bot.obj
 0001:0001feb0       _Svcmd_AddBot_f            20020eb0 f   g_bot.obj
 0001:00020030       _Svcmd_BotList_f           20021030 f   g_bot.obj
 0001:000201f0       _trap_Cvar_VariableValue   200211f0 f   g_bot.obj
 0001:00020250       _BodySink                  20021250 f   g_client.obj
 0001:000202a0       _ClientBegin               200212a0 f   g_client.obj
 0001:00020460       _ClientConnect             20021460 f   g_client.obj
 0001:000206a0       _ClientDisconnect          200216a0 f   g_client.obj
 0001:00020860       _ClientSpawn               20021860 f   g_client.obj
 0001:00020eb0       _ClientUserinfoChanged     20021eb0 f   g_client.obj
 0001:000213b0       _CopyToBodyQue             200223b0 f   g_client.obj
 0001:00021630       _InitBodyQue               20022630 f   g_client.obj
 0001:00021670       _PickTeam                  20022670 f   g_client.obj
 0001:000216c0       _SP_info_player_deathmatch 200226c0 f   g_client.obj
 0001:00021720       _SP_info_player_start      20022720 f   g_client.obj
 0001:00021740       _SelectInitialSpawnPoint   20022740 f   g_client.obj
 0001:000217e0       _SelectRandomFurthestSpawnPoint 200227e0 f   g_client.obj
 0001:00021ae0       _SelectSpawnPoint          20022ae0 f   g_client.obj
 0001:00021af0       _SelectSpectatorSpawnPoint 20022af0 f   g_client.obj
 0001:00021b50       _SetClientViewAngle        20022b50 f   g_client.obj
 0001:00021c10       _SpotWouldTelefrag         20022c10 f   g_client.obj
 0001:00021cf0       _TeamCount                 20022cf0 f   g_client.obj
 0001:00021d40       _TeamLeader                20022d40 f   g_client.obj
 0001:00021d90       _respawn                   20022d90 f   g_client.obj
 0001:00021dd0       _BroadcastTeamChange       20022dd0 f   g_cmds.obj
 0001:00021e40       _CheatsOk                  20022e40 f   g_cmds.obj
 0001:00021ed0       _ClientCommand             20022ed0 f   g_cmds.obj
 0001:00022530       _ClientNumberFromString    20023530 f   g_cmds.obj
 0001:000226c0       _Cmd_CallTeamVote_f        200236c0 f   g_cmds.obj
 0001:00022be0       _Cmd_CallVote_f            20023be0 f   g_cmds.obj
 0001:00023120       _Cmd_FollowCycle_f         20024120 f   g_cmds.obj
 0001:00023200       _Cmd_Follow_f              20024200 f   g_cmds.obj
 0001:00023300       _Cmd_GameCommand_f         20024300 f   g_cmds.obj
 0001:000233b0       _Cmd_Give_f                200243b0 f   g_cmds.obj
 0001:00023630       _Cmd_God_f                 20024630 f   g_cmds.obj
 0001:00023690       _Cmd_Kill_f                20024690 f   g_cmds.obj
 0001:000236e0       _Cmd_LevelShot_f           200246e0 f   g_cmds.obj
 0001:00023740       _Cmd_Noclip_f              20024740 f   g_cmds.obj
 0001:000237b0       _Cmd_Notarget_f            200247b0 f   g_cmds.obj
 0001:00023850       _Cmd_Score_f               20024850 f   g_cmds.obj
 0001:00023860       _Cmd_SetViewpos_f          20024860 f   g_cmds.obj
 0001:00023970       _Cmd_TeamTask_f            20024970 f   g_cmds.obj
 0001:00023a30       _Cmd_TeamVote_f            20024a30 f   g_cmds.obj
 0001:00023b70       _Cmd_Team_f                20024b70 f   g_cmds.obj
 0001:00024090       _Cmd_Vote_f                20025090 f   g_cmds.obj
 0001:000241d0       _Cmd_Where_f               200251d0 f   g_cmds.obj
 0001:00024210       _ConcatArgs                20025210 f   g_cmds.obj
 0001:000242e0       _DeathmatchScoreboardMessage 200252e0 f   g_cmds.obj
 0001:000244c0       _G_Say                     200254c0 f   g_cmds.obj
 0001:00024810       _G_Voice                   20025810 f   g_cmds.obj
 0001:00024960       _SanitizeString            20025960 f   g_cmds.obj
 0001:000249b0       _SetTeam                   200259b0 f   g_cmds.obj
 0001:00024d10       _StopFollowing             20025d10 f   g_cmds.obj
 0001:00024d80       _AddScore                  20025d80 f   g_combat.obj
 0001:00024de0       _CanDamage                 20025de0 f   g_combat.obj
 0001:00025080       _CheckAlmostCapture        20026080 f   g_combat.obj
 0001:00025190       _CheckAlmostScored         20026190 f   g_combat.obj
 0001:00025250       _CheckArmor                20026250 f   g_combat.obj
 0001:000252d0       _G_Damage                  200262d0 f   g_combat.obj
 0001:00025730       _G_RadiusDamage            20026730 f   g_combat.obj
 0001:000259e0       _GibEntity                 200269e0 f   g_combat.obj
 0001:00025a90       _LookAtKiller              20026a90 f   g_combat.obj
 0001:00025b40       _ScorePlum                 20026b40 f   g_combat.obj
 0001:00025b80       _TossClientItems           20026b80 f   g_combat.obj
 0001:00025cc0       _body_die                  20026cc0 f   g_combat.obj
 0001:00025d00       _player_die                20026d00 f   g_combat.obj
 0001:00026210       _Add_Ammo                  20027210 f   g_items.obj
 0001:00026250       _ClearRegisteredItems      20027250 f   g_items.obj
 0001:00026280       _Drop_Item                 20027280 f   g_items.obj
 0001:00026370       _FinishSpawningItem        20027370 f   g_items.obj
 0001:000265b0       _G_BounceItem              200275b0 f   g_items.obj
 0001:00026790       _G_CheckTeamItems          20027790 f   g_items.obj
 0001:00026830       _G_ItemDisabled            20027830 f   g_items.obj
 0001:00026880       _G_RunItem                 20027880 f   g_items.obj
 0001:000269e0       _G_SpawnItem               200279e0 f   g_items.obj
 0001:00026a90       _LaunchItem                20027a90 f   g_items.obj
 0001:00026bd0       _Pickup_Ammo               20027bd0 f   g_items.obj
 0001:00026c10       _Pickup_Armor              20027c10 f   g_items.obj
 0001:00026c60       _Pickup_Health             20027c60 f   g_items.obj
 0001:00026ce0       _Pickup_Holdable           20027ce0 f   g_items.obj
 0001:00026d40       _Pickup_Powerup            20027d40 f   g_items.obj
 0001:00026f40       _Pickup_Weapon             20027f40 f   g_items.obj
 0001:00027000       _RegisterItem              20028000 f   g_items.obj
 0001:00027040       _RespawnItem               20028040 f   g_items.obj
 0001:00027180       _SaveRegisteredItems       20028180 f   g_items.obj
 0001:00027210       _Touch_Item                20028210 f   g_items.obj
 0001:000274d0       _Use_Item                  200284d0 f   g_items.obj
 0001:000274e0       _AddTournamentPlayer       200284e0 f   g_main.obj
 0001:000275a0       _AdjustTournamentScores    200285a0 f   g_main.obj
 0001:00027600       _BeginIntermission         20028600 f   g_main.obj
 0001:00027690       _CalculateRanks            20028690 f   g_main.obj
 0001:000279a0       _CheckCvars                200289a0 f   g_main.obj
 0001:00027a00       _CheckExitRules            20028a00 f   g_main.obj
 0001:00027bb0       _CheckIntermissionExit     20028bb0 f   g_main.obj
 0001:00027cd0       _CheckTeamLeader           20028cd0 f   g_main.obj
 0001:00027d90       _CheckTeamVote             20028d90 f   g_main.obj
 0001:00027e80       _CheckTournament           20028e80 f   g_main.obj
 0001:000280a0       _CheckVote                 200290a0 f   g_main.obj
 0001:00028150       _Com_Error                 20029150 f   g_main.obj
 0001:000281a0       _Com_Printf                200291a0 f   g_main.obj
 0001:000281f0       _ExitLevel                 200291f0 f   g_main.obj
 0001:00028300       _FindIntermissionPoint     20029300 f   g_main.obj
 0001:00028410       _G_Error                   20029410 f   g_main.obj
 0001:00028460       _G_FindTeams               20029460 f   g_main.obj
 0001:000285d0       _G_InitGame                200295d0 f   g_main.obj
 0001:00028920       _G_LogPrintf               20029920 f   g_main.obj
 0001:00028a10       _G_Printf                  20029a10 f   g_main.obj
 0001:00028a60       _G_RegisterCvars           20029a60 f   g_main.obj
 0001:00028ae0       _G_RunFrame                20029ae0 f   g_main.obj
 0001:00028cf0       _G_RunThink                20029cf0 f   g_main.obj
 0001:00028d50       _G_ShutdownGame            20029d50 f   g_main.obj
 0001:00028db0       _G_UpdateCvars             20029db0 f   g_main.obj
 0001:00028e10       _LogExit                   20029e10 f   g_main.obj
 0001:00028ee0       _MoveClientToIntermission  20029ee0 f   g_main.obj
 0001:00029010       _PrintTeam                 2002a010 f   g_main.obj
 0001:00029070       _RemoveTournamentLoser     2002a070 f   g_main.obj
 0001:000290b0       _ScoreIsTied               2002a0b0 f   g_main.obj
 0001:00029110       _SendScoreboardMessageToAllClients 2002a110 f   g_main.obj
 0001:00029170       _SetLeader                 2002a170 f   g_main.obj
 0001:00029270       _SortRanks                 2002a270 f   g_main.obj
 0001:00029330       _vmMain                    2002a330 f   g_main.obj
 0001:00029420       _G_Alloc                   2002a420 f   g_mem.obj
 0001:00029490       _G_InitMemory              2002a490 f   g_mem.obj
 0001:000294a0       _Svcmd_GameMem_f           2002a4a0 f   g_mem.obj
 0001:000294c0       _InitShooter               2002a4c0 f   g_misc.obj
 0001:000295c0       _SP_info_notnull           2002a5c0 f   g_misc.obj
 0001:000295c0       _SP_target_position        2002a5c0 f   g_target.obj
 0001:000295c0       _SP_info_camp              2002a5c0 f   g_misc.obj
 0001:000295e0       _SP_light                  2002a5e0 f   g_misc.obj
 0001:000295e0       _SP_misc_model             2002a5e0 f   g_misc.obj
 0001:000295e0       _SP_info_null              2002a5e0 f   g_misc.obj
 0001:000295f0       _SP_misc_portal_camera     2002a5f0 f   g_misc.obj
 0001:00029680       _SP_misc_portal_surface    2002a680 f   g_misc.obj
 0001:00029720       _SP_shooter_grenade        2002a720 f   g_misc.obj
 0001:00029740       _SP_shooter_plasma         2002a740 f   g_misc.obj
 0001:00029760       _SP_shooter_rocket         2002a760 f   g_misc.obj
 0001:00029780       _TeleportPlayer            2002a780 f   g_misc.obj
 0001:00029910       _Use_Shooter               2002a910 f   g_misc.obj
 0001:00029b60       _locateCamera              2002ab60 f   g_misc.obj
 0001:00029c90       _G_BounceMissile           2002ac90 f   g_missile.obj
 0001:00029e90       _G_ExplodeMissile          2002ae90 f   g_missile.obj
 0001:00029fb0       _G_MissileImpact           2002afb0 f   g_missile.obj
 0001:0002a430       _G_RunMissile              2002b430 f   g_missile.obj
 0001:0002a590       _fire_bfg                  2002b590 f   g_missile.obj
 0001:0002a6f0       _fire_grapple              2002b6f0 f   g_missile.obj
 0001:0002a840       _fire_grenade              2002b840 f   g_missile.obj
 0001:0002a9b0       _fire_plasma               2002b9b0 f   g_missile.obj
 0001:0002ab10       _fire_rocket               2002bb10 f   g_missile.obj
 0001:0002ac70       _Blocked_Door              2002bc70 f   g_mover.obj
 0001:0002acf0       _G_CreateRotationMatrix    2002bcf0 f   g_mover.obj
 0001:0002ad40       _G_MoverPush               2002bd40 f   g_mover.obj
 0001:0002b290       _G_MoverTeam               2002c290 f   g_mover.obj
 0001:0002b440       _G_RotatePoint             2002c440 f   g_mover.obj
 0001:0002b4d0       _G_RunMover                2002c4d0 f   g_mover.obj
 0001:0002b510       _G_TestEntityPosition      2002c510 f   g_mover.obj
 0001:0002b5a0       _G_TransposeMatrix         2002c5a0 f   g_mover.obj
 0001:0002b5e0       _G_TryPushingEntity        2002c5e0 f   g_mover.obj
 0001:0002b9c0       _InitMover                 2002c9c0 f   g_mover.obj
 0001:0002bc40       _MatchTeam                 2002cc40 f   g_mover.obj
 0001:0002bc70       _Reached_BinaryMover       2002cc70 f   g_mover.obj
 0001:0002bd60       _Reached_Train             2002cd60 f   g_mover.obj
 0001:0002bef0       _ReturnToPos1              2002cef0 f   g_mover.obj
 0001:0002bf30       _SP_func_bobbing           2002cf30 f   g_mover.obj
 0001:0002c040       _SP_func_button            2002d040 f   g_mover.obj
 0001:0002c200       _SP_func_door              2002d200 f   g_mover.obj
 0001:0002c480       _SP_func_pendulum          2002d480 f   g_mover.obj
 0001:0002c5c0       _SP_func_plat              2002d5c0 f   g_mover.obj
 0001:0002c730       _SP_func_rotating          2002d730 f   g_mover.obj
 0001:0002c810       _SP_func_static            2002d810 f   g_mover.obj
 0001:0002c870       _SP_func_train             2002d870 f   g_mover.obj
 0001:0002c940       _SP_path_corner            2002d940 f   g_mover.obj
 0001:0002c970       _SetMoverState             2002d970 f   g_mover.obj
 0001:0002cae0       _SpawnPlatTrigger          2002dae0 f   g_mover.obj
 0001:0002cc70       _Think_BeginMoving         2002dc70 f   g_mover.obj
 0001:0002cc90       _Think_MatchTeam           2002dc90 f   g_mover.obj
 0001:0002ccb0       _Think_SetupTrainTargets   2002dcb0 f   g_mover.obj
 0001:0002cdc0       _Think_SpawnNewDoorTrigger 2002ddc0 f   g_mover.obj
 0001:0002cfb0       _Touch_Button              2002dfb0 f   g_mover.obj
 0001:0002cfe0       _Touch_DoorTrigger         2002dfe0 f   g_mover.obj
 0001:0002d1a0       _Touch_Plat                2002e1a0 f   g_mover.obj
 0001:0002d1e0       _Touch_PlatCenterTrigger   2002e1e0 f   g_mover.obj
 0001:0002d220       _Use_BinaryMover           2002e220 f   g_mover.obj
 0001:0002d350       _G_InitSessionData         2002e350 f   g_session.obj
 0001:0002d410       _G_InitWorldSession        2002e410 f   g_session.obj
 0001:0002d480       _G_ReadSessionData         2002e480 f   g_session.obj
 0001:0002d550       _G_WriteClientSessionData  2002e550 f   g_session.obj
 0001:0002d5c0       _G_WriteSessionData        2002e5c0 f   g_session.obj
 0001:0002d620       _G_AddSpawnVarToken        2002e620 f   g_spawn.obj
 0001:0002d690       _G_CallSpawn               2002e690 f   g_spawn.obj
 0001:0002d780       _G_NewString               2002e780 f   g_spawn.obj
 0001:0002d7f0       _G_ParseField              2002e7f0 f   g_spawn.obj
 0001:0002d980       _G_ParseSpawnVars          2002e980 f   g_spawn.obj
 0001:0002dad0       _G_SpawnEntitiesFromString 2002ead0 f   g_spawn.obj
 0001:0002db30       _G_SpawnFloat              2002eb30 f   g_spawn.obj
 0001:0002db60       _G_SpawnGEntityFromSpawnVars 2002eb60 f   g_spawn.obj
 0001:0002dcc0       _G_SpawnInt                2002ecc0 f   g_spawn.obj
 0001:0002dcf0       _G_SpawnString             2002ecf0 f   g_spawn.obj
 0001:0002dd60       _G_SpawnVector             2002ed60 f   g_spawn.obj
 0001:0002dda0       _SP_worldspawn             2002eda0 f   g_spawn.obj
 0001:0002dfa0       _ClientForString           2002efa0 f   g_svcmds.obj
 0001:0002e080       _ConsoleCommand            2002f080 f   g_svcmds.obj
 0001:0002e2d0       _G_FilterPacket            2002f2d0 f   g_svcmds.obj
 0001:0002e380       _G_ProcessIPBans           2002f380 f   g_svcmds.obj
 0001:0002e510       _Svcmd_AddIP_f             2002f510 f   g_svcmds.obj
 0001:0002e580       _Svcmd_EntityList_f        2002f580 f   g_svcmds.obj
 0001:0002e710       _Svcmd_ForceTeam_f         2002f710 f   g_svcmds.obj
 0001:0002e7a0       _Svcmd_RemoveIP_f          2002f7a0 f   g_svcmds.obj
 0001:0002e9f0       _PASSFLOAT                 2002f9f0 f   g_syscalls.obj
 0001:0002ea10       _dllEntry                  2002fa10 f   g_syscalls.obj
 0001:0002ea20       _trap_AAS_AreaInfo         2002fa20 f   g_syscalls.obj
 0001:0002ea40       _trap_AAS_AreaReachability 2002fa40 f   g_syscalls.obj
 0001:0002ea60       _trap_AAS_AreaTravelTimeToGoalArea 2002fa60 f   g_syscalls.obj
 0001:0002ea80       _trap_AAS_BBoxAreas        2002fa80 f   g_syscalls.obj
 0001:0002eaa0       _trap_AAS_EnableRoutingArea 2002faa0 f   g_syscalls.obj
 0001:0002eac0       _trap_AAS_EntityInfo       2002fac0 f   g_syscalls.obj
 0001:0002eae0       _trap_AAS_FloatForBSPEpairKey 2002fae0 f   g_syscalls.obj
 0001:0002eb00       _trap_AAS_Initialized      2002fb00 f   g_syscalls.obj
 0001:0002eb10       _trap_AAS_IntForBSPEpairKey 2002fb10 f   g_syscalls.obj
 0001:0002eb30       _trap_AAS_NextBSPEntity    2002fb30 f   g_syscalls.obj
 0001:0002eb50       _trap_AAS_PointAreaNum     2002fb50 f   g_syscalls.obj
 0001:0002eb70       _trap_AAS_PointContents    2002fb70 f   g_syscalls.obj
 0001:0002eb90       _trap_AAS_PredictClientMovement 2002fb90 f   g_syscalls.obj
 0001:0002ebe0       _trap_AAS_PredictRoute     2002fbe0 f   g_syscalls.obj
 0001:0002ec20       _trap_AAS_PresenceTypeBoundingBox 2002fc20 f   g_syscalls.obj
 0001:0002ec40       _trap_AAS_Swimming         2002fc40 f   g_syscalls.obj
 0001:0002ec60       _trap_AAS_Time             2002fc60 f   g_syscalls.obj
 0001:0002ec80       _trap_AAS_TraceAreas       2002fc80 f   g_syscalls.obj
 0001:0002ecb0       _trap_AAS_ValueForBSPEpairKey 2002fcb0 f   g_syscalls.obj
 0001:0002ecd0       _trap_AAS_VectorForBSPEpairKey 2002fcd0 f   g_syscalls.obj
 0001:0002ecf0       _trap_AdjustAreaPortalState 2002fcf0 f   g_syscalls.obj
 0001:0002ed10       _trap_Argc                 2002fd10 f   g_syscalls.obj
 0001:0002ed20       _trap_Argv                 2002fd20 f   g_syscalls.obj
 0001:0002ed40       _trap_BotAddAvoidSpot      2002fd40 f   g_syscalls.obj
 0001:0002ed70       _trap_BotAllocChatState    2002fd70 f   g_syscalls.obj
 0001:0002ed80       _trap_BotAllocGoalState    2002fd80 f   g_syscalls.obj
 0001:0002eda0       _trap_BotAllocMoveState    2002fda0 f   g_syscalls.obj
 0001:0002edb0       _trap_BotAllocWeaponState  2002fdb0 f   g_syscalls.obj
 0001:0002edc0       _trap_BotAllocateClient    2002fdc0 f   g_syscalls.obj
 0001:0002edd0       _trap_BotChooseBestFightWeapon 2002fdd0 f   g_syscalls.obj
 0001:0002edf0       _trap_BotChooseLTGItem     2002fdf0 f   g_syscalls.obj
 0001:0002ee10       _trap_BotChooseNBGItem     2002fe10 f   g_syscalls.obj
 0001:0002ee50       _trap_BotDumpAvoidGoals    2002fe50 f   g_syscalls.obj
 0001:0002ee70       _trap_BotDumpGoalStack     2002fe70 f   g_syscalls.obj
 0001:0002ee90       _trap_BotEmptyGoalStack    2002fe90 f   g_syscalls.obj
 0001:0002eeb0       _trap_BotEnterChat         2002feb0 f   g_syscalls.obj
 0001:0002eed0       _trap_BotFindMatch         2002fed0 f   g_syscalls.obj
 0001:0002eef0       _trap_BotFreeCharacter     2002fef0 f   g_syscalls.obj
 0001:0002ef10       _trap_BotFreeChatState     2002ff10 f   g_syscalls.obj
 0001:0002ef30       _trap_BotFreeGoalState     2002ff30 f   g_syscalls.obj
 0001:0002ef50       _trap_BotFreeMoveState     2002ff50 f   g_syscalls.obj
 0001:0002ef70       _trap_BotFreeWeaponState   2002ff70 f   g_syscalls.obj
 0001:0002ef90       _trap_BotGetChatMessage    2002ff90 f   g_syscalls.obj
 0001:0002efb0       _trap_BotGetLevelItemGoal  2002ffb0 f   g_syscalls.obj
 0001:0002efd0       _trap_BotGetNextCampSpotGoal 2002ffd0 f   g_syscalls.obj
 0001:0002eff0       _trap_BotGetSecondGoal     2002fff0 f   g_syscalls.obj
 0001:0002f010       _trap_BotGetServerCommand  20030010 f   g_syscalls.obj
 0001:0002f030       _trap_BotGetSnapshotEntity 20030030 f   g_syscalls.obj
 0001:0002f050       _trap_BotGetTopGoal        20030050 f   g_syscalls.obj
 0001:0002f070       _trap_BotGetWeaponInfo     20030070 f   g_syscalls.obj
 0001:0002f090       _trap_BotGoalName          20030090 f   g_syscalls.obj
 0001:0002f0b0       _trap_BotInitMoveState     200300b0 f   g_syscalls.obj
 0001:0002f0d0       _trap_BotInitialChat       200300d0 f   g_syscalls.obj
 0001:0002f110       _trap_BotInterbreedGoalFuzzyLogic 20030110 f   g_syscalls.obj
 0001:0002f130       _trap_BotItemGoalInVisButNotVisible 20030130 f   g_syscalls.obj
 0001:0002f150       _trap_BotLibLoadMap        20030150 f   g_syscalls.obj
 0001:0002f170       _trap_BotLibSetup          20030170 f   g_syscalls.obj
 0001:0002f180       _trap_BotLibShutdown       20030180 f   g_syscalls.obj
 0001:0002f190       _trap_BotLibStartFrame     20030190 f   g_syscalls.obj
 0001:0002f1c0       _trap_BotLibUpdateEntity   200301c0 f   g_syscalls.obj
 0001:0002f1e0       _trap_BotLibVarSet         200301e0 f   g_syscalls.obj
 0001:0002f200       _trap_BotLoadCharacter     20030200 f   g_syscalls.obj
 0001:0002f230       _trap_BotLoadChatFile      20030230 f   g_syscalls.obj
 0001:0002f250       _trap_BotLoadItemWeights   20030250 f   g_syscalls.obj
 0001:0002f270       _trap_BotLoadWeaponWeights 20030270 f   g_syscalls.obj
 0001:0002f290       _trap_BotMatchVariable     20030290 f   g_syscalls.obj
 0001:0002f2b0       _trap_BotMoveInDirection   200302b0 f   g_syscalls.obj
 0001:0002f2e0       _trap_BotMoveToGoal        200302e0 f   g_syscalls.obj
 0001:0002f300       _trap_BotMovementViewTarget 20030300 f   g_syscalls.obj
 0001:0002f340       _trap_BotMutateGoalFuzzyLogic 20030340 f   g_syscalls.obj
 0001:0002f370       _trap_BotNextConsoleMessage 20030370 f   g_syscalls.obj
 0001:0002f390       _trap_BotNumConsoleMessages 20030390 f   g_syscalls.obj
 0001:0002f3b0       _trap_BotNumInitialChats   200303b0 f   g_syscalls.obj
 0001:0002f3d0       _trap_BotPopGoal           200303d0 f   g_syscalls.obj
 0001:0002f3f0       _trap_BotPredictVisiblePosition 200303f0 f   g_syscalls.obj
 0001:0002f420       _trap_BotPushGoal          20030420 f   g_syscalls.obj
 0001:0002f440       _trap_BotQueueConsoleMessage 20030440 f   g_syscalls.obj
 0001:0002f460       _trap_BotRemoveConsoleMessage 20030460 f   g_syscalls.obj
 0001:0002f480       _trap_BotRemoveFromAvoidGoals 20030480 f   g_syscalls.obj
 0001:0002f4a0       _trap_BotReplaceSynonyms   200304a0 f   g_syscalls.obj
 0001:0002f4c0       _trap_BotReplyChat         200304c0 f   g_syscalls.obj
 0001:0002f500       _trap_BotResetAvoidGoals   20030500 f   g_syscalls.obj
 0001:0002f520       _trap_BotResetAvoidReach   20030520 f   g_syscalls.obj
 0001:0002f540       _trap_BotResetGoalState    20030540 f   g_syscalls.obj
 0001:0002f560       _trap_BotResetLastAvoidReach 20030560 f   g_syscalls.obj
 0001:0002f580       _trap_BotResetMoveState    20030580 f   g_syscalls.obj
 0001:0002f5a0       _trap_BotResetWeaponState  200305a0 f   g_syscalls.obj
 0001:0002f5c0       _trap_BotSaveGoalFuzzyLogic 200305c0 f   g_syscalls.obj
 0001:0002f5e0       _trap_BotSetAvoidGoalTime  200305e0 f   g_syscalls.obj
 0001:0002f610       _trap_BotSetChatGender     20030610 f   g_syscalls.obj
 0001:0002f630       _trap_BotSetChatName       20030630 f   g_syscalls.obj
 0001:0002f650       _trap_BotTouchingGoal      20030650 f   g_syscalls.obj
 0001:0002f670       _trap_BotUpdateEntityItems 20030670 f   g_syscalls.obj
 0001:0002f680       _trap_BotUserCommand       20030680 f   g_syscalls.obj
 0001:0002f6a0       _trap_Characteristic_BFloat 200306a0 f   g_syscalls.obj
 0001:0002f6f0       _trap_Characteristic_BInteger 200306f0 f   g_syscalls.obj
 0001:0002f710       _trap_Characteristic_String 20030710 f   g_syscalls.obj
 0001:0002f730       _trap_Cvar_Register        20030730 f   g_syscalls.obj
 0001:0002f750       _trap_Cvar_Set             20030750 f   g_syscalls.obj
 0001:0002f770       _trap_Cvar_Update          20030770 f   g_syscalls.obj
 0001:0002f790       _trap_Cvar_VariableIntegerValue 20030790 f   g_syscalls.obj
 0001:0002f7b0       _trap_Cvar_VariableStringBuffer 200307b0 f   g_syscalls.obj
 0001:0002f7d0       _trap_DropClient           200307d0 f   g_syscalls.obj
 0001:0002f7f0       _trap_EA_Action            200307f0 f   g_syscalls.obj
 0001:0002f810       _trap_EA_Attack            20030810 f   g_syscalls.obj
 0001:0002f830       _trap_EA_Command           20030830 f   g_syscalls.obj
 0001:0002f850       _trap_EA_Crouch            20030850 f   g_syscalls.obj
 0001:0002f870       _trap_EA_Gesture           20030870 f   g_syscalls.obj
 0001:0002f890       _trap_EA_GetInput          20030890 f   g_syscalls.obj
 0001:0002f8c0       _trap_EA_ResetInput        200308c0 f   g_syscalls.obj
 0001:0002f8e0       _trap_EA_Respawn           200308e0 f   g_syscalls.obj
 0001:0002f900       _trap_EA_SayTeam           20030900 f   g_syscalls.obj
 0001:0002f920       _trap_EA_SelectWeapon      20030920 f   g_syscalls.obj
 0001:0002f940       _trap_EA_Talk              20030940 f   g_syscalls.obj
 0001:0002f960       _trap_EA_Use               20030960 f   g_syscalls.obj
 0001:0002f980       _trap_EA_View              20030980 f   g_syscalls.obj
 0001:0002f9a0       _trap_EntitiesInBox        200309a0 f   g_syscalls.obj
 0001:0002f9c0       _trap_EntityContact        200309c0 f   g_syscalls.obj
 0001:0002f9e0       _trap_Error                200309e0 f   g_syscalls.obj
 0001:0002fa00       _trap_FS_FCloseFile        20030a00 f   g_syscalls.obj
 0001:0002fa20       _trap_FS_FOpenFile         20030a20 f   g_syscalls.obj
 0001:0002fa40       _trap_FS_GetFileList       20030a40 f   g_syscalls.obj
 0001:0002fa60       _trap_FS_Read              20030a60 f   g_syscalls.obj
 0001:0002fa80       _trap_FS_Write             20030a80 f   g_syscalls.obj
 0001:0002faa0       _trap_GeneticParentsAndChildSelection 20030aa0 f   g_syscalls.obj
 0001:0002fad0       _trap_GetConfigstring      20030ad0 f   g_syscalls.obj
 0001:0002faf0       _trap_GetEntityToken       20030af0 f   g_syscalls.obj
 0001:0002fb10       _trap_GetServerinfo        20030b10 f   g_syscalls.obj
 0001:0002fb30       _trap_GetUsercmd           20030b30 f   g_syscalls.obj
 0001:0002fb50       _trap_GetUserinfo          20030b50 f   g_syscalls.obj
 0001:0002fb70       _trap_InPVS                20030b70 f   g_syscalls.obj
 0001:0002fb90       _trap_LinkEntity           20030b90 f   g_syscalls.obj
 0001:0002fbb0       _trap_LocateGameData       20030bb0 f   g_syscalls.obj
 0001:0002fbd0       _trap_Milliseconds         20030bd0 f   g_syscalls.obj
 0001:0002fbe0       _trap_PointContents        20030be0 f   g_syscalls.obj
 0001:0002fc00       _trap_Printf               20030c00 f   g_syscalls.obj
 0001:0002fc20       _trap_SendConsoleCommand   20030c20 f   g_syscalls.obj
 0001:0002fc40       _trap_SendServerCommand    20030c40 f   g_syscalls.obj
 0001:0002fc60       _trap_SetBrushModel        20030c60 f   g_syscalls.obj
 0001:0002fc80       _trap_SetConfigstring      20030c80 f   g_syscalls.obj
 0001:0002fca0       _trap_SetUserinfo          20030ca0 f   g_syscalls.obj
 0001:0002fcc0       _trap_SnapVector           20030cc0 f   g_syscalls.obj
 0001:0002fce0       _trap_Trace                20030ce0 f   g_syscalls.obj
 0001:0002fd10       _trap_UnifyWhiteSpaces     20030d10 f   g_syscalls.obj
 0001:0002fd30       _trap_UnlinkEntity         20030d30 f   g_syscalls.obj
 0001:0002fd50       _SP_target_delay           20030d50 f   g_target.obj
 0001:0002fdb0       _SP_target_give            20030db0 f   g_target.obj
 0001:0002fdd0       _SP_target_kill            20030dd0 f   g_target.obj
 0001:0002fdf0       _SP_target_laser           20030df0 f   g_target.obj
 0001:0002fe10       _SP_target_location        20030e10 f   g_target.obj
 0001:0002fe40       _SP_target_print           20030e40 f   g_target.obj
 0001:0002fe60       _SP_target_relay           20030e60 f   g_target.obj
 0001:0002fe80       _SP_target_remove_powerups 20030e80 f   g_target.obj
 0001:0002fea0       _SP_target_score           20030ea0 f   g_target.obj
 0001:0002fed0       _SP_target_speaker         20030ed0 f   g_target.obj
 0001:00030030       _SP_target_teleporter      20031030 f   g_target.obj
 0001:00030070       _Think_Target_Delay        20031070 f   g_target.obj
 0001:00030090       _Use_Target_Delay          20031090 f   g_target.obj
 0001:00030120       _Use_Target_Give           20031120 f   g_target.obj
 0001:000301d0       _Use_Target_Print          200311d0 f   g_target.obj
 0001:000302a0       _Use_Target_Score          200312a0 f   g_target.obj
 0001:000302c0       _Use_Target_Speaker        200312c0 f   g_target.obj
 0001:00030330       _Use_target_remove_powerups 20031330 f   g_target.obj
 0001:00030390       _target_kill_use           20031390 f   g_target.obj
 0001:000303c0       _target_laser_off          200313c0 f   g_target.obj
 0001:000303e0       _target_laser_on           200313e0 f   g_target.obj
 0001:00030400       _target_laser_start        20031400 f   g_target.obj
 0001:000304c0       _target_laser_think        200314c0 f   g_target.obj
 0001:000306b0       _target_laser_use          200316b0 f   g_target.obj
 0001:00030780       _target_relay_use          20031780 f   g_target.obj
 0001:00030800       _target_teleporter_use     20031800 f   g_target.obj
 0001:00030850       _AddTeamScore              20031850 f   g_team.obj
 0001:00030920       _CheckTeamStatus           20031920 f   g_team.obj
 0001:00030a10       _OnSameTeam                20031a10 f   g_team.obj
 0001:00030a50       _OtherTeam                 20031a50 f   g_team.obj
 0001:00030a70       _Pickup_Team               20031a70 f   g_team.obj
 0001:00030b40       _PrintMsg                  20031b40 f   g_team.obj
 0001:00030c10       _SelectCTFSpawnPoint       20031c10 f   g_team.obj
 0001:00030c80       _SelectRandomTeamSpawnPoint 20031c80 f   g_team.obj
 0001:00030d80       _TeamName                  20031d80 f   g_team.obj
 0001:00030db0       _Team_CaptureFlagSound     20031db0 f   g_team.obj
 0001:00030df0       _Team_CheckDroppedItem     20031df0 f   g_team.obj
 0001:00030e40       _Team_CheckHurtCarrier     20031e40 f   g_team.obj
 0001:00030ed0       _Team_DroppedFlagThink     20031ed0 f   g_team.obj
 0001:00030f20       _Team_ForceGesture         20031f20 f   g_team.obj
 0001:00030f60       _Team_FragBonuses          20031f60 f   g_team.obj
 0001:000314a0       _Team_FreeEntity           200324a0 f   g_team.obj
 0001:000314f0       _Team_GetLocation          200324f0 f   g_team.obj
 0001:000315e0       _Team_GetLocationMsg       200325e0 f   g_team.obj
 0001:00031670       _Team_InitGame             20032670 f   g_team.obj
 0001:000316c0       _Team_ResetFlag            200326c0 f   g_team.obj
 0001:00031760       _Team_ResetFlags           20032760 f   g_team.obj
 0001:00031780       _Team_ReturnFlag           20032780 f   g_team.obj
 0001:000317d0       _Team_ReturnFlagSound      200327d0 f   g_team.obj
 0001:00031820       _Team_SetFlagStatus        20032820 f   g_team.obj
 0001:000318d0       _Team_TakeFlagSound        200328d0 f   g_team.obj
 0001:00031970       _Team_TouchEnemyFlag       20032970 f   g_team.obj
 0001:00031a00       _Team_TouchOurFlag         20032a00 f   g_team.obj
 0001:00031cb0       _TeamplayInfoMessage       20032cb0 f   g_team.obj
 0001:00031ed0       _AimAtTarget               20032ed0 f   g_trigger.obj
 0001:00032030       _InitTrigger               20033030 f   g_trigger.obj
 0001:000320b0       _SP_func_timer             200330b0 f   g_trigger.obj
 0001:00032160       _SP_target_push            20033160 f   g_trigger.obj
 0001:00032260       _SP_trigger_always         20033260 f   g_trigger.obj
 0001:00032290       _SP_trigger_hurt           20033290 f   g_trigger.obj
 0001:00032300       _SP_trigger_multiple       20033300 f   g_trigger.obj
 0001:00032390       _SP_trigger_push           20033390 f   g_trigger.obj
 0001:000323f0       _SP_trigger_teleport       200333f0 f   g_trigger.obj
 0001:00032440       _Touch_Multi               20033440 f   g_trigger.obj
 0001:00032460       _Use_Multi                 20033460 f   g_trigger.obj
 0001:00032480       _Use_target_push           20033480 f   g_trigger.obj
 0001:000324f0       _func_timer_think          200334f0 f   g_trigger.obj
 0001:00032580       _func_timer_use            20033580 f   g_trigger.obj
 0001:000325b0       _hurt_touch                200335b0 f   g_trigger.obj
 0001:00032630       _hurt_use                  20033630 f   g_trigger.obj
 0001:00032660       _multi_trigger             20033660 f   g_trigger.obj
 0001:00032770       _multi_wait                20033770 f   g_trigger.obj
 0001:00032790       _trigger_always_think      20033790 f   g_trigger.obj
 0001:000327b0       _trigger_push_touch        200337b0 f   g_trigger.obj
 0001:000327d0       _trigger_teleporter_touch  200337d0 f   g_trigger.obj
 0001:00032840       _AddRemap                  20033840 f   g_utils.obj
 0001:00032910       _BuildShaderStateConfig    20033910 f   g_utils.obj
 0001:000329c0       _G_AddEvent                200339c0 f   g_utils.obj
 0001:00032a70       _G_AddPredictableEvent     20033a70 f   g_utils.obj
 0001:00032aa0       _G_Find                    20033aa0 f   g_utils.obj
 0001:00032b30       _G_FindConfigstringIndex   20033b30 f   g_utils.obj
 0001:00032c30       _G_FreeEntity              20033c30 f   g_utils.obj
 0001:00032c80       _G_InitGentity             20033c80 f   g_utils.obj
 0001:00032cd0       _G_KillBox                 20033cd0 f   g_utils.obj
 0001:00032dd0       _G_ModelIndex              20033dd0 f   g_utils.obj
 0001:00032df0       _G_PickTarget              20033df0 f   g_utils.obj
 0001:00032eb0       _G_SetMovedir              20033eb0 f   g_utils.obj
 0001:00032fa0       _G_SetOrigin               20033fa0 f   g_utils.obj
 0001:00033000       _G_Sound                   20034000 f   g_utils.obj
 0001:00033030       _G_SoundIndex              20034030 f   g_utils.obj
 0001:00033050       _G_Spawn                   20034050 f   g_utils.obj
 0001:00033150       _G_TeamCommand             20034150 f   g_utils.obj
 0001:000331c0       _G_TempEntity              200341c0 f   g_utils.obj
 0001:00033250       _G_UseTargets              20034250 f   g_utils.obj
 0001:00033330       _vectoyaw                  20034330 f   g_utils.obj
 0001:000333e0       _vtos                      200343e0 f   g_utils.obj
 0001:00033430       _BFG_Fire                  20034430 f   g_weapon.obj
 0001:00033490       _Bullet_Fire               20034490 f   g_weapon.obj
 0001:00033750       _CalcMuzzlePoint           20034750 f   g_weapon.obj
 0001:00033800       _CalcMuzzlePointOrigin     20034800 f   g_weapon.obj
 0001:000338b0       _CheckGauntletAttack       200348b0 f   g_weapon.obj
 0001:00033a70       _FireWeapon                20034a70 f   g_weapon.obj
 0001:00033bd0       _LogAccuracyHit            20034bd0 f   g_weapon.obj
 0001:00033c20       _ShotgunPattern            20034c20 f   g_weapon.obj
 0001:00033dc0       _ShotgunPellet             20034dc0 f   g_weapon.obj
 0001:00033eb0       _SnapVectorTowards         20034eb0 f   g_weapon.obj
 0001:00033ef0       _Weapon_GrapplingHook_Fire 20034ef0 f   g_weapon.obj
 0001:00033f40       _Weapon_HookFree           20034f40 f   g_weapon.obj
 0001:00033f80       _Weapon_HookThink          20034f80 f   g_weapon.obj
 0001:000340d0       _Weapon_LightningFire      200350d0 f   g_weapon.obj
 0001:00034250       _Weapon_Plasmagun_Fire     20035250 f   g_weapon.obj
 0001:000342b0       _Weapon_RocketLauncher_Fire 200352b0 f   g_weapon.obj
 0001:00034310       _weapon_grenadelauncher_fire 20035310 f   g_weapon.obj
 0001:00034390       _weapon_railgun_fire       20035390 f   g_weapon.obj
 0001:00034660       _weapon_supershotgun_fire  20035660 f   g_weapon.obj
 0001:00034710       _AddPointToBounds          20035710 f   q_math.obj
 0001:00034790       _AngleNormalize360         20035790 f   q_math.obj
 0001:00034790       _AngleMod                  20035790 f   q_math.obj
 0001:000347d0       _AngleNormalize180         200357d0 f   q_math.obj
 0001:00034810       _AngleVectors              20035810 f   q_math.obj
 0001:000349d0       _DirToByte                 200359d0 f   q_math.obj
 0001:00034a40       _PerpendicularVector       20035a40 f   q_math.obj
 0001:00034b10       _ProjectPointOnPlane       20035b10 f   q_math.obj
 0001:00034bc0       _Q_crandom                 20035bc0 f   q_math.obj
 0001:00034c00       _Q_rand                    20035c00 f   q_math.obj
 0001:00034c20       _Q_random                  20035c20 f   q_math.obj
 0001:00034c50       _RadiusFromBounds          20035c50 f   q_math.obj
 0001:00034d10       _VectorNormalize           20035d10 f   q_math.obj
 0001:00034dd0       _VectorNormalize2          20035dd0 f   q_math.obj
 0001:00034e80       _vectoangles               20035e80 f   q_math.obj
 0001:00035000       _COM_Parse                 20036000 f   q_shared.obj
 0001:00035020       _COM_ParseExt              20036020 f   q_shared.obj
 0001:00035180       _Com_sprintf               20036180 f   q_shared.obj
 0001:00035210       _Info_RemoveKey            20036210 f   q_shared.obj
 0001:00035320       _Info_SetValueForKey       20036320 f   q_shared.obj
 0001:000354d0       _Info_Validate             200364d0 f   q_shared.obj
 0001:00035500       _Info_ValueForKey          20036500 f   q_shared.obj
 0001:00035620       _Q_CleanStr                20036620 f   q_shared.obj
 0001:00035670       _Q_strcat                  20036670 f   q_shared.obj
 0001:000356c0       _Q_stricmp                 200366c0 f   q_shared.obj
 0001:000356f0       _Q_stricmpn                200366f0 f   q_shared.obj
 0001:00035770       _Q_strncmp                 20036770 f   q_shared.obj
 0001:000357c0       _Q_strncpyz                200367c0 f   q_shared.obj
 0001:00035820       _Q_strrchr                 20036820 f   q_shared.obj
 0001:000358a0       _va                        200368a0 f   q_shared.obj
 0001:000358e0       _strncpy                   200368e0 f   LIBCMT:strncpy.obj
 0001:00035a04       _atoi                      20036a04 f   LIBCMT:atox.obj
 0001:00035a0d       _atol                      20036a0d f   LIBCMT:atox.obj
 0001:00035a21       _rand                      20036a21 f   LIBCMT:rand.obj
 0001:00035a42       _srand                     20036a42 f   LIBCMT:rand.obj
 0001:00035a52       @__security_check_cookie@4 20036a52 f   LIBCMT:secchk.obj
 0001:00035a61       __fpmath                   20036a61 f   LIBCMT:fpinit.obj
 0001:00035a78       __cfltcvt_init             20036a78 f   LIBCMT:fpinit.obj
 0001:00035ad8       ??0_LocaleUpdate@@QAE@PAUlocaleinfo_struct@@@Z 20036ad8 f i LIBCMT:atof.obj
 0001:00035b60       __atof_l                   20036b60 f   LIBCMT:atof.obj
 0001:00035bfe       _atof                      20036bfe f   LIBCMT:atof.obj
 0001:00035c0f       _sscanf                    20036c0f f   LIBCMT:sscanf.obj
 0001:00035ca0       __libm_sse2_sqrt_precise   20036ca0 f   LIBCMT:sqrt_sse2_precise.obj
 0001:00035da0       _memset                    20036da0 f   LIBCMT:memset.obj
 0001:00035e30       _memmove                   20036e30 f   LIBCMT:memmove.obj
 0001:00036480       _strstr                    20037480 f   LIBCMT:strstr.obj
 0001:000366e3       __toupper_l                200376e3 f   LIBCMT:toupper.obj
 0001:00036827       _toupper                   20037827 f   LIBCMT:toupper.obj
 0001:00036853       __vsprintf_l               20037853 f   LIBCMT:vsprintf.obj
 0001:000368d7       _vsprintf                  200378d7 f   LIBCMT:vsprintf.obj
 0001:000368f0       _strchr                    200378f0 f   LIBCMT:strchr.obj
 0001:0003695e       ___from_strstr_to_strchr   2003795e     LIBCMT:strchr.obj
 0001:00036a20       _memcpy                    20037a20 f   LIBCMT:memcpy.obj
 0001:00037070       __libm_sse2_cos_precise    20038070 f   LIBCMT:cos_sse2_precise.obj
 0001:00037230       __libm_sse2_sin_precise    20038230 f   LIBCMT:sin_sse2_precise.obj
 0001:00037400       __chkstk                   20038400 f   LIBCMT:chkstk.obj
 0001:00037400       __alloca_probe             20038400 f   LIBCMT:chkstk.obj
 0001:0003742b       ___raise_securityfailure   2003842b f   LIBCMT:gs_report.obj
 0001:00037468       ___report_gsfailure        20038468 f   LIBCMT:gs_report.obj
 0001:00037563       ___report_rangecheckfailure 20038563 f   LIBCMT:gs_report.obj
 0001:0003756f       ___report_securityfailure  2003856f f   LIBCMT:gs_report.obj
 0001:0003763f       __tolower_l                2003863f f   LIBCMT:tolower.obj
 0001:00037782       _tolower                   20038782 f   LIBCMT:tolower.obj
 0001:000377b0       __ftol2_sse                200387b0 f   LIBCMT:ftol2.obj
 0001:000377b9       __ftol2_pentium4           200387b9 f   LIBCMT:ftol2.obj
 0001:000377cc       __ftol2_sse_excpt          200387cc f   LIBCMT:ftol2.obj
 0001:000377e6       __ftol2                    200387e6 f   LIBCMT:ftol2.obj
 0001:00037860       _ceil                      20038860 f   LIBCMT:ceil_pentium4.obj
 0001:000378a0       __ceil_pentium4            200388a0 f   LIBCMT:ceil_pentium4.obj
 0001:00037980       _qsort                     20038980 f   LIBCMT:qsort.obj
 0001:00037d87       ___isa_available_init      20038d87 f   LIBCMT:cpu_disp.obj
 0001:00037f00       _atan2                     20038f00 f   LIBCMT:87ctriga.obj
 0001:00037f0a       __CIatan2                  20038f0a f   LIBCMT:87ctriga.obj
 0001:00037f14       __CRT_INIT@12              20038f14 f   LIBCMT:dllcrt0.obj
 0001:00038086       __DllMainCRTStartup@12     20039086 f   LIBCMT:dllcrt0.obj
 0001:000381b7       ___DllXcptFilter           200391b7 f   LIBCMT:dllcrt0.obj
 0001:00038402       _strtol                    20039402 f   LIBCMT:strtol.obj
 0001:0003842c       __freefls@4                2003942c f   LIBCMT:tidtable.obj
 0001:00038561       __freeptd                  20039561 f   LIBCMT:tidtable.obj
 0001:00038597       __getptd                   20039597 f   LIBCMT:tidtable.obj
 0001:000385af       __getptd_noexit            200395af f   LIBCMT:tidtable.obj
 0001:0003861e       __initptd                  2003961e f   LIBCMT:tidtable.obj
 0001:000386d1       __mtinit                   200396d1 f   LIBCMT:tidtable.obj
 0001:00038747       __mtterm                   20039747 f   LIBCMT:tidtable.obj
 0001:00038764       __cfltcvt                  20039764 f   LIBCMT:cvt.obj
 0001:00038785       __cfltcvt_l                20039785 f   LIBCMT:cvt.obj
 0001:0003880b       __cftoa_l                  2003980b f   LIBCMT:cvt.obj
 0001:00038b67       __cftoe                    20039b67 f   LIBCMT:cvt.obj
 0001:00038cd6       __cftoe_l                  20039cd6 f   LIBCMT:cvt.obj
 0001:00038e90       __cftof_l                  20039e90 f   LIBCMT:cvt.obj
 0001:00038f51       __cftog_l                  20039f51 f   LIBCMT:cvt.obj
 0001:00039050       __cropzeros                2003a050 f   LIBCMT:cvt.obj
 0001:00039061       __cropzeros_l              2003a061 f   LIBCMT:cvt.obj
 0001:000390e1       __fassign                  2003a0e1 f   LIBCMT:cvt.obj
 0001:000390f9       __fassign_l                2003a0f9 f   LIBCMT:cvt.obj
 0001:0003913b       __forcdecpt                2003a13b f   LIBCMT:cvt.obj
 0001:0003914c       __forcdecpt_l              2003a14c f   LIBCMT:cvt.obj
 0001:000391c0       __positive                 2003a1c0 f   LIBCMT:cvt.obj
 0001:00039202       __setdefaultprecision      2003a202 f   LIBCMT:fp8.obj
 0001:00039229       __initp_misc_cfltcvt_tab   2003a229 f   LIBCMT:cmiscdat.obj
 0001:00039248       __call_reportfault         2003a248 f   LIBCMT:invarg.obj
 0001:0003936d       __initp_misc_invarg        2003a36d f   LIBCMT:invarg.obj
 0001:0003937a       __invalid_parameter        2003a37a f   LIBCMT:invarg.obj
 0001:000393a5       __invalid_parameter_noinfo 2003a3a5 f   LIBCMT:invarg.obj
 0001:000393b5       __invoke_watson            2003a3b5 f   LIBCMT:invarg.obj
 0001:000393e0       ___doserrno                2003a3e0 f   LIBCMT:dosmap.obj
 0001:000393f3       __dosmaperr                2003a3f3 f   LIBCMT:dosmap.obj
 0001:00039414       __errno                    2003a414 f   LIBCMT:dosmap.obj
 0001:00039427       __get_errno_from_oserr     2003a427 f   LIBCMT:dosmap.obj
 0001:00039468       __fltin2                   2003a468 f   LIBCMT:cfin.obj
 0001:0003950f       ___strgtold12_l            2003a50f f   LIBCMT:strgtold.obj
 0001:00039cb7       ___addlocaleref            2003acb7 f   LIBCMT:localref.obj
 0001:00039d4c       ___freetlocinfo            2003ad4c f   LIBCMT:localref.obj
 0001:00039ea6       ___removelocaleref         2003aea6 f   LIBCMT:localref.obj
 0001:00039f46       ___updatetlocinfo          2003af46 f   LIBCMT:localref.obj
 0001:00039fc6       __updatetlocinfoEx_nolock  2003afc6 f   LIBCMT:localref.obj
 0001:0003a011       ___initmbctable            2003b011 f   LIBCMT:mbctype.obj
 0001:0003a2c8       ___updatetmbcinfo          2003b2c8 f   LIBCMT:mbctype.obj
 0001:0003a36e       __setmbcp                  2003b36e f   LIBCMT:mbctype.obj
 0001:0003a516       __setmbcp_nolock           2003b516 f   LIBCMT:mbctype.obj
 0001:0003a701       __isctype_l                2003b701 f   LIBCMT:isctype.obj
 0001:0003a7c0       _strlen                    2003b7c0 f   LIBCMT:strlen.obj
 0001:0003a8ed       __input_l                  2003b8ed f   LIBCMT:input.obj
 0001:0003ba6a       ___libm_error_support      2003ca6a f   LIBCMT:libm_error.obj
 0001:0003bd60       __CIsqrt                   2003cd60 f   LIBCMT:sqrt.obj
 0001:0003bd74       _sqrt                      2003cd74     LIBCMT:sqrt.obj
 0001:0003be1a       __VEC_memset               2003ce1a f   LIBCMT:p4_memset.obj
 0001:0003bee2       __isleadbyte_l             2003cee2 f i LIBCMT:_wctype.obj
 0001:0003bf1c       _isleadbyte                2003cf1c f i LIBCMT:_wctype.obj
 0001:0003c131       ___crtLCMapStringA         2003d131 f   LIBCMT:a_map.obj
 0001:0003c177       __freea                    2003d177 f i LIBCMT:a_map.obj
 0001:0003c195       __locterm                  2003d195 f   LIBCMT:wsetloca.obj
 0001:0003c1e7       __flsbuf                   2003d1e7 f   LIBCMT:_flsbuf.obj
 0001:0003c336       __output_l                 2003d336 f   LIBCMT:output.obj
 0001:0003cfb0       _cos                       2003dfb0 f   LIBCMT:cos.obj
 0001:0003cff0       __CIcos                    2003dff0 f   LIBCMT:cos.obj
 0001:0003d02b       __CIcos_default            2003e02b f   LIBCMT:cos.obj
 0001:0003d03f       __cos_default              2003e03f     LIBCMT:cos.obj
 0001:0003d0e0       _sin                       2003e0e0 f   LIBCMT:sin.obj
 0001:0003d120       __CIsin                    2003e120 f   LIBCMT:sin.obj
 0001:0003d15b       __CIsin_default            2003e15b f   LIBCMT:sin.obj
 0001:0003d16f       __sin_default              2003e16f     LIBCMT:sin.obj
 0001:0003d209       __crt_debugger_hook        2003e209 f   LIBCMT:dbghook.obj
 0001:0003d211       ___crtFlsAlloc             2003e211 f   LIBCMT:winapisupp.obj
 0001:0003d22f       ___crtFlsFree              2003e22f f   LIBCMT:winapisupp.obj
 0001:0003d24e       ___crtFlsGetValue          2003e24e f   LIBCMT:winapisupp.obj
 0001:0003d26d       ___crtFlsSetValue          2003e26d f   LIBCMT:winapisupp.obj
 0001:0003d28f       ___crtInitializeCriticalSectionEx 2003e28f f   LIBCMT:winapisupp.obj
 0001:0003d2bd       ___crtIsPackagedApp        2003e2bd f   LIBCMT:winapisupp.obj
 0001:0003d2fd       ___crtLoadWinApiPointers   2003e2fd f   LIBCMT:winapisupp.obj
 0001:0003d588       ___crtSleep                2003e588 f   LIBCMT:winapisupp.obj
 0001:0003d596       ___crtTerminateProcess     2003e596 f   LIBCMT:winapisupp.obj
 0001:0003d5ab       ___crtUnhandledException   2003e5ab f   LIBCMT:winapisupp.obj
 0001:0003d5c1       __sse2_mathfcns_init       2003e5c1 f   LIBCMT:mathfcns.obj
 0001:0003d5d0       __ceil_default             2003e5d0 f   LIBCMT:ceil.obj
 0001:0003d6cc       __fFATN2                   2003e6cc     LIBCMT:87triga.obj
 0001:0003d71c       __rtpiby2                  2003e71c     LIBCMT:87triga.obj
 0001:0003d760       __cintrindisp2             2003e760 f   LIBCMT:87cdisp.obj
 0001:0003d79e       __cintrindisp1             2003e79e f   LIBCMT:87cdisp.obj
 0001:0003d7db       __ctrandisp2               2003e7db f   LIBCMT:87cdisp.obj
 0001:0003d96a       __ctrandisp1               2003e96a f   LIBCMT:87cdisp.obj
 0001:0003d99d       __fload                    2003e99d f   LIBCMT:87cdisp.obj
 0001:0003d9d9       __XcptFilter               2003e9d9 f   LIBCMT:winxfltr.obj
 0001:0003db34       ___CppXcptFilter           2003eb34 f   LIBCMT:winxfltr.obj
 0001:0003db52       ___crtCorExitProcess       2003eb52 f   LIBCMT:crt0dat.obj
 0001:0003db86       ___crtExitProcess          2003eb86 f   LIBCMT:crt0dat.obj
 0001:0003db9c       ___freeCrtMemory           2003eb9c f   LIBCMT:crt0dat.obj
 0001:0003dca9       __amsg_exit                2003eca9 f   LIBCMT:crt0dat.obj
 0001:0003dcc5       __cexit                    2003ecc5 f   LIBCMT:crt0dat.obj
 0001:0003dcd4       __cinit                    2003ecd4 f   LIBCMT:crt0dat.obj
 0001:0003dd58       __exit                     2003ed58 f   LIBCMT:crt0dat.obj
 0001:0003dd6c       __init_pointers            2003ed6c f   LIBCMT:crt0dat.obj
 0001:0003ddda       __initterm_e               2003edda f   LIBCMT:crt0dat.obj
 0001:0003ddfc       __lockexit                 2003edfc f   LIBCMT:crt0dat.obj
 0001:0003de05       __unlockexit               2003ee05 f   LIBCMT:crt0dat.obj
 0001:0003df3d       __heap_init                2003ef3d f   LIBCMT:heapinit.obj
 0001:0003df52       __heap_term                2003ef52 f   LIBCMT:heapinit.obj
 0001:0003df5a       __ioinit                   2003ef5a f   LIBCMT:ioinit.obj
 0001:0003e20e       __ioterm                   2003f20e f   LIBCMT:ioinit.obj
 0001:0003e260       __setargv                  2003f260 f   LIBCMT:stdargv.obj
 0001:0003e48f       __setenvp                  2003f48f f   LIBCMT:stdenvp.obj
 0001:0003e570       _free                      2003f570 f   LIBCMT:free.obj
 0001:0003e5a8       ___security_init_cookie    2003f5a8 f   LIBCMT:gs_support.obj
 0001:0003e644       _DllMain@12                2003f644 f   LIBCMT:dllmain.obj
 0001:0003e64a       ___crtGetEnvironmentStringsA 2003f64a f   LIBCMT:a_env.obj
 0001:0003e6d7       __calloc_crt               2003f6d7 f   LIBCMT:crtheap.obj
 0001:0003e71f       __malloc_crt               2003f71f f   LIBCMT:crtheap.obj
 0001:0003e766       __realloc_crt              2003f766 f   LIBCMT:crtheap.obj
 0001:0003e7b0       __recalloc_crt             2003f7b0 f   LIBCMT:crtheap.obj
 0001:0003e7fe       __RTC_Initialize           2003f7fe f   LIBCMT:initsect.obj
 0001:0003e81e       __RTC_Terminate            2003f81e f   LIBCMT:initsect.obj
 0001:0003e840       __SEH_prolog4              2003f840 f   LIBCMT:sehprolg4.obj
 0001:0003e885       __SEH_epilog4              2003f885 f   LIBCMT:sehprolg4.obj
 0001:0003e8a0       __except_handler4          2003f8a0 f   LIBCMT:chandler4.obj
 0001:0003ea34       ___crt_atoflt_l            2003fa34 f   LIBCMT:atodbl.obj
 0001:0003ead8       __atodbl_l                 2003fad8 f   LIBCMT:atodbl.obj
 0001:0003eb66       __atoflt_l                 2003fb66 f   LIBCMT:atodbl.obj
 0001:0003eb80       __allmul                   2003fb80 f   LIBCMT:llmul.obj
 0001:0003ebc0       __aulldvrm                 2003fbc0 f   LIBCMT:ulldvrm.obj
 0001:0003ec55       __lock                     2003fc55 f   LIBCMT:mlock.obj
 0001:0003ec89       __mtdeletelocks            2003fc89 f   LIBCMT:mlock.obj
 0001:0003ecdd       __mtinitlocknum            2003fcdd f   LIBCMT:mlock.obj
 0001:0003ed86       __mtinitlocks              2003fd86 f   LIBCMT:mlock.obj
 0001:0003edbf       __unlock                   2003fdbf f   LIBCMT:mlock.obj
 0001:0003edd4       __isdigit_l                2003fdd4 f i LIBCMT:_ctype.obj
 0001:0003ee26       __isspace_l                2003fe26 f i LIBCMT:_ctype.obj
 0001:0003ee78       __isxdigit_l               2003fe78 f i LIBCMT:_ctype.obj
 0001:0003eed0       _isdigit                   2003fed0 f i LIBCMT:_ctype.obj
 0001:0003eefb       _isspace                   2003fefb f i LIBCMT:_ctype.obj
 0001:0003ef26       _isxdigit                  2003ff26 f i LIBCMT:_ctype.obj
 0001:0003ef53       _strcpy_s                  2003ff53 f   LIBCMT:strcpy_s.obj
 0001:0003efb0       _strrchr                   2003ffb0 f   LIBCMT:strrchr.obj
 0001:0003f0e7       __fptostr                  200400e7 f   LIBCMT:_fptostr.obj
 0001:0003f197       ___dtold                   20040197 f   LIBCMT:cfout.obj
 0001:0003f25f       __fltout2                  2004025f f   LIBCMT:cfout.obj
 0001:0003f2f0       __alldvrm                  200402f0 f   LIBCMT:lldvrm.obj
 0001:0003f3d0       __aullshr                  200403d0 f   LIBCMT:ullshr.obj
 0001:0003f3ef       __controlfp_s              200403ef f   LIBCMT:contrlfp.obj
 0001:0003f44c       __fptrap                   2004044c f   LIBCMT:crt0fp.obj
 0001:0003f455       __ld12tod                  20040455 f   LIBCMT:intrncvt.obj
 0001:0003f9c7       __ld12tof                  200409c7 f   LIBCMT:intrncvt.obj
 0001:0003ff39       ___mtold12                 20040f39 f   LIBCMT:mantold.obj
 0001:00040119       ___free_lconv_mon          20041119 f   LIBCMT:initmon.obj
 0001:00040215       ___free_lconv_num          20041215 f   LIBCMT:initnum.obj
 0001:0004027c       ___free_lc_time            2004127c f   LIBCMT:inittime.obj
 0001:000406f4       ___crtGetStringTypeA       200416f4 f   LIBCMT:a_str.obj
 0001:00040734       __filbuf                   20041734 f   LIBCMT:_filbuf.obj
 0001:00040855       __fileno                   20041855 f   LIBCMT:fileno.obj
 0001:00040879       __ungetc_nolock            20041879 f   LIBCMT:ungetc.obj
 0001:00040959       __mbtowc_l                 20041959 f   LIBCMT:mbtowc.obj
 0001:00040a4e       _mbtowc                    20041a4e f   LIBCMT:mbtowc.obj
 0001:00040a66       __matherr                  20041a66 f   LIBCMT:matherr.obj
 0001:00040a70       __trandisp1                20041a70 f   LIBCMT:87disp.obj
 0001:00040ad7       __trandisp2                20041ad7 f   LIBCMT:87disp.obj
 0001:00040b63       __rttospopde               20041b63     LIBCMT:87disp.obj
 0001:00040b68       __rttospop                 20041b68     LIBCMT:87disp.obj
 0001:00040b6a       __rtnospop                 20041b6a     LIBCMT:87disp.obj
 0001:00040b6c       __rttosnpop                20041b6c     LIBCMT:87disp.obj
 0001:00040b6d       __rtnospopde               20041b6d     LIBCMT:87disp.obj
 0001:00040b74       __rtzeropop                20041b74     LIBCMT:87disp.obj
 0001:00040b76       __rtzeronpop               20041b76     LIBCMT:87disp.obj
 0001:00040b7b       __rtonepop                 20041b7b     LIBCMT:87disp.obj
 0001:00040b7d       __rtonenpop                20041b7d     LIBCMT:87disp.obj
 0001:00040b82       __tosnan1                  20041b82     LIBCMT:87disp.obj
 0001:00040bad       __nosnan2                  20041bad     LIBCMT:87disp.obj
 0001:00040baf       __tosnan2                  20041baf     LIBCMT:87disp.obj
 0001:00040bd7       __nan2                     20041bd7     LIBCMT:87disp.obj
 0001:00040c16       __rtindfpop                20041c16     LIBCMT:87disp.obj
 0001:00040c18       __rtindfnpop               20041c18     LIBCMT:87disp.obj
 0001:00040c29       __rttosnpopde              20041c29     LIBCMT:87disp.obj
 0001:00040c33       __rtchsifneg               20041c33     LIBCMT:87disp.obj
 0001:00040c40       __startTwoArgErrorHandling 20041c40 f   LIBCMT:genexcep.obj
 0001:00040c57       __startOneArgErrorHandling 20041c57 f   LIBCMT:genexcep.obj
 0001:00040ca0       __twoToTOS                 20041ca0 f   LIBCMT:common.obj
 0001:00040cb5       __load_CW                  20041cb5 f   LIBCMT:common.obj
 0001:00040ccc       __convertTOStoQNaN         20041ccc f   LIBCMT:common.obj
 0001:00040ce5       __fload_withFB             20041ce5 f   LIBCMT:common.obj
[...]
 0002:00006860       P_2                        2004d860     LIBCMT:cos_sse2_precise.obj
 0002:00006870       P_1                        2004d870     LIBCMT:cos_sse2_precise.obj
 0002:00006878       P_3                        2004d878     LIBCMT:cos_sse2_precise.obj
 0002:00006880       TWO_POW_55                 2004d880     LIBCMT:cos_sse2_precise.obj
 0002:00006888       TWO_POW_M55                2004d888     LIBCMT:cos_sse2_precise.obj
 0002:00006890       ALL_ONES                   2004d890     LIBCMT:cos_sse2_precise.obj
 0002:00006898       NEG_ZERO                   2004d898     LIBCMT:cos_sse2_precise.obj
 0002:000068a0       ONE                        2004d8a0     LIBCMT:cos_sse2_precise.obj
 0002:000068b0       SIGN_MASK                  2004d8b0     LIBCMT:cos_sse2_precise.obj
 0002:000068c0       Ctable                     2004d8c0     LIBCMT:sin_sse2_precise.obj
 0002:000070c0       SC_1                       2004e0c0     LIBCMT:sin_sse2_precise.obj
 0002:000070d0       SC_2                       2004e0d0     LIBCMT:sin_sse2_precise.obj
 0002:000070e0       SC_3                       2004e0e0     LIBCMT:sin_sse2_precise.obj
 0002:000070f0       SC_4                       2004e0f0     LIBCMT:sin_sse2_precise.obj
 0002:00007100       PI32INV                    2004e100     LIBCMT:sin_sse2_precise.obj
 0002:00007108       SHIFTER                    2004e108     LIBCMT:sin_sse2_precise.obj
 0002:00007110       P_2                        2004e110     LIBCMT:sin_sse2_precise.obj
 0002:00007120       P_1                        2004e120     LIBCMT:sin_sse2_precise.obj
 0002:00007128       P_3                        2004e128     LIBCMT:sin_sse2_precise.obj
 0002:00007130       TWO_POW_55                 2004e130     LIBCMT:sin_sse2_precise.obj
 0002:00007138       TWO_POW_M55                2004e138     LIBCMT:sin_sse2_precise.obj
 0002:00007140       ALL_ONES                   2004e140     LIBCMT:sin_sse2_precise.obj
 0002:00007148       NEG_ZERO                   2004e148     LIBCMT:sin_sse2_precise.obj
 0002:00007150       ONE                        2004e150     LIBCMT:sin_sse2_precise.obj
 0002:00007160       _GS_ExceptionPointers      2004e160     LIBCMT:gs_report.obj
 0002:00007170       _One                       2004e170     LIBCMT:ceil_pentium4.obj
 0002:00007180       _Bns                       2004e180     LIBCMT:ceil_pentium4.obj
 0002:00007190       _Zero                      2004e190     LIBCMT:ceil_pentium4.obj
 0002:000071a0       _S                         2004e1a0     LIBCMT:ceil_pentium4.obj
 0002:000071b0       _NegZero                   2004e1b0     LIBCMT:ceil_pentium4.obj
 0002:000071c4       __mb_locale_names          2004e1c4     LIBCMT:mbctype.obj
 0002:00007560       _INF                       2004e560     LIBCMT:libm_error.obj
 0002:00007570       _BIG                       2004e570     LIBCMT:libm_error.obj
 0002:00007580       _ZERO                      2004e580     LIBCMT:libm_error.obj
 0002:00007590       _INF_32                    2004e590     LIBCMT:libm_error.obj
 0002:00007598       _NAN_32                    2004e598     LIBCMT:libm_error.obj
 0002:000075a0       _ZERO_32                   2004e5a0     LIBCMT:libm_error.obj
 0002:000075a8       _libm_largef               2004e5a8     LIBCMT:libm_error.obj
 0002:000075b0       _libm_smallf               2004e5b0     LIBCMT:libm_error.obj
 0002:000075b8       _libm_small                2004e5b8     LIBCMT:libm_error.obj
 0002:00007628       __first_127char            2004e628     LIBCMT:wsetloca.obj
 0002:00007a50       DblMax                     2004ea50     LIBCMT:87cdisp.obj
 0002:00007a58       DblMin                     2004ea58     LIBCMT:87cdisp.obj
 0002:00007a60       IeeeAdjO                   2004ea60     LIBCMT:87cdisp.obj
 0002:00007a68       IeeeAdjU                   2004ea68     LIBCMT:87cdisp.obj
 0002:00007a70       _infinity                  2004ea70     LIBCMT:87cdisp.obj
 0002:00007a78       _zero                      2004ea78     LIBCMT:87cdisp.obj
 0002:00008364       One                        2004f364     LIBCMT:87disp.obj
 0002:0000836c       XAMtoTagTab                2004f36c     LIBCMT:87disp.obj
 0002:00008380       One                        2004f380     LIBCMT:common.obj
 0002:00008394       DblMax                     2004f394     LIBCMT:common.obj
 0002:0000839c       DblMin                     2004f39c     LIBCMT:common.obj
 0002:000083a4       IeeeAdjO                   2004f3a4     LIBCMT:common.obj
 0002:000083ac       IeeeAdjU                   2004f3ac     LIBCMT:common.obj
 0002:000083b4       _infinity                  2004f3b4     LIBCMT:common.obj
 0002:000083bc       _zero                      2004f3bc     LIBCMT:common.obj
 0002:0000a4b0       Ctable                     200514b0     LIBCMT:cos_pentium4.obj
 0002:0000acb0       SC_1                       20051cb0     LIBCMT:cos_pentium4.obj
 0002:0000acc0       SC_2                       20051cc0     LIBCMT:cos_pentium4.obj
 0002:0000acd0       SC_3                       20051cd0     LIBCMT:cos_pentium4.obj
 0002:0000ace0       SC_4                       20051ce0     LIBCMT:cos_pentium4.obj
 0002:0000acf0       PI32INV                    20051cf0     LIBCMT:cos_pentium4.obj
 0002:0000acf8       SHIFTER                    20051cf8     LIBCMT:cos_pentium4.obj
 0002:0000ad00       P_2                        20051d00     LIBCMT:cos_pentium4.obj
 0002:0000ad10       P_1                        20051d10     LIBCMT:cos_pentium4.obj
 0002:0000ad18       P_3                        20051d18     LIBCMT:cos_pentium4.obj
 0002:0000ad20       TWO_POW_55                 20051d20     LIBCMT:cos_pentium4.obj
 0002:0000ad28       TWO_POW_M55                20051d28     LIBCMT:cos_pentium4.obj
 0002:0000ad30       ALL_ONES                   20051d30     LIBCMT:cos_pentium4.obj
 0002:0000ad38       NEG_ZERO                   20051d38     LIBCMT:cos_pentium4.obj
 0002:0000ad40       ONE                        20051d40     LIBCMT:cos_pentium4.obj
 0002:0000ad50       SIGN_MASK                  20051d50     LIBCMT:cos_pentium4.obj
 0002:0000ad60       Ctable                     20051d60     LIBCMT:sin_pentium4.obj
 0002:0000b560       SC_1                       20052560     LIBCMT:sin_pentium4.obj
 0002:0000b570       SC_2                       20052570     LIBCMT:sin_pentium4.obj
 0002:0000b580       SC_3                       20052580     LIBCMT:sin_pentium4.obj
 0002:0000b590       SC_4                       20052590     LIBCMT:sin_pentium4.obj
 0002:0000b5a0       PI32INV                    200525a0     LIBCMT:sin_pentium4.obj
 0002:0000b5a8       SHIFTER                    200525a8     LIBCMT:sin_pentium4.obj
 0002:0000b5b0       P_2                        200525b0     LIBCMT:sin_pentium4.obj
 0002:0000b5c0       P_1                        200525c0     LIBCMT:sin_pentium4.obj
 0002:0000b5c8       P_3                        200525c8     LIBCMT:sin_pentium4.obj
 0002:0000b5d0       TWO_POW_55                 200525d0     LIBCMT:sin_pentium4.obj
 0002:0000b5d8       TWO_POW_M55                200525d8     LIBCMT:sin_pentium4.obj
 0002:0000b5e0       ALL_ONES                   200525e0     LIBCMT:sin_pentium4.obj
 0002:0000b5e8       NEG_ZERO                   200525e8     LIBCMT:sin_pentium4.obj
 0002:0000b5f0       ONE                        200525f0     LIBCMT:sin_pentium4.obj
 0002:0000b670       _rterrs                    20052670     LIBCMT:crt0msg.obj
 0002:0000c1f0       __sehtable$__CRT_INIT@12   200531f0     LIBCMT:dllcrt0.obj
 0002:0000c210       __sehtable$___DllMainCRTStartup 20053210     LIBCMT:dllcrt0.obj
 0002:0000c230       __sehtable$__freefls@4     20053230     LIBCMT:tidtable.obj
 0002:0000c258       __sehtable$__initptd       20053258     LIBCMT:tidtable.obj
 0002:0000c280       __sehtable$___updatetlocinfo 20053280     LIBCMT:localref.obj
 0002:0000c2a0       __sehtable$___updatetmbcinfo 200532a0     LIBCMT:mbctype.obj
 0002:0000c2c0       __sehtable$__setmbcp       200532c0     LIBCMT:mbctype.obj
 0002:0000c2e0       __sehtable$__locterm       200532e0     LIBCMT:wsetloca.obj
 0002:0000c300       __sehtable$_doexit         20053300     LIBCMT:crt0dat.obj
 0002:0000c320       __sehtable$__ioinit        20053320     LIBCMT:ioinit.obj
 0002:0000c340       __sehtable$__mtinitlocknum 20053340     LIBCMT:mlock.obj
 0002:0000c360       __sehtable$__write         20053360     LIBCMT:write.obj
 0002:0000c380       __sehtable$__lseeki64      20053380     LIBCMT:lseeki64.obj
 0002:0000c3a0       __sehtable$___set_fpsr_sse2 200533a0     LIBCMT:fpctrl.obj
 0002:0000c3c0       __sehtable$__IsNonwritableInCurrentImage 200533c0     LIBCMT:pesect.obj
 0002:0000c3e0       __sehtable$__onexit        200533e0     LIBCMT:onexit.obj
 0002:0000c400       __sehtable$?terminate@@YAXXZ 20053400     LIBCMT:hooks.obj
 0002:0000c420       __sehtable$_raise          20053420     LIBCMT:winsig.obj
 0002:0000c440       __sehtable$__read          20053440     LIBCMT:read.obj
 0002:0000c460       __sehtable$__fcloseall     20053460     LIBCMT:closeall.obj
 0002:0000c480       __sehtable$_flsall         20053480     LIBCMT:fflush.obj
 0002:0000c4a8       __sehtable$___lock_fhandle 200534a8     LIBCMT:osfinfo.obj
 0002:0000c4c8       __sehtable$_fclose         200534c8     LIBCMT:fclose.obj
 0002:0000c4e8       __sehtable$__commit        200534e8     LIBCMT:commit.obj
 0002:0000c508       __sehtable$__close         20053508     LIBCMT:close.obj
 0002:0000c530       .edata                     20053530     qagamex86.exp
 0002:0000c558       rgpv                       20053558     qagamex86.exp
 0002:0000c560       rgszName                   20053560     qagamex86.exp
 0002:0000c568       rgwOrd                     20053568     qagamex86.exp
 0002:0000c56c       szName                     2005356c     qagamex86.exp
 0002:0000c57a       $N00001                    2005357a     qagamex86.exp
 0002:0000c583       $N00002                    20053583     qagamex86.exp
 0002:0000cb36       .idata$6                   20053b36     kernel32:KERNEL32.dll
 0003:00000000       _VEC_UP                    20054000     ai_dmq3.obj
 0003:0000000c       _MOVEDIR_UP                2005400c     ai_dmq3.obj
 0003:00000018       _VEC_DOWN                  20054018     ai_dmq3.obj
 0003:00000024       _MOVEDIR_DOWN              20054024     ai_dmq3.obj
 0003:00000990       ?range@?1??G_TouchTriggers@@9@9 20054990     g_active.obj
 0003:0000099c       _offsetFirst               2005499c     g_arenas.obj
 0003:000009a8       _offsetSecond              200549a8     g_arenas.obj
 0003:000009b4       _offsetThird               200549b4     g_arenas.obj
 0003:000009c0       _playerMins                200549c0     g_client.obj
 0003:000009cc       _playerMaxs                200549cc     g_client.obj
 0003:000009d8       _gc_orders                 200549d8     g_cmds.obj
 0003:000009f4       _gameNames                 200549f4     g_cmds.obj
 0003:00000a78       _gameCvarTable             20054a78     g_main.obj
 0003:00000f80       _gameCvarTableSize         20054f80     g_main.obj
 0003:00000f84       ?lastMod@?1??CheckCvars@@9@9 20054f84     g_main.obj
 0003:00001260       ?gametypeNames@?1??G_SpawnGEntityFromSpawnVars@@9@9 20055260     g_spawn.obj
 0003:00001284       _syscall                   20055284     g_syscalls.obj
 0003:00001288       _ctfFlagStatusRemap        20055288     g_team.obj
 0003:00001290       _oneFlagStatusRemap        20055290     g_team.obj
 0003:00001298       ?VEC_UP@?1??G_SetMovedir@@9@9 20055298     g_utils.obj
 0003:000012a4       ?MOVEDIR_UP@?1??G_SetMovedir@@9@9 200552a4     g_utils.obj
 0003:000012b0       ?VEC_DOWN@?1??G_SetMovedir@@9@9 200552b0     g_utils.obj
 0003:000012bc       ?MOVEDIR_DOWN@?1??G_SetMovedir@@9@9 200552bc     g_utils.obj
 0003:00001c10       _errtable                  20055c10     LIBCMT:dosmap.obj
 0003:00001d78       _ErrnoNoMem                20055d78     LIBCMT:dosmap.obj
 0003:00001d7c       _DoserrorNoMem             20055d7c     LIBCMT:dosmap.obj
 0003:000021a8       ___rgctypeflag             200561a8     LIBCMT:mbctype.obj
 0003:000021b0       ___rgcode_page_info        200561b0     LIBCMT:mbctype.obj
 0003:000024e0       _NAME_                     200564e0     LIBCMT:sqrt.obj
 0003:000024e8       __ctype_loc_style          200564e8     LIBCMT:wsetloca.obj
 0003:00002500       _NAME_                     20056500     LIBCMT:cos.obj
 0003:00002510       _NAME_                     20056510     LIBCMT:sin.obj
 0003:00002518       ?isPackaged@?1??__crtIsPackagedApp@@9@9 20056518     LIBCMT:winapisupp.obj
 0003:0000251c       _newcw                     2005651c     LIBCMT:ceil.obj
 0003:00002560       __locktable                20056560     LIBCMT:mlock.obj
 0003:00002680       _DoubleFormat              20056680     LIBCMT:intrncvt.obj
 0003:00002698       _FloatFormat               20056698     LIBCMT:intrncvt.obj
 0003:00002c60       ?_names@?1??_get_fname@@9@9 20056c60     LIBCMT:fpexcept.obj
 0003:00002d70       _over                      20056d70     LIBCMT:fpctrl.obj
 0003:00002d7c       _under                     20056d7c     LIBCMT:fpctrl.obj
 0003:00002d88       ?__DAZ_ENABLED@?1??__set_fpsr_sse2@@9@9 20056d88     LIBCMT:fpctrl.obj
 0003:00002ec0       ?maxclients@?1??BotNumActivePlayers@@9@9 20056ec0     ai_chat.obj
 0003:00002ec4       ?maxclients@?1??BotIsFirstInRankings@@9@9 20056ec4     ai_chat.obj
 0003:00002ec8       ?maxclients@?1??BotIsLastInRankings@@9@9 20056ec8     ai_chat.obj
 0003:00002ecc       ?name@?1??BotFirstClientInRankings@@9@9 20056ecc     ai_chat.obj
 0003:00002eec       ?maxclients@?1??BotFirstClientInRankings@@9@9 20056eec     ai_chat.obj
 0003:00002ef0       ?name@?1??BotLastClientInRankings@@9@9 20056ef0     ai_chat.obj
 0003:00002f10       ?maxclients@?1??BotLastClientInRankings@@9@9 20056f10     ai_chat.obj
 0003:00002f14       ?maxclients@?1??BotRandomOpponentName@@9@9 20056f14     ai_chat.obj
 0003:00002f18       ?name@?1??BotRandomOpponentName@@9@9 20056f18     ai_chat.obj
 0003:00002f38       ?mapname@?1??BotMapTitle@@9@9 20056f38     ai_chat.obj
 0003:00002fb8       ?maxclients@?1??FindClientByName@@9@9 20056fb8     ai_cmd.obj
 0003:00002fbc       ?maxclients@?1??FindEnemyByName@@9@9 20056fbc     ai_cmd.obj
 0003:00002fc0       ?maxclients@?1??NumPlayersOnSameTeam@@9@9 20056fc0     ai_cmd.obj
 0003:00002fc4       ?maxclients@?1??ClientFromName@@9@9 20056fc4     ai_dmq3.obj
 0003:00002fc8       ?maxclients@?1??ClientOnSameTeamFromName@@9@9 20056fc8     ai_dmq3.obj
 0003:00002fcc       ?local_time@?1??BotAIStartFrame@@9@9 20056fcc     ai_main.obj
 0003:00002fd0       ?botlib_residual@?1??BotAIStartFrame@@9@9 20056fd0     ai_main.obj
 0003:00002fd4       ?lastbotthink_time@?1??BotAIStartFrame@@9@9 20056fd4     ai_main.obj
 0003:00002fd8       ?maxclients@?1??BotNumTeamMates@@9@9 20056fd8     ai_team.obj
 0003:00002fdc       ?maxclients@?1??BotSortTeamMatesByBaseTravelTime@@9@9 20056fdc     ai_team.obj
 0003:00002fe0       ?maxclients@?1??BotTeamOrders@@9@9 20056fe0     ai_team.obj
 0003:00002fe8       _g_numBots                 20056fe8     g_bot.obj
 0003:00002fec       ?checkminimumplayers_time@?1??G_CheckMinimumPlayers@@9@9 20056fec     g_bot.obj
 0003:00002ff0       _g_botInfos                20056ff0     g_bot.obj
 0003:00003ff0       _g_arenaInfos              20057ff0     g_bot.obj
 0003:00004ff0       _botSpawnQueue             20058ff0     g_bot.obj
 0003:00005070       ?line@?1??ConcatArgs@@9@9  20059070     g_cmds.obj
 0003:00005470       ?i@?CC@??player_die@@9@9   20059470     g_combat.obj
 0003:00005478       _memoryPool                20059478     g_mem.obj
 0003:00045478       _allocPoint                20099478     g_mem.obj
 0003:00045480       _ipFilters                 20099480     g_svcmds.obj
 0003:00047480       _numIPFilters              2009b480     g_svcmds.obj
 0003:0004748c       ?index@?1??tv@@9@9         2009b48c     g_utils.obj
 0003:00047490       ?buff@?1??BuildShaderStateConfig@@9@9 2009b490     g_utils.obj
 0003:00048490       ?vecs@?1??tv@@9@9          2009c490     g_utils.obj
 0003:000484f0       ?index@?1??vtos@@9@9       2009c4f0     g_utils.obj
 0003:000484f8       ?str@?1??vtos@@9@9         2009c4f8     g_utils.obj
 0003:000485f8       _s_quadFactor              2009c5f8     g_weapon.obj
 0003:000485fc       _forward                   2009c5fc     g_weapon.obj
 0003:00048608       _right                     2009c608     g_weapon.obj
 0003:00048614       _up                        2009c614     g_weapon.obj
 0003:00048620       _muzzle                    2009c620     g_weapon.obj
 0003:00048638       ?bops_initialized@?1??BoxOnPlaneSide@@9@9 2009c638     q_math.obj
 0003:0004863c       ?Ljmptab@?1??BoxOnPlaneSide@@9@9 2009c63c     q_math.obj
 0003:0004865c       ?sr@?1??AngleVectors@@9@9  2009c65c     q_math.obj
 0003:00048660       ?sp@?1??AngleVectors@@9@9  2009c660     q_math.obj
 0003:00048664       ?sy@?1??AngleVectors@@9@9  2009c664     q_math.obj
 0003:00048668       ?cr@?1??AngleVectors@@9@9  2009c668     q_math.obj
 0003:0004866c       ?cp@?1??AngleVectors@@9@9  2009c66c     q_math.obj
 0003:00048670       ?cy@?1??AngleVectors@@9@9  2009c670     q_math.obj
 0003:00048678       ?index@?1??va@@9@9         2009c678     q_shared.obj
 0003:0004867c       ?valueindex@?1??Info_ValueForKey@@9@9 2009c67c     q_shared.obj
 0003:00048680       _com_token                 2009c680     q_shared.obj
 0003:00048a80       _com_parsename             2009ca80     q_shared.obj
 0003:00048e80       _com_lines                 2009ce80     q_shared.obj
 0003:00048e88       ?string@?1??COM_ParseError@@9@9 2009ce88     q_shared.obj
 0003:00049e88       ?string@?1??COM_ParseWarning@@9@9 2009de88     q_shared.obj
 0003:0004ae88       ?string@?1??va@@9@9        2009ee88     q_shared.obj
 0003:0005a888       ?value@?1??Info_ValueForKey@@9@9 200ae888     q_shared.obj
 0003:0005e890       _GS_ExceptionRecord        200b2890     LIBCMT:gs_report.obj
 0003:0005e8e0       _GS_ContextRecord          200b28e0     LIBCMT:gs_report.obj
 0003:0005ebac       _DebuggerWasPresent        200b2bac     LIBCMT:gs_report.obj
 0003:0005ebb8       ___proc_attached           200b2bb8     LIBCMT:dllcrt0.obj
 0003:0005ebe0       _fSystemSet                200b2be0     LIBCMT:mbctype.obj
 0003:0005ebe4       __pmatherr_set             200b2be4     LIBCMT:libm_error.obj
 0003:0005ed28       ?_pgmname@?1??_setargv@@9@9 200b2d28     LIBCMT:stdargv.obj
 0003:0005ee38       _lclcritsects              200b2e38     LIBCMT:mlock.obj
 0003:0005ef94       ___crtCallProc             200b2f94     LIBCMT:winapinls.obj
 0003:0005ef9c       ___enable_percent_n        200b2f9c     LIBCMT:printf.obj
 0003:0005efa8       ?outmsg@?9??_NMSG_WRITE@@9@9 200b2fa8     LIBCMT:crt0msg.obj
 0003:0005f5dc       _ctrlc_action              200b35dc     LIBCMT:winsig.obj
 0003:0005f5e0       _ctrlbreak_action          200b35e0     LIBCMT:winsig.obj
 0003:0005f5e4       _abort_action              200b35e4     LIBCMT:winsig.obj
 0003:0005f5e8       _term_action               200b35e8     LIBCMT:winsig.obj
 0003:0005f5ec       _ConsoleCtrlHandler_Installed 200b35ec     LIBCMT:winsig.obj
 0003:0005f5f0       _g_pfnRtlGenRandom         200b35f0     LIBCMT:rand_s.obj
 0003:0005f604       ?pfnMessageBox@?1??__crtMessageBoxW@@9@9 200b3604     LIBCMT:crtmboxw.obj
 0003:0005f608       ?pfnGetActiveWindow@?1??__crtMessageBoxW@@9@9 200b3608     LIBCMT:crtmboxw.obj
 0003:0005f60c       ?pfnGetLastActivePopup@?1??__crtMessageBoxW@@9@9 200b360c     LIBCMT:crtmboxw.obj
 0003:0005f610       ?pfnGetProcessWindowStation@?1??__crtMessageBoxW@@9@9 200b3610     LIBCMT:crtmboxw.obj
 0003:0005f614       ?pfnGetUserObjectInformation@?1??__crtMessageBoxW@@9@9 200b3614     LIBCMT:crtmboxw.obj
 0004:00000060       $R000000                   201a4060     * linker generated manifest res *
